kernel:
  ' []': 'kernel: [   20.426504] The new WDS interface MAC = 00:00:00:00:00:00, MacTabMatchWCID
    = 0'
  ' klogd started': 'kernel: klogd started: BusyBox v1.25.1 (2022-03-24 17:35:07 CST)'
  ' 3A': 'kernel: 3A:A2:6B:C4:7D:E8 not exist in UDB, can''t delete it'
  ' br0': 'kernel: br0: received packet on eth6 with own address as source address'
  ' 58': 'kernel: 58:B6:23:10:1E:89 not mesh client, can''t delete it'
  ' ^[]': 'kernel: ^[[0;33;41m[ERROR pktrunner] runnerUcast_inet6addr_event,187: Could
    not rdpa_system_ipv6_host_address_table_find ret=-5^[[0m'
  ' ubi1': 'kernel: ubi1: attaching mtd10'
  ' NOTE': 'kernel: NOTE: Using Port Grouping for IMP ports : [ 0 --> 4 ] [ 1, 2 -->
    5 ] [ 3, 7 --> 8 ] '
  ' eth5 (Ext switch port': 'kernel: eth5 (Ext switch port: 7) (Logical Port: 15)
    (phyId: 1e) Link DOWN.'
  ' UBIFS (ubi1': 'kernel: UBIFS (ubi1:0): background thread "ubifs_bgt1_0" started,
    PID 2185'
  ? ' Linux version 4.1.51 (gitserv_asus@tpbuildsvrvu01) (gcc version 5.5.0 (Buildroot
    2017.11.1) ) #4 SMP PREEMPT Mon Jan 10 13'
  : 'kernel: Linux version 4.1.51 (gitserv_asus@tpbuildsvrvu01) (gcc version 5.5.0
    (Buildroot 2017.11.1) ) #4 SMP PREEMPT Mon Jan 10 13:28:40 CST 2022'
  ' CPU': 'kernel: CPU: AArch64 Processor [420f1000] revision 0'
  ' Kernel command line': 'kernel: Kernel command line: coherent_pool=4M cpuidle_sysfs_switch
    pci=pcie_bus_safe rootwait'
  ' Virtual kernel memory layout': 'kernel: Virtual kernel memory layout:'
  '     vmalloc ': 'kernel:     vmalloc : 0xffffff8000000000 - 0xffffffbdffff0000   (   247
    GB)'
  '     vmemmap ': 'kernel:     vmemmap : 0xffffffbe00000000 - 0xffffffbfc0000000   (     7
    GB maximum)'
  '     fixed   ': 'kernel:     fixed   : 0xffffffbffabfd000 - 0xffffffbffac00000   (    12
    KB)'
  '     PCI I/O ': 'kernel:     PCI I/O : 0xffffffbffae00000 - 0xffffffbffbe00000   (    16
    MB)'
  '     modules ': 'kernel:     modules : 0xffffffbffc000000 - 0xffffffc000000000   (    64
    MB)'
  '     memory  ': 'kernel:     memory  : 0xffffffc000000000 - 0xffffffc040000000   (  1024
    MB)'
  '       .init ': 'kernel:       .init : 0xffffffc0006ba000 - 0xffffffc0006f2000   (   224
    KB)'
  '       .text ': 'kernel:       .text : 0xffffffc000080000 - 0xffffffc0006b9204   (  6373
    KB)'
  '       .data ': 'kernel:       .data : 0xffffffc0006f3000 - 0xffffffc0007bd8c0   (   811
    KB)'
  ' init_timers': 'kernel: init_timers: timer_function_timeout virt addr 0xffffffc00070ce88'
  ' pmc_init': 'kernel: pmc_init:PMC using DQM mode'
  ' cfe-v^A': 'kernel: cfe-v^A: 1.0.38-163.181'
  ' CPU1': 'kernel: CPU1: Booted secondary processor'
  ' CPU2': 'kernel: CPU2: Booted secondary processor'
  ' CPU3': 'kernel: CPU3: Booted secondary processor'
  ' net_dev_init': 'kernel: net_dev_init: process_backlog_timeout virt addr 0xffffffc0007af9b0'
  ' setup_mtd_parts': 'kernel: setup_mtd_parts: misc indx 2 name misc3 nvram configured
    size 1 '
  ' Creating 11 MTD partitions on "brcmnand.0"': 'kernel: Creating 11 MTD partitions
    on "brcmnand.0":'
  ' 0x000005d40000-0x00000af00000 ': 'kernel: 0x000005d40000-0x00000af00000 : "rootfs"'
  ' 0x000000620000-0x000005800000 ': 'kernel: 0x000000620000-0x000005800000 : "rootfs_update"'
  ' 0x00000f700000-0x00000ff00000 ': 'kernel: 0x00000f700000-0x00000ff00000 : "data"'
  ' 0x000000000000-0x000000100000 ': 'kernel: 0x000000000000-0x000000100000 : "nvram"'
  ' 0x000000100000-0x000005800000 ': 'kernel: 0x000000100000-0x000005800000 : "image_update"'
  ' 0x000005800000-0x00000af00000 ': 'kernel: 0x000005800000-0x00000af00000 : "image"'
  ' 0x000005800000-0x000005d20000 ': 'kernel: 0x000005800000-0x000005d20000 : "bootfs"'
  ' 0x000000100000-0x000000600000 ': 'kernel: 0x000000100000-0x000000600000 : "bootfs_update"'
  ' 0x00000f600000-0x00000f700000 ': 'kernel: 0x00000f600000-0x00000f700000 : "misc3"'
  ' 0x00000b700000-0x00000f600000 ': 'kernel: 0x00000b700000-0x00000f600000 : "misc2"'
  ' 0x00000af00000-0x00000b700000 ': 'kernel: 0x00000af00000-0x00000b700000 : "misc1"'
  ' brcmboard': 'kernel: brcmboard: brcm_board_init entry'
  ' print_rst_status': 'kernel: print_rst_status: Last RESET due to SW reset'
  ' map_hw_timer_interrupt,127': 'kernel: map_hw_timer_interrupt,127: interrupt_id
    22'
  ' Registering button 0 (ffffffc00080d7a8) (bpGpio': 'kernel: Registering button
    0 (ffffffc00080d7a8) (bpGpio: 00008004, bpExtIrq:00000000 (0))'
  '     extIrqIdx': 'kernel:     extIrqIdx:0, gpioNum:4 ACTIVE LOW'
  ' Registering button 1 (ffffffc00080d868) (bpGpio': 'kernel: Registering button
    1 (ffffffc00080d868) (bpGpio: 0000801d, bpExtIrq:00000001 (1))'
  ' Registering button 2 (ffffffc00080d928) (bpGpio': 'kernel: Registering button
    2 (ffffffc00080d928) (bpGpio: 0000801b, bpExtIrq:00000001 (1))'
  ' genirq': 'kernel: genirq: Flags mismatch irq 36. 00000000 (brcm_36) vs. 00000000
    (brcm_36)'
  ' registerBtns': 'kernel: registerBtns: Button index 3 out of range (max 3)'
  ' bcm_i2c': 'kernel: bcm_i2c: i2c bus 0 polling mode (mod_abs_gpio 255)'
  ' BPM': 'kernel: BPM: tot_mem_size=1073741824B (1024MB), '
  ' ubi0': 'kernel: ubi0: attaching mtd0'
  ' UBIFS (ubi0': 'kernel: UBIFS (ubi0:0): UBIFS: mounted UBI device 0, volume 0,
    name "rootfs_ubifs", R/O mode'
  ' jffs2': 'kernel: jffs2: notice: (93) jffs2_build_xattr_subsystem: complete building
    xattr subsystem, 0 of xdatum (0 unchecked, 0 orphan) and 0 of xref (0 dead, 0
    orphan) found.'
  ' wlcsm': 'kernel: wlcsm: module license ''Proprietary'' taints kernel.'
  ' configure_runner': 'kernel: configure_runner: NATC keysize 0x100070 key element
    size 16 contextsize 0x400000 context element size 64'
  '  RDP PKT memory = 32MB ': 'kernel:  RDP PKT memory = 32MB : Max Possible Bufs
    <16384> of size <2048>; Allocating <15360> bufs; RDP enum <5>'
  ' brcmchipinfo': 'kernel: brcmchipinfo: brcm_chipinfo_init entry'
  ' crossbar[]': 'kernel: crossbar[0]: Allocated cb_idx=0 int_ep=0'
  ' crossbar Mux': 'kernel: crossbar Mux: connect cb_idx:0  int_ep 0 to ext_ep 0'
  ' 84880   B0 ae02': 'kernel: 84880   B0 ae02:5159 --> N/A'
  ' 84881   B0 ae02': 'kernel: 84881   B0 ae02:5151 --> N/A'
  ' 84884   B0 ae02': 'kernel: 84884   B0 ae02:5149 --> N/A'
  ' 84884E  B0 ae02': 'kernel: 84884E  B0 ae02:5169 --> N/A'
  ' 84885   B0 ae02': 'kernel: 84885   B0 ae02:5179 --> N/A'
  ' 84886   B0 ae02': 'kernel: 84886   B0 ae02:5171 --> N/A'
  ' 84887   B0 ae02': 'kernel: 84887   B0 ae02:5145 --> N/A'
  ' 84888   B0 ae02': 'kernel: 84888   B0 ae02:5141 --> N/A'
  ' 84888E  B0 ae02': 'kernel: 84888E  B0 ae02:5161 --> N/A'
  ' 84888S  B0 ae02': 'kernel: 84888S  B0 ae02:5175 --> N/A'
  ' 84891   B0 3590': 'kernel: 84891   B0 3590:5091 --> N/A'
  ' 54991   B0 3590': 'kernel: 54991   B0 3590:5095 --> N/A'
  ' 54991E  B0 3590': 'kernel: 54991E  B0 3590:5099 --> 0x1e '
  ' 84891L  B0 3590': 'kernel: 84891L  B0 3590:5081 --> N/A'
  ' 54991L  B0 3590': 'kernel: 54991L  B0 3590:5085 --> N/A'
  ' 54991EL B0 3590': 'kernel: 54991EL B0 3590:5089 --> N/A'
  ' 84892   B0 3590': 'kernel: 84892   B0 3590:50a1 --> N/A'
  ' 54992   B0 3590': 'kernel: 54992   B0 3590:50a5 --> N/A'
  ' 54992E  B0 3590': 'kernel: 54992E  B0 3590:50a9 --> N/A'
  ' 84894   B0 3590': 'kernel: 84894   B0 3590:50b1 --> N/A'
  ' 54994   B0 3590': 'kernel: 54994   B0 3590:50b5 --> N/A'
  ' 54994E  B0 3590': 'kernel: 54994E  B0 3590:50b9 --> N/A'
  ' 54991H  B0 3590': 'kernel: 54991H  B0 3590:50d1 --> N/A'
  ' 54994H  B0 3590': 'kernel: 54994H  B0 3590:50f1 --> N/A'
  ' Firmware version': 'kernel: Firmware version: Blackfin B0 v01-00-12-2019-06-06'
  ' Loading firmware into phys': 'kernel: Loading firmware into phys: map=0x40000000'
  ' Verify that the processors are running': 'kernel: Verify that the processors are
    running: OK'
  ' Verify that the firmware has been loaded with good CRC': 'kernel: Verify that
    the firmware has been loaded with good CRC: OK'
  ' ### PHY': 'kernel: ### PHY: 5499X series, enable pair swap! ###'
  ' Unsupported MII type': 'kernel: Unsupported MII type: 0'
  ' eth0': 'kernel: eth0: <Int sw port: 3> <Logical : 03> MAC : F0:2F:74:56:78:00'
  '     Chip Physical Port 10, Cross Bar Port 1, PHY_ID <0x0007f00c': 'kernel:     Chip
    Physical Port 10, Cross Bar Port 1, PHY_ID <0x0007f00c:0x0c:On-chip GPHY >'
  ' eth1': 'kernel: eth1: <Ext sw port: 0> <Logical : 08> PHY_ID <0x0007f008:0x08:On-chip
    GPHY> MAC:F0:2F:74:56:78:00'
  ' eth2': 'kernel: eth2: <Ext sw port: 1> <Logical : 09> PHY_ID <0x0007f009:0x09:On-chip
    GPHY> MAC:F0:2F:74:56:78:00'
  ' eth3': 'kernel: eth3: <Ext sw port: 2> <Logical : 10> PHY_ID <0x0007f00a:0x0a:On-chip
    GPHY> MAC:F0:2F:74:56:78:00'
  ' eth4': 'kernel: eth4: <Ext sw port: 3> <Logical : 11> PHY_ID <0x0007f00b:0x0b:On-chip
    GPHY> MAC:F0:2F:74:56:78:00'
  ' eth5': 'kernel: eth5: <Ext sw port: 7> <Logical : 15> MAC : F0:2F:74:56:78:00'
  '     Chip Physical Port  9, Cross Bar Port 0, PHY_ID <0x06180006': 'kernel:     Chip
    Physical Port  9, Cross Bar Port 0, PHY_ID <0x06180006:0x06:On-chip SERDES >'
  '                                              PHY_ID <0x0308001e': 'kernel:                                              PHY_ID
    <0x0308001e:0x1e:External Cascaded Claus45 EXT3>'
  ' dgasp': 'kernel: dgasp: kerSysRegisterDyingGaspHandler: bcmsw registered '
  '   bcm963xx-pcie': 'kernel:   bcm963xx-pcie: found port [0] GEN2 Core Rev [3.04]
    with 1 Lanes^M'
  ' pci 0000': 'kernel: pci 0000:00:00.0: of_irq_parse_pci() failed with rc=-22'
  ' pci 0001': 'kernel: pci 0001:00:00.0: of_irq_parse_pci() failed with rc=-22'
  ' pci 0002': 'kernel: pci 0002:00:00.0: of_irq_parse_pci() failed with rc=-22'
  ' broadcomThermalDrv brcm-therm': 'kernel: broadcomThermalDrv brcm-therm: init (CPU
    count 4 4 4 4)'
  ' Warning': 'kernel: Warning: Setting MAC address of eth0 while it is ifconfig UP'
  ' igs_module_init': "kernel: igs_module_init:867:\t IGS 18 create network socket\
    \ successful"
  ' dpsta_init': 'kernel: dpsta_init: msglevel set to 0x1'
  ' DHD_FKB_POOL size is': 'kernel: DHD_FKB_POOL size is:1280 and entry size:2816'
  ' DHD_PKTTAG POOL size is': 'kernel: DHD_PKTTAG POOL size is:2592 and entry size:128'
  ' PCI_PROBE': 'kernel: PCI_PROBE:  bus 1, slot 0,vendor 14E4, device AAA4(good PCI
    location)'
  ' dor0': 'kernel: dor0: runner supported ring format types TxP 0x5, RxP 0x3 TxC
    0x3 RxC 0x3^M'
  ' dhd_runner_attach': 'kernel: dhd_runner_attach: Tx Offload - Enabled, Ring Size
    = 1024'
  ' TX wakeup info': 'kernel: TX wakeup info: reg = <0x82299004>, val = <0x10000000>'
  ' RX wakeup info': 'kernel: RX wakeup info: reg = <0x8229a004>, val = <0x28000000>'
  ' dhd_attach()': 'kernel: dhd_attach(): thread:dhd_watchdog_thread:278 started'
  '  ^[]': 'kernel:  ^[[1m^[[34m wfd_bind: Dev eth%d wfd_idx 0 wl_radio_idx 0 Type
    fkb configured WFD thread wfd0-thrd minQId/maxQId (8/9), status (0) qmask 0x3^[[0m'
  ' dhd_runner_flowmgr_init': 'kernel: dhd_runner_flowmgr_init: dhd0_rnr bootmem addr<ffffffc00a600000>
    size<14680064>'
  ' dhd_runner_profile_init': 'kernel: dhd_runner_profile_init: N+M profile = 3 01:1024/0512
    -1:2048/1024 -1:1024/0512 -1:0512/0512 00:0512/0512'
  ' dhd_runner_policy_init': 'kernel: dhd_runner_policy_init: N+M Policy = 0 1 (HW)'
  " \trx_post_flow_ring_base_addr ": "kernel: \trx_post_flow_ring_base_addr : ffffffc02ee54000"
  " \ttx_post_flow_ring_base_addr ": "kernel: \ttx_post_flow_ring_base_addr : ffffffc00a5d8000"
  " \trx_complete_flow_ring_base_addr ": "kernel: \trx_complete_flow_ring_base_addr\
    \ : ffffffc02ee58000"
  " \ttx_complete_flow_ring_base_addr ": "kernel: \ttx_complete_flow_ring_base_addr\
    \ : ffffffc02ee56000"
  " \tr2d_wr_arr_base_addr ": "kernel: \tr2d_wr_arr_base_addr : ffffff80011a3000"
  " \td2r_rd_arr_base_addr ": "kernel: \td2r_rd_arr_base_addr : ffffff80011a3802"
  " \tr2d_rd_arr_base_addr ": "kernel: \tr2d_rd_arr_base_addr : ffffff80011a4000"
  " \td2r_wr_arr_base_addr ": "kernel: \td2r_wr_arr_base_addr : ffffff80011a3c02"
  " \ttx_post_mgmt_arr_base_addr ": "kernel: \ttx_post_mgmt_arr_base_addr : ffffff80011a4800"
  " \ttx_post_mgmt_arr_base_phys_addr ": "kernel: \ttx_post_mgmt_arr_base_phys_addr\
    \ : 0x2f361800"
  " \tr2d_wr_arr_base_phys_addr ": "kernel: \tr2d_wr_arr_base_phys_addr : 0x2f360000"
  " \td2r_rd_arr_base_phys_addr ": "kernel: \td2r_rd_arr_base_phys_addr : 0x2f360802"
  " \tr2d_rd_arr_base_phys_addr ": "kernel: \tr2d_rd_arr_base_phys_addr : 0x2f361000"
  " \td2r_wr_arr_base_phys_addr ": "kernel: \td2r_wr_arr_base_phys_addr : 0x2f360c02"
  " \tDoorbell Post Wakeup register ": "kernel: \tDoorbell Post Wakeup register :\
    \ phy_addr: 0xe0802160, virt_addr: ffffff80011b2160"
  " \tDoorbell Complete Wakeup register ": "kernel: \tDoorbell Complete Wakeup register\
    \ : phy_addr: 0xe0802164, virt_addr: ffffff80011b2164"
  " \tDoorbell ISR ": "kernel: \tDoorbell ISR : ffffffbffc6d4d80"
  " \tDoorbell CTX ": "kernel: \tDoorbell CTX : ffffffc02fb67000"
  " \tflow_ring_format ": "kernel: \tflow_ring_format : 1"
  " \tidma_active ": "kernel: \tidma_active : 1"
  ' Backup queue configuration': 'kernel: Backup queue configuration:'
  ' Backup queue entries': 'kernel: Backup queue entries: total = 58250  shared by
    all radios'
  ' Register interface []': 'kernel: Register interface [eth6]  MAC: f0:2f:74:56:78:00'
  ' dor1': 'kernel: dor1: runner supported ring format types TxP 0x5, RxP 0x3 TxC
    0x3 RxC 0x3^M'
  ' dor2': 'kernel: dor2: runner supported ring format types TxP 0x5, RxP 0x3 TxC
    0x3 RxC 0x3^M'
  ' random': 'kernel: random: init urandom read with 15 bits of entropy available'
  ' proc_dostring_crashlogsave': 'kernel: proc_dostring_crashlogsave:  crash log filename
    is /jffs/crashlog.log'
  ' crashFileSet': 'kernel: crashFileSet: log signature invalid ! '
  ' ret 0 retlen 65536 buff <6>IPv6': 'kernel: ret 0 retlen 65536 buff <6>IPv6: ADDRCONF(NETDEV_UP):
    eth1: link is not ready'
  ' netdev path ': 'kernel: netdev path : eth0.v0 -> eth0'
  ' tfat': 'kernel: tfat: loading out-of-tree module taints kernel.'
  ' eth0 (Int switch port': 'kernel: eth0 (Int switch port: 3) (Logical Port: 3) (phyId:
    c) Link UP at 1000 mbps full duplex'
  ' SHN Release Version': 'kernel: SHN Release Version: 2.0.2 36f59aa'
  ' UDB Core Version': 'kernel: UDB Core Version: 0.2.20'
  ' net_ratelimit': 'kernel: net_ratelimit: 1 callbacks suppressed'
  ' DROP IN=eth0 OUT= MAC=01': 'kernel: DROP IN=eth0 OUT= MAC=01:00:5e:00:00:01:00:04:96:9c:4f:53:08:00
    SRC=150.117.103.65 DST=224.0.0.1 LEN=32 TOS=0x00 PREC=0xC0 TTL=1 ID=2829 OPT (94040000)
    PROTO=2 MARK=0x8000000 '
  ' DROP IN=eth0 OUT= MAC=78': 'kernel: DROP IN=eth0 OUT= MAC=78:24:af:3b:3c:ac:00:04:96:9c:4f:53:08:00
    SRC=101.12.89.45 DST=218.35.222.162 LEN=100 TOS=0x08 PREC=0x20 TTL=111 ID=416
    PROTO=UDP SPT=46454 DPT=61630 LEN=80 MARK=0x8000000 '
  ' ACCEPT IN=eth0 OUT=br0 MAC=78': 'kernel: ACCEPT IN=eth0 OUT=br0 MAC=78:24:af:3b:3c:ac:00:04:96:9c:4f:53:08:00
    SRC=193.3.19.240 DST=192.168.50.233 LEN=40 TOS=0x00 PREC=0x00 TTL=232 ID=60630
    PROTO=TCP SPT=50443 DPT=1043 SEQ=3468965479 ACK=0 WINDOW=1024 RES=0x00 SYN URGP=0
    MARK=0x8000000 '
  ' hub 1-0': 'kernel: hub 1-0:1.0: config failed, hub doesn''t have any ports! (err
    -19)'
  ? ' Linux version 4.1.51 (gitserv_asus@asuswrt-build-server) (gcc version 5.5.0
    (Buildroot 2017.11.1) ) #4 SMP PREEMPT Thu Jan 7 18'
  : 'kernel: Linux version 4.1.51 (gitserv_asus@asuswrt-build-server) (gcc version
    5.5.0 (Buildroot 2017.11.1) ) #4 SMP PREEMPT Thu Jan 7 18:01:08 CST 2021'
  ' 0x000005d20000-0x00000af00000 ': 'kernel: 0x000005d20000-0x00000af00000 : "rootfs"'
  ' 0x0000005c0000-0x000005800000 ': 'kernel: 0x0000005c0000-0x000005800000 : "rootfs_update"'
  ' 0x000005800000-0x000005d00000 ': 'kernel: 0x000005800000-0x000005d00000 : "bootfs"'
  ' 0x000000100000-0x0000005a0000 ': 'kernel: 0x000000100000-0x0000005a0000 : "bootfs_update"'
  ' Registering button 0 (ffffffc00080e2c8) (bpGpio': 'kernel: Registering button
    0 (ffffffc00080e2c8) (bpGpio: 00008004, bpExtIrq:00000000 (0))'
  ' Registering button 1 (ffffffc00080e388) (bpGpio': 'kernel: Registering button
    1 (ffffffc00080e388) (bpGpio: 0000801d, bpExtIrq:00000001 (1))'
  ' Registering button 2 (ffffffc00080e448) (bpGpio': 'kernel: Registering button
    2 (ffffffc00080e448) (bpGpio: 0000801b, bpExtIrq:00000001 (1))'
  ' 0x000000640000-0x000005800000 ': 'kernel: 0x000000640000-0x000005800000 : "rootfs"'
  ' 0x000000100000-0x000000620000 ': 'kernel: 0x000000100000-0x000000620000 : "bootfs"'
  ' gluebi (pid 1)': 'kernel: gluebi (pid 1): gluebi_resized: got update notification
    for unknown UBI device 0 volume 0'
  '  *** ERROR': 'kernel:  *** ERROR: [send_redir_page:625] # redir_url=http://192.168.50.1:80/blocking.asp?cat_id=94&mac=9C5A81D92290&domain=sw.wpu.sh'
  ' BPM Skbuff Pool': 'kernel: BPM Skbuff Pool: avail 45756 total 45756 bound 57195'
  ' crashLogErase': 'kernel: crashLogErase: write 1 blocks  data_offset 131072 '
  ' eth3 (Ext switch port': 'kernel: eth3 (Ext switch port: 2) (Logical Port: 10)
    (phyId: a) Link UP at 10 mbps full duplex'
  ' eth2 (Ext switch port': 'kernel: eth2 (Ext switch port: 1) (Logical Port: 9) (phyId:
    9) Link UP at 1000 mbps full duplex'
  ' scsi 0': 'kernel: scsi 0:0:0:0: Direct-Access     JetFlash Transcend 32GB   1100
    PQ: 0 ANSI: 4'
  ' sd 0': 'kernel: sd 0:0:0:0: Attached scsi generic sg0 type 0'
  ' WARNING': 'kernel: WARNING: CPU: 1 PID: 0 at kernel/time/timer.c:1190 call_timer_fn.isra.6+0x90/0xc0()'
  ' timer': 'kernel: timer: 0xffffffc03ffc7b80 preempt leak: 0070c580 -> 00000101'
  ' Modules linked in': 'kernel: Modules linked in: sr_mod init_addr(          (null)
    -           (null)), core_addr(ffffffbffcada000 - ffffffbffcadc308)'
  '  []': 'kernel:  [last unloaded: nf_conntrack_ftp]'
  ' Hardware name': 'kernel: Hardware name: Broadcom-v8A (DT)'
  ' Call trace': 'kernel: Call trace:'
  ' bdc0': 'kernel: bdc0: 65424c38 00000448 00000000 00000080 3e8cbf10 ffffffc0 00370adc
    ffffffc0'
  ' bde0': 'kernel: bde0: 65424c38 00000448 7c000000 000f84ae 00012807 00000000 14000000
    00000000'
  ' be00': 'kernel: be00: 00888d9e 00000000 00000018 00000000 f0000000 000f6d8d 32b10168
    ffffffc0'
  ' be20': 'kernel: be20: 3e8b2630 ffffffc0 3e8cbec0 ffffffc0 001e1254 00000000 001debe8
    00000000'
  ' be40': 'kernel: be40: 00000000 00000000 fff5b330 00000000 f6a16fb8 00000000 00000000
    00000000'
  ' be60': 'kernel: be60: 000f5610 ffffffc0 00000000 00000000 00000000 00000000 65424c38
    00000448'
  ' be80': 'kernel: be80: 3ffc62f8 ffffffc0 00000001 00000000 00000001 00000000 65331ab0
    00000448'
  ' bea0': 'kernel: bea0: 3e8c8000 ffffffc0 007bd000 ffffffc0 006f0000 ffffffc0 3ffc62f8
    ffffffc0'
  ' bec0': 'kernel: bec0: 0072d1c0 ffffffc0 3e8cbf10 ffffffc0 00370ad4 ffffffc0 3e8cbf10
    ffffffc0'
  ' bee0': 'kernel: bee0: 00370adc ffffffc0 60000145 00000000'
  ' softirq': 'kernel: softirq: huh, entered softirq 1 TIMER ffffffc0000dbb28 with
    preempt_count 00000101, exited with 0070c580?'
  ' FPM Pool 0': 'kernel: FPM Pool 0: invalid token 0x01838000 freed'
  ' FPM Pool 1': 'kernel: FPM Pool 1: invalid token 0x216d8000 freed'
  ' INFO': 'kernel: INFO: rcu_preempt detected stalls on CPUs/tasks: { 2} (detected
    by 0, t=60002 jiffies, g=121034, c=121033, q=22092)'
  ' 8C': 'kernel: 8C:85:90:5C:86:1B not mesh client, can''t update it''s ip'
  ' 20': 'kernel: 20:E2:A8:2E:F1:7E not mesh client, can''t update it''s ip'
  ' 54': 'kernel: 54:33:CB:8A:4C:86 not mesh client, can''t update it''s ip'
  ' 66': 'kernel: 66:91:86:D2:A5:C0 not mesh client, can''t delete it'
  ' AC': 'kernel: AC:1F:74:03:AC:8C not mesh client, can''t update it''s ip'
  ' F4': 'kernel: F4:46:37:28:B3:42 not mesh client, can''t delete it'
  ' eth4 (Ext switch port': 'kernel: eth4 (Ext switch port: 3) (Logical Port: 11)
    (phyId: b) Link DOWN.'
  ' 94': 'kernel: 94:EA:32:7D:4E:A2 not mesh client, can''t update it''s ip'
  ' 70': 'kernel: 70:AF:24:AC:AE:BF not mesh client, can''t update it''s ip'
  ' 6A': 'kernel: 6A:FC:67:FA:C3:A5 not mesh client, can''t update it''s ip'
  ' 28': 'kernel: 28:C7:09:B8:5F:A9 not mesh client, can''t update it''s ip'
  ' 00': 'kernel: 00:11:32:48:5E:2B not exist in UDB, can''t delete it'
  ' DUMP CONSOLE': 'kernel: DUMP CONSOLE: ph_req<0>'
  ' dhdpcie_checkdied': 'kernel: dhdpcie_checkdied: console address : 0x0024D73C'
  ' 18': 'kernel: 18:B4:30:A7:8B:70 not mesh client, can''t delete it'
  ' eth1 (Ext switch port': 'kernel: eth1 (Ext switch port: 0) (Logical Port: 8) (phyId:
    8) Link DOWN.'
  ' 24': 'kernel: 24:6F:28:D9:20:38 not mesh client, can''t update it''s ip'
  ' 3C': 'kernel: 3C:6A:9D:15:D8:1C not mesh client, can''t update it''s ip'
  ' FE': 'kernel: FE:01:51:47:6A:85 not mesh client, can''t update it''s ip'
  ' 3ea0': 'kernel: 3ea0: 00400000 00000000 00000000 00000000 ffffffff ffffffff f6f7f2f8
    00000000'
  ' 3ec0': 'kernel: 3ec0: 005bdeac 00000000 00094467 00000000 00000072 00000000 00000063
    00000000'
  ' 3ee0': 'kernel: 3ee0: 005bde98 00000000 00094467 00000000 00094467 00000000 00000001
    00000000'
  ' 3f00': 'kernel: 3f00: ffb91c8a 00000000 0009406f 00000000 0009166a 00000000 0009406f
    00000000'
  ' 3f20': 'kernel: 3f20: f6f93020 00000000 f6cf1d78 00000000 f6f7f308 00000000 00000000
    00000000'
  ' 3f40': 'kernel: 3f40: 00000000 00000000 00000000 00000000 00000000 00000000 00000000
    00000000'
  ' 3f60': 'kernel: 3f60: 00000000 00000000 00000000 00000000 00000000 00000000 00000000
    00000000'
  ' 3f80': 'kernel: 3f80: 00000000 00000000 00000000 00000000 00000000 00000000 00000000
    00000000'
  ' 3fa0': 'kernel: 3fa0: 00000000 00000000 00000000 00000000 00000000 00000000 00000000
    00000000'
  ' 3fc0': 'kernel: 3fc0: f6f7f2f8 00000000 200f0010 00000000'
  ' map_hw_timer_interrupt,162': 'kernel: map_hw_timer_interrupt,162: interrupt_id
    68'
  ' Creating 3 MTD partitions on "brcmnand.0"': 'kernel: Creating 3 MTD partitions
    on "brcmnand.0":'
  ' 0x000000000000-0x000000200000 ': 'kernel: 0x000000000000-0x000000200000 : "loader"'
  ' 0x000000200000-0x00000fe00000 ': 'kernel: 0x000000200000-0x00000fe00000 : "image"'
  ' 0x00000fe00000-0x00000fe80000 ': 'kernel: 0x00000fe00000-0x00000fe80000 : "crashlog"'
  ' bcm63xx-hsspi ff801000.spi': 'kernel: bcm63xx-hsspi ff801000.spi: spi driver using
    polling mode'
  ' RESET reason': 'kernel: RESET reason: 0x00000000'
  ' Registered phy device': 'kernel: Registered phy device: EGPHY:0x1'
  ' MPM': 'kernel: MPM: virt_base = 0xffffff800b052000, phy_base = 0x35000000, total_mem_size
    = 134217728'
  ' Pool[]': 'kernel: Pool[0]: alloc 1 EBUFs (512 bytes)'
  ' MPM Pool Numbers': 'kernel: MPM Pool Numbers: SKB = 0, Data = 3, DQM = 2'
  ' rdpa_get_init_system_dt_params': 'kernel: rdpa_get_init_system_dt_params: emac_map=6f
    ext_sw_pid=30 wan_emac=12 usxgmiim_cnt=0'
  ' mpm_alloc_ring_alloc': 'kernel: mpm_alloc_ring_alloc: Host 0xffffffc032c72000
    (0xffffffc032c72000), Phys 0x32c72000 (0x32c72000), Size 128 (192) bytes'
  ' mpm_free_ring_alloc': 'kernel: mpm_free_ring_alloc: Host 0xffffffc032fb0000 (0xffffffc032fb0000),
    Phys 0x32fb0000 (0x32fb0000), Size 128 (192) bytes'
  ' License chip name': 'kernel: License chip name: 4912 serial number: 000000000000000000000000'
  ' fcache': 'kernel: fcache: mcast_max_groups<128> mcast_max_clients_per_group<64>
    mcast_max_clients<1024>'
  ' Registered mac device': 'kernel: Registered mac device: UNIMAC:0x0'
  '     Detected Copper PHY at address  1 with PHY ID 0x3590.0x5230': 'kernel:     Detected
    Copper PHY at address  1 with PHY ID 0x3590.0x5230: EGPHY'
  '     Detected Copper PHY at address  2 with PHY ID 0x3590.0x5230': 'kernel:     Detected
    Copper PHY at address  2 with PHY ID 0x3590.0x5230: EGPHY'
  '     Detected Copper PHY at address  3 with PHY ID 0x3590.0x5230': 'kernel:     Detected
    Copper PHY at address  3 with PHY ID 0x3590.0x5230: EGPHY'
  '     Detected Copper PHY at address  4 with PHY ID 0x3590.0x5230': 'kernel:     Detected
    Copper PHY at address  4 with PHY ID 0x3590.0x5230: EGPHY'
  '     Detected Copper PHY at address 17 with PHY ID 0x3590.0x51cd': 'kernel:     Detected
    Copper PHY at address 17 with PHY ID 0x3590.0x51cd: 4912M      '
  '     Detected Copper PHY at address 19 with PHY ID 0x3590.0x50c9': 'kernel:     Detected
    Copper PHY at address 19 with PHY ID 0x3590.0x50c9: 50991EL  B0'
  ' 50991EL  B0 3590': 'kernel: 50991EL  B0 3590:50c9 --> 0x13 '
  ' 4912M       3590': 'kernel: 4912M       3590:51cd --> 0x11 '
  ' Loading firmware into detected PHYs': 'kernel: Loading firmware into detected
    PHYs: map=0x80000 count=1'
  ' Upload the firmware into the on-chip memory': 'kernel: Upload the firmware into
    the on-chip memory: file=/rom/etc/fw/blackfin_b0_firmware.bin size=294708'
  ' Firmware loading completed successfully': 'kernel: Firmware loading completed
    successfully: v2.2.8'
  ' Adjusted QGPHY': 'kernel: Adjusted QGPHY: qphy_ctrl=0x00041000 ext_pwr_down=0x0'
  ' INFO MerlinSupport': 'kernel: INFO MerlinSupport::_merlin_core_power_op: assert
    IDDQ|RESET|REFCLK_RESET to power down Serdes'
  ' MerlinSupport': 'kernel: MerlinSupport::merlin16_serdes_init(): Step 4. Assert
    micro reset '
  ' No option found for': 'kernel: No option found for: "-d ML_C_VCO_10P3125", added
    default value 0 in index 9'
  ' MACSEC': 'kernel: MACSEC: macsec init DONE'
  ' ephy_leds_init SW 0 Port 5 led idx 5 configured as': 'kernel: ephy_leds_init SW
    0 Port 5 led idx 5 configured as:'
  ' eth1      ': 'kernel: eth1      : Down          04:42:1A:56:C8:F0 IntSw:P0 Lgcl:
    0 LAN PHY_ID:0x01:OnChip       NoApd    PwrDn       1 Gbps        EGPHY Cfg: ANG.  1
    Gbps;             Down                   Unknown'
  ' eth2      ': 'kernel: eth2      : Down          04:42:1A:56:C8:F0 IntSw:P1 Lgcl:
    1 LAN PHY_ID:0x02:OnChip       NoApd    PwrDn       1 Gbps        EGPHY Cfg: ANG.  1
    Gbps;             Down                   Unknown'
  ' eth3      ': 'kernel: eth3      : Down          04:42:1A:56:C8:F0 IntSw:P2 Lgcl:
    2 LAN PHY_ID:0x03:OnChip       NoApd    PwrDn       1 Gbps        EGPHY Cfg: ANG.  1
    Gbps;             Down                   Unknown'
  ' eth4      ': 'kernel: eth4      : Down          04:42:1A:56:C8:F0 IntSw:P3 Lgcl:
    3 LAN PHY_ID:0x04:OnChip       NoApd    PwrDn       1 Gbps        EGPHY Cfg: ANG.  1
    Gbps;             Down                   U'
  ' eth0      ': 'kernel: eth0      : Down          04:42:1A:56:C8:F0 IntSw:P5 Lgcl:
    5 LAN     S1K2KR'
  '             PHY_ID': 'kernel:             PHY_ID:0x06:OnChip       ApdOn    PwrDn      10
    Gbps   10GAE#L0.0 Cfg: ANG. 10 Gbps;             Down                      AUS1KR2KRX5KRX10R:              S1K2KR:           SGMII'
  ' eth5      ': 'kernel: eth5      : Down          04:42:1A:56:C8:F0 IntSw:P6 Lgcl:
    6 LAN     S1K2KR'
  ' bcm_enet_init_post': 'kernel: bcm_enet_init_post:L2386 ENET system contructed
    and configured enet-kthrd thread'
  ' enet_kthread_handler': 'kernel: enet_kthread_handler:L297 Instantiating ENET thread'
  ' IPTV ddr base addr': 'kernel: IPTV ddr base addr: 0x0000000028900000'
  ' IPTV virtual ddr base addr': 'kernel: IPTV virtual ddr base addr: ffffffc028900000'
  ' PKTRUNNER ': 'kernel: PKTRUNNER : RDPA system init gbe_wan_emac=12 isRdpaGbeWanConfigured=0'
  '   bcm-pcie': 'kernel:   bcm-pcie: DEF CFG: ssc 0x0, speed  0x0, bootorder 0x0,
    apon 0x0'
  ' GetRCalSetting_1UM_VERT': 'kernel: GetRCalSetting_1UM_VERT: Skipping SW RCAL as
    RCAL_1UM_VERT is not defined'
  ' broadcomThermalDrv ubus@ff800000': 'kernel: broadcomThermalDrv ubus@ff800000:brcm-therm:
    init (CPU count 4 4 4 4)'
  ' emf': 'kernel: emf: Unknown symbol osl_malloc (err -2)'
  ' igs': 'kernel: igs: Unknown symbol emfc_wmf_scbfind (err -2)'
  ' cfg80211': 'kernel: cfg80211: Loading compiled-in X.509 certificates for regulatory
    database'
  ' platform regulatory.0': 'kernel: platform regulatory.0: Direct firmware load for
    regulatory.db failed with error -2'
  ' osl_skb_audit': 'kernel: osl_skb_audit: PASS '
  ' wl_module_init': 'kernel: wl_module_init: passivemode set to 0x1'
  " \tadd_llcsnap_header ": "kernel: \tadd_llcsnap_header : 1"
  " \thbqd mode ": "kernel: \thbqd mode : 0"
  ' FPM management set': 'kernel: FPM management set:  DS = 34060, US = 102180, WLAN_Tx
    = (low_rsv:1024, high_rsv:512, wlan_rsv:20480, wlan_total:121668, global_total:99652)
    for 1 radios'
  ' dhd_helper_cpu_exception_rxq_set_ex': 'kernel: dhd_helper_cpu_exception_rxq_set_ex:
    cpu_port = 4, hw_queue = 7, set_exception_tc_to_rxq = 1'
  ' CUR_ETHERADDR ': 'kernel: CUR_ETHERADDR : 6 '
  ' bcm_bca_usb_ctrl_probe': 'kernel: bcm_bca_usb_ctrl_probe: usb3_enable 1 xhci_enable
    1'
  ' ERR[]': 'kernel: ERR[qos_start:3363] qos_ops is not registered!'
  ' netlink': 'kernel: netlink: 12 bytes leftover after parsing attributes in process
    `ip''.'
  ? ' Linux version 4.19.183 (gitserv_asus@tpbuildsvrvu01) (gcc version 9.2.0 (Buildroot
    2019.11.1)) #1 SMP PREEMPT Tue Jan 18 21'
  : 'kernel: Linux version 4.19.183 (gitserv_asus@tpbuildsvrvu01) (gcc version 9.2.0
    (Buildroot 2019.11.1)) #1 SMP PREEMPT Tue Jan 18 21:08:28 CST 2022'
  ' bootloader version  U-Boot 2019.07 (Jan 18 2022 - 22': 'kernel: bootloader version  U-Boot
    2019.07 (Jan 18 2022 - 22:22:41 +0800), Build: 5.04L.0'
  ' eth1 (Int switch port': 'kernel: eth1 (Int switch port: 0) (Logical Port: 0) (phyId:
    1) Link Up at 1000 mbps full duplex'
  ' eth2 (Int switch port': 'kernel: eth2 (Int switch port: 1) (Logical Port: 1) (phyId:
    2) Link Up at 1000 mbps full duplex'
  ' eth4 (Int switch port': 'kernel: eth4 (Int switch port: 3) (Logical Port: 3) (phyId:
    4) Link Up at 100 mbps full duplex'
  ' Linux version 4.19.183 (defjovi@ubuntu) (gcc version 9.2.0 (Buildroot 2019.11.1)) #1 SMP PREEMPT Wed Oct 27 13': 'kernel:
    Linux version 4.19.183 (defjovi@ubuntu) (gcc version 9.2.0 (Buildroot 2019.11.1))
    #1 SMP PREEMPT Wed Oct 27 13:18:32 CST 2021'
  ' bootloader version  U-Boot 2019.07 (Oct 27 2021 - 15': 'kernel: bootloader version  U-Boot
    2019.07 (Oct 27 2021 - 15:26:38 +0800), Build: 5.04L.0'
  ' Linux version 3.3.8 (root@asus) (gcc version 4.6.3 20120201 (prerelease) (Linaro GCC 4.6-2012.02) ) #1 Sat Nov 9 00': 'kernel:
    Linux version 3.3.8 (root@asus) (gcc version 4.6.3 20120201 (prerelease) (Linaro
    GCC 4.6-2012.02) ) #1 Sat Nov 9 00:00:43 CST 2019'
  ' Zone PFN ranges': 'kernel: Zone PFN ranges:'
  '     0': 'kernel:     0: 0x00000000 -> 0x00008000'
  ' Built 1 zonelists in Zone order, mobility grouping off.  Total pages': 'kernel:
    Built 1 zonelists in Zone order, mobility grouping off.  Total pages: 32512'
  ' ath79-spi ath79-spi': 'kernel: ath79-spi ath79-spi: cs1 >= max 1'
  ' m25p80 spi0.0': 'kernel: m25p80 spi0.0: found mx25l25635e, expected m25p80'
  ' Creating 7 MTD partitions on "ath79-nor0"': 'kernel: Creating 7 MTD partitions
    on "ath79-nor0":'
  ' 0x000000000000-0x000000040000 ': 'kernel: 0x000000000000-0x000000040000 : "Bootloader"'
  ' 0x000000040000-0x000000050000 ': 'kernel: 0x000000040000-0x000000050000 : "nvram"'
  ' 0x000000050000-0x000000060000 ': 'kernel: 0x000000050000-0x000000060000 : "Factory"'
  ' 0x000000060000-0x000001d00000 ': 'kernel: 0x000000060000-0x000001d00000 : "linux"'
  ' 0x0000001a7a80-0x000001d00000 ': 'kernel: 0x0000001a7a80-0x000001d00000 : "rootfs"'
  ' 0x000001d00000-0x000002000000 ': 'kernel: 0x000001d00000-0x000002000000 : "jffs2"'
  ' 0x000000000000-0x000002000000 ': 'kernel: 0x000000000000-0x000002000000 : "ALL"'
  ' bled': 'kernel: bled: GPIO#14: netdev ath0.'
  ' ssdk_alloc_priv[]': 'kernel: ssdk_alloc_priv[4384]:INFO:ess-switch dts node number:
    1'
  ' ssdk_driver_register[]': 'kernel: ssdk_driver_register[2893]:INFO:Register QCA
    PHY driver'
  ' f1_phy_api_ops_init[]': 'kernel: f1_phy_api_ops_init[1399]:INFO:qca probe f1 phy
    driver succeeded!'
  ' regi_init[]': 'kernel: regi_init[4530]:INFO:qca-ssdk module init succeeded!'
  ' mem_manager': 'kernel: mem_manager: module license ''unspecified'' taints kernel.'
  ' ath_tx99': 'kernel: ath_tx99: Version 2.0'
  '  JET_PRINT': 'kernel:  JET_PRINT: init_ath_wmac[240]: Checking devid: 3f'
  ' __ath_attach': 'kernel: __ath_attach: Set global_scn[0]'
  ' ath_mtd_read': 'kernel: ath_mtd_read: read [Factory] from 0x1000 len 1088'
  ' ART Version ': 'kernel: ART Version : 10.517'
  ' SW Image Version ': 'kernel: SW Image Version : 0.20.-12.0.2'
  ' Board Revision ': 'kernel: Board Revision :  '
  ' ar9300_attach': 'kernel: ar9300_attach: nf_2_nom -110 nf_2_max -60 nf_2_min -125 '
  ' SPECTRAL ': 'kernel: SPECTRAL : No ADVANCED SPECTRAL SUPPORT'
  ' dfs_attach': 'kernel: dfs_attach: event log enabled by default'
  ' ath_attach': 'kernel: ath_attach: Set global_ic[1]..gloabl_ic ptr:8654dd80'
  '  Wrap Attached': 'kernel:  Wrap Attached: Wrap_com =87299400 ic->ic_wrap_com=87299400
    &wrap_com->wc_devt=87299400 '
  ' hif_pci_enable_bus': 'kernel: hif_pci_enable_bus: con_mode = 0x0, device_id =
    0x3c'
  ' PCI': 'kernel: PCI: Enabling device 0000:00:00.0 (0000 -> 0002)'
  ' hif_pci_bus_configure': 'kernel: hif_pci_bus_configure: hif_set_hia donehif_configure_irq:
    Ehif_pci_configure_legacy_irq: Ehif_pci_configure_legacy_irq: X, ret = 0hif_enable:
    X OKhif_napi_create: NAPI structures initializedhif_napi_create: NAPI id 6 created
    for'
  ' hif_napi_event': 'kernel: hif_napi_event: received evnt: CONF cmd; v = 1 (state=0x1)hif_napi_event:
    setting configuration to ON'
  ' Chip id': 'kernel: Chip id: 0x7, chip version: 0x4100016c'
  ' ol_transfer_bin_file': 'kernel: ol_transfer_bin_file: flash data file defined'
  ' qc98xx_verify_checksum': 'kernel: qc98xx_verify_checksum: flash checksum passed:
    0x5f5c'
  ' ol_transfer_bin_file 3879': 'kernel: ol_transfer_bin_file 3879: Download Flash
    data len 2116'
  ' wmi_unified_register_event_handler': 'kernel: wmi_unified_register_event_handler:
    Event id 62 is unavailable'
  ' +htc_create ..  HIF ': 'kernel: +htc_create ..  HIF :85c9c000-htc_create: (0x860f4800)'
  ' hif_completion_thread_startup': 'kernel: hif_completion_thread_startup: pipe_num:0
    pipe_info:0x85c9f06chif_completion_thread_startup: pipe_num:3 pipe_info:0x85c9f12chif_completion_thread_startup:
    pipe_num:4 pipe_info:0x85c9f16c'
  '  htt_alloc_peer_map_mem ': 'kernel:  htt_alloc_peer_map_mem : Alloc Success :
    host q vaddr 85cdc000 paddr 5cdc000'
  ' Firmware_Build_Number': 'kernel: Firmware_Build_Number:0 '
  ' host/RAM_fw Build Ver Mismatch': 'kernel: host/RAM_fw Build Ver Mismatch: H:0x32,
    F:0x0 ! '
  ' FW wireless modes': 'kernel: FW wireless modes: 0x1f9001'
  ' num_rf_chain': 'kernel: num_rf_chain:0x00000003  ht_cap_info:0x0000085b  vht_cap_info:0x338001b2  vht_supp_mcs:0x0000ffea'
  ' Sending Ext resource cfg': 'kernel: Sending Ext resource cfg: HOST PLATFORM as
    1'
  ' ol_ath_service_ready_event': 'kernel: ol_ath_service_ready_event: sw_cal_support_check_flag:
    0'
  ' FIRMWARE': 'kernel: FIRMWARE:P 145 V 16 T 443'
  ' acfg_attach': 'kernel: acfg_attach: using existing sock 86bc8e00'
  ' ol_ath_smart_ant_attach': 'kernel: ol_ath_smart_ant_attach: Hardware doest not
    support Smart Antenna.'
  ' ol_ath_attach': 'kernel: ol_ath_attach: Set global_ic[2] ..ptr:8654dd80'
  ' __ol_ath_attach': 'kernel: __ol_ath_attach: hard_header_len reservation 74'
  ' ol_ath_thermal_mitigation_attach': 'kernel: ol_ath_thermal_mitigation_attach:
    TT not supported in FW'
  ' ath_sysfs_diag_init': 'kernel: ath_sysfs_diag_init: diag_fsattr '
  ' ath_net80211_dfs_clist_update': 'kernel: ath_net80211_dfs_clist_update: called,
    cmd=1, nollist=  (null), nentries=0'
  ' isCountryCodeValid': 'kernel: isCountryCodeValid: EEPROM regdomain 0x0'
  ' wlan_vap_create ': 'kernel: wlan_vap_create : enter. devhandle=0x86d90380, opmode=IEEE80211_M_HOSTAP,
    flags=0x1'
  ' ieee80211_mbo_vattach': 'kernel: ieee80211_mbo_vattach:MBO Initialized '
  ' ieee80211_oce_vattach': 'kernel: ieee80211_oce_vattach: OCE Initialized '
  ' __ieee80211_smart_ant_init': 'kernel: __ieee80211_smart_ant_init: Smart Antenna
    functions are not registered !!! '
  ' VAP device ath0 created osifp': 'kernel: VAP device ath0 created osifp: (860f7b80)
    os_if: (865b0000)'
  ' send_vdev_create_cmd_non_tlv': 'kernel: send_vdev_create_cmd_non_tlv: ID = 0 Type
    = 1, Subtype = 0 VAP Addr = 4c:ed:fb:3c:3d:82:'
  ' VAP device ath1 created osifp': 'kernel: VAP device ath1 created osifp: (8657e380)
    os_if: (86ab8000)'
  " \tDCS for CW interference mitigation": "kernel: \tDCS for CW interference mitigation:\
    \   0"
  " \tDCS for WLAN interference mitigation": "kernel: \tDCS for WLAN interference\
    \ mitigation: 0"
  ' ol_wifi_assoc_netlink_receive': 'kernel: ol_wifi_assoc_netlink_receive: WiFi assoc/disassoc
    events being sent to PID:372'
  ' mlme_create_infra_bss ': 'kernel: mlme_create_infra_bss : Overriding HT40 channel
    with HT20 channel'
  '  ieee80211_ioctl_siwmode': 'kernel:  ieee80211_ioctl_siwmode: imr.ifm_active=393856,
    new mode=3, valid=1 '
  ' osif_vap_stop': 'kernel: osif_vap_stop: Scan in progress.. Cancelling it. vap:
    0x86ab8000 '
  ' osif_vap_acs_cancel': 'kernel: osif_vap_acs_cancel: Scan in progress.. Cancelling
    it vap: 0x865b0000'
  ' VAP device sta0 created osifp': 'kernel: VAP device sta0 created osifp: (849a1380)
    os_if: (82c28000)'
  ' ieee80211_acs_select_min_nbss': 'kernel: ieee80211_acs_select_min_nbss: channel
    149 and BssCounter 2 loadsum 2^M'
  ' ol_ath_vap_set_param': 'kernel: ol_ath_vap_set_param: Now supported MGMT RATE
    is 6000(kbps) and rate code: 0x3'
  ' send_wmm_update_cmd_non_tlv': 'kernel: send_wmm_update_cmd_non_tlv:'
  ' ieee80211_ucfg_getparam ': 'kernel: ieee80211_ucfg_getparam : parameter 0x284
    not supported '
  '  Number of STA VAPs connected': 'kernel:  Number of STA VAPs connected: 1'
  ' ieee80211_mbo_vdetach': 'kernel: ieee80211_mbo_vdetach: MBO terminated'
  ' ieee80211_oce_vdetach': 'kernel: ieee80211_oce_vdetach: OCE terminated'
  ' ol_ath_vap_delete': 'kernel: ol_ath_vap_delete: wmi_unified_vdev_delete_send done
    ID = 0 vap (86ab8000) VAP Addr = 4c:ed:fb:3c:3d:82:'
  ' ol_ath_thermal_mitigation_detach': 'kernel: ol_ath_thermal_mitigation_detach:
    ++'
  ' ol_if_dfs_clist_update': 'kernel: ol_if_dfs_clist_update: called, cmd=1, nollist=  (null),
    nentries=0'
  ' hif_pci_device_warm_reset': 'kernel: hif_pci_device_warm_reset: Target Warm Resethif_pci_device_warm_reset:
    Host Intr Cause reg 0x900c : value : 0x0hif_pci_device_warm_reset: Target CPU
    Intr Cause 0x2001040hif_pci_device_warm_reset: addr 0x4050 :  0x4hif_pci_device'
  ' hif_napi_destroy': 'kernel: hif_napi_destroy: no NAPI instances. Zapped.ath_sysfs_diag_fini:
    diag_fsattr '
  ' ath_lowi_if_netlink_delete Going to decrement current LOWI netlink ref count': 'kernel:
    ath_lowi_if_netlink_delete Going to decrement current LOWI netlink ref count:
    1'
  ' Green-AP ': 'kernel: Green-AP : Detached'
  ' ol_ath_detach': 'kernel: ol_ath_detach: remove global_ic[1]..gloabl_ic ptr:8654dd80'
  ' klogd': 'kernel: klogd: exiting'
  ' send_set_ps_mode_cmd_non_tlv': 'kernel: send_set_ps_mode_cmd_non_tlv:set psmode=1'
  ' VAP device sta1 created osifp': 'kernel: VAP device sta1 created osifp: (86ad6b80)
    os_if: (862c8000)'
  ' ath_detach': 'kernel: ath_detach: remove global_ic[0]..gloabl_ic ptr:8654dd80'
  ' Invalid signature of oopsbuf': 'kernel: Invalid signature of oopsbuf: 96-69-96-69-96-69-96-69
    (len -1771465111)'
  ' build_atf_alloc_tbl ATF': 'kernel: build_atf_alloc_tbl ATF: managed node 04:42:1a:58:d5:50
    ,don''t add in alloc table '
  ' FIXME': 'kernel: FIXME:osif_forward_mgmt_to_app: Event length more than expected..dropping'
  ' FWLOG': 'kernel: FWLOG: [7131442] WLAN_DEBUG_DBGID_PEER ( FIXME:osif_forward_mgmt_to_app:
    Event length more than expected..dropping'
  ' 3194 comapre des_bssid  04': 'kernel: 3194 comapre des_bssid  04:42:1a:58:d5:50  siid
    : HSU  BSSID :04:42:1a:58:d5:50 '
  ' 0x0000001a7a00-0x000001d00000 ': 'kernel: 0x0000001a7a00-0x000001d00000 : "rootfs"'
  ' SmartLogEvent': 'kernel: SmartLogEvent: STA KICKOUT SUBEVENT'
  ' Linux version 3.14.77 (carlos@SW5-SERVER-70) (gcc version 5.2.0 (OpenWrt GCC 5.2.0 r35193) ) #1 SMP PREEMPT Fri May 14 17': 'kernel:
    Linux version 3.14.77 (carlos@SW5-SERVER-70) (gcc version 5.2.0 (OpenWrt GCC 5.2.0
    r35193) ) #1 SMP PREEMPT Fri May 14 17:03:20 CST 2021'
  ' Built 1 zonelists in Zone order, mobility grouping on.  Total pages': 'kernel:
    Built 1 zonelists in Zone order, mobility grouping on.  Total pages: 125952'
  ' Memory': 'kernel: Memory: 496684K/507904K available (4318K kernel code, 196K rwdata,
    1188K rodata, 180K init, 538K bss, 11220K reserved, 0K highmem)'
  '     vector  ': 'kernel:     vector  : 0xffff0000 - 0xffff1000   (   4 kB)'
  '     fixmap  ': 'kernel:     fixmap  : 0xfff00000 - 0xfffe0000   ( 896 kB)'
  '     lowmem  ': 'kernel:     lowmem  : 0xc0000000 - 0xe0000000   ( 512 MB)'
  '     pkmap   ': 'kernel:     pkmap   : 0xbfe00000 - 0xc0000000   (   2 MB)'
  '        .bss ': 'kernel:        .bss : 0xc07c92dc - 0xc084fcac   ( 539 kB)'
  ' hw-breakpoint': 'kernel: hw-breakpoint: Debug register access (0xee003e17) caused
    undefined instruction on CPU 1'
  ' msm_bus_device 580000.ad-hoc-bus': 'kernel: msm_bus_device 580000.ad-hoc-bus:
    Failed to get bus clk for bus4096 ctx1'
  ' msm_pcie_oper_conf': 'kernel: msm_pcie_oper_conf: msm_pcie_oper_conf: Read of
    RC0 0:0x00 + 0x0014[4] is all FFs'
  ' msm_pcie_probe': 'kernel: msm_pcie_probe: msm_pcie_probe: RC0 is enabled in bootup'
  ' BLSP UART': 'kernel: BLSP UART: Bus scaling is disabled.'
  ' unregister_client_adhoc': 'kernel: unregister_client_adhoc: Null cl handle passed
    unregister'
  ' msm_serial_hs': 'kernel: msm_serial_hs: probe of 78b0000.uart failed with error
    -2'
  ' sps': 'kernel: sps: BAM device 0x07884000 is not registered yet.'
  ' Creating 2 MTD partitions on "7980000.qcom,nand"': 'kernel: Creating 2 MTD partitions
    on "7980000.qcom,nand":'
  ' 0x000000000000-0x000000400000 ': 'kernel: 0x000000000000-0x000000400000 : "Bootloader"'
  ' 0x000000400000-0x000010000000 ': 'kernel: 0x000000400000-0x000010000000 : "UBI_DEV"'
  ' UBI': 'kernel: UBI: attaching mtd1 to ubi0'
  ' gluebi_create': 'kernel: gluebi_create: Hook read/write method of Factory.'
  ' Creating 1 MTD partitions on "linux"': 'kernel: Creating 1 MTD partitions on "linux":'
  ' 0x000000220e40-0x00000ae60000 ': 'kernel: 0x000000220e40-0x00000ae60000 : "rootfs"'
  ' mtd': 'kernel: mtd: device 6 (rootfs) set to be root filesystem'
  ' clk': 'kernel: clk: Not disabling unused clocks'
  ' ssdk_dt_parse[]': 'kernel: ssdk_dt_parse[2643]:INFO:ess-switch DT exist!'
  ' ssdk_dt_parse_mac_mode[]': 'kernel: ssdk_dt_parse_mac_mode[2271]:INFO:mac mode
    = 0x0'
  ' ssdk_dt_parse_uniphy[]': 'kernel: ssdk_dt_parse_uniphy[2305]:INFO:ess-uniphy DT
    doesn''t exist!'
  ' ssdk_dt_parse_scheduler_cfg[]': 'kernel: ssdk_dt_parse_scheduler_cfg[2495]:ERROR:cannot
    find port_scheduler_resource node'
  ' ssdk_dt_parse_phy_info[]': 'kernel: ssdk_dt_parse_phy_info[2538]:INFO:qcom,port_phyinfo
    DT doesn''t exist!'
  ' ssdk_dt_parse_mdio[]': 'kernel: ssdk_dt_parse_mdio[2575]:INFO:mdio DT exist!'
  ' malibu_phy_api_ops_init[]': 'kernel: malibu_phy_api_ops_init[2505]:INFO:qca probe
    malibu phy driver succeeded!'
  ' ssdk_switch_register[]': 'kernel: ssdk_switch_register[1588]:INFO:Chip version
    0x1401'
  ' qca_link_polling_select[]': 'kernel: qca_link_polling_select[1282]:INFO:link-polling-required
    node does not exist'
  ' hif_target_sync_ahb': 'kernel: hif_target_sync_ahb: Got FW signal, retries = 1hif_ahb_enable_bus:
    X - hif_type = 0xd, target_type = 0xbhif_config_ce: ce_init donehif_config_ce:
    X, ret = 0hif_set_hia: Ehif_pci_bus_configure: hif_set_hia donehif_configure_irq: '
  ' ol_transfer_bin_file 3881': 'kernel: ol_transfer_bin_file 3881: Download Flash
    data len 12064'
  ' ath10k_ahb a000000.wifi': 'kernel: ath10k_ahb a000000.wifi: Direct firmware load
    failed with error 0'
  ' ol_ath_download_firmware ': 'kernel: ol_ath_download_firmware :First OTP download
    and Execute is good address:0x5000 return param 4660'
  ' ol_ath_download_firmware': 'kernel: ol_ath_download_firmware:##Board Id 20 , CHIP
    Id 0'
  '  wifi0': 'kernel:  wifi0: Selecting board data file name boardData_1_0_IPQ4019_DK04_2G.bin'
  ' ol_swap_wlan_memory_expansion': 'kernel: ol_swap_wlan_memory_expansion: length:185067
    size_left:185087 dma_size_left:262144 fw_temp:e1985004 fw_entry_size:185091'
  ' ol_ath_copy_tgt_iram() iram read paddr': 'kernel: ol_ath_copy_tgt_iram() iram
    read paddr: 0x980000 host paddr 0x87500000 Radio id 0'
  ' Set  btcoex_enable': 'kernel: Set  btcoex_enable:0 '
  ' smart_log_init': 'kernel: smart_log_init: Smart logging Enabled buf=dc940000 (size=65536)'
  ' ath10k_ahb a800000.wifi': 'kernel: ath10k_ahb a800000.wifi: Direct firmware load
    failed with error 0'
  '  wifi1': 'kernel:  wifi1: Selecting board data file name boardData_1_0_IPQ4019_DK04_5G.bin'
  ' ath_lowi_if_netlink_init Incremented LOWI netlink ref count': 'kernel: ath_lowi_if_netlink_init
    Incremented LOWI netlink ref count: 2'
  ' ath_ol_pci 0000': 'kernel: ath_ol_pci 0000:01:00.0: Direct firmware load failed
    with error 0'
  '  wifi2': 'kernel:  wifi2: Selecting board data file name boardData_2_0_QCA9888_5G_Y9690_SBS_HB.bin'
  ' , <6>Board extended Data download address': 'kernel: , <6>Board extended Data
    download address: 0x0'
  ' VAP device ath2 created osifp': 'kernel: VAP device ath2 created osifp: (de870cc0)
    os_if: (db3d0000)'
  ' xhci-hcd xhci-hcd.0.auto': 'kernel: xhci-hcd xhci-hcd.0.auto: ## USB3 port 0/1
    addr(e3af0430) s1(000002a0) --> (000002a0)'
  ' hub 4-0': 'kernel: hub 4-0:1.0: config failed, hub doesn''t have any ports! (err
    -19)'
  ' usb 1-1': 'kernel: usb 1-1: ep 0x84 - rounding interval to 64 microframes, ep
    desc says 80 microframes'
  ' UBIFS': 'kernel: UBIFS: background thread "ubifs_bgt0_4" started, PID 532'
  ' Bluetooth': 'kernel: Bluetooth: Out-of-order packet arrived, got 1 expected 0'
  ' 0x0<6>br0': 'kernel: 0x0<6>br0: port 2(ath0) entered forwarding state'
  ' 0xa10<4>ath_ol_pci 0000': 'kernel: 0xa10<4>ath_ol_pci 0000:01:00.0: Firmware loaded
    from user helper succesfully'
  ' et0': 'kernel: et0: et_mvlan_netdev_event: event 9 for vlan1 mvlan_en 0'
  ' Linux version 2.6.36.4brcmarm (root@asus) (gcc version 4.5.3 (Buildroot 2012.02) ) #1 SMP PREEMPT Tue Jan 5 17': 'kernel:
    Linux version 2.6.36.4brcmarm (root@asus) (gcc version 4.5.3 (Buildroot 2012.02)
    ) #1 SMP PREEMPT Tue Jan 5 17:08:14 CST 2021'
  ' Machine': 'kernel: Machine: Northstar Prototype'
  ' Memory policy': 'kernel: Memory policy: ECC disabled, Data cache writealloc'
  '     DMA     ': 'kernel:     DMA     : 0xf7e00000 - 0xffe00000   ( 128 MB)'
  ' Mount-cache hash table entries': 'kernel: Mount-cache hash table entries: 512'
  ' Found a Zentel NAND flash': 'kernel: Found a Zentel NAND flash:'
  ' Total size': 'kernel: Total size:  128MB'
  ' Block size': 'kernel: Block size:  128KB'
  ' Page Size': 'kernel: Page Size:   2048B'
  ' OOB Size': 'kernel: OOB Size:    64B'
  ' Sector size': 'kernel: Sector size: 512B'
  ' Spare size': 'kernel: Spare size:  16B'
  ' ECC level': 'kernel: ECC level:   8 (8-bit)'
  ' Device ID': 'kernel: Device ID: 0xc8 0xd1 0x80 0x95 0x42 0x7f'
  ' bio': 'kernel: bio: create slab <bio-0> at 0'
  ' VFS': 'kernel: VFS: Disk quotas dquot_6.5.2'
  ' Dquot-cache hash table entries': 'kernel: Dquot-cache hash table entries: 1024
    (order 0, 4096 bytes)'
  ' pflash': 'kernel: pflash: found no supported devices'
  ' bcmsflash': 'kernel: bcmsflash: found no supported devices'
  ' lookup_nflash_rootfs_offset': 'kernel: lookup_nflash_rootfs_offset: offset = 0x200000'
  ' nflash': 'kernel: nflash: squash filesystem with lzma found at block 28'
  ' Creating 4 MTD partitions on "nflash"': 'kernel: Creating 4 MTD partitions on
    "nflash":'
  ' 0x000000000000-0x000000080000 ': 'kernel: 0x000000000000-0x000000080000 : "boot"'
  ' 0x000000080000-0x000000200000 ': 'kernel: 0x000000080000-0x000000200000 : "nvram"'
  ' 0x000000200000-0x000004000000 ': 'kernel: 0x000000200000-0x000004000000 : "linux"'
  ' 0x00000039c5bc-0x000004000000 ': 'kernel: 0x00000039c5bc-0x000004000000 : "rootfs"'
  ' * Invalid signature of oopsbuf': 'kernel: * Invalid signature of oopsbuf: EF-FB-FF-FB-75-E5-DF-E7
    (len 2079064055)'
  ' Found a Mxic NAND flash': 'kernel: Found a Mxic NAND flash:'
  ' Spare area=64 eccbytes 56, ecc bytes located at': 'kernel: Spare area=64 eccbytes
    56, ecc bytes located at:'
  ' Available 7 bytes at (off,len)': 'kernel: Available 7 bytes at (off,len):'
  ' Options': 'kernel: Options: NO_AUTOINCR,NO_READRDY,'
  ' Creating 2 MTD partitions on "brcmnand"': 'kernel: Creating 2 MTD partitions on
    "brcmnand":'
  ' 0x000004000000-0x000007ec0000 ': 'kernel: 0x000004000000-0x000007ec0000 : "brcmnand"'
  ' 0x000007ec0000-0x000008000000 ': 'kernel: 0x000007ec0000-0x000008000000 : "asus"'
  ' jffs2_scan_inode_node()': 'kernel: jffs2_scan_inode_node(): CRC failed on node
    at 0x00ddafec: Read 0xffffffff, calculated 0xd98ad714'
  ' ctf': 'kernel: ctf: module license ''Proprietary'' taints kernel.'
  ' et_module_init': 'kernel: et_module_init: passivemode set to 0x0'
  ' et_probe': 'kernel: et_probe: mvlan vid[0]: 1'
  ' wl0': 'kernel: wl0: wlc_ap_attach dynamic_ed_thresh_enable = 0'
  ' wl1': 'kernel: wl1: wlc_ap_attach dynamic_ed_thresh_enable = 0'
  ' et_mvlan_netdev_event': 'kernel: et_mvlan_netdev_event: reg vid 1 idx 0'
  ' Linux version 4.1.52 (ham@super-ham) (gcc version 5.5.0 (Buildroot 2017.11.1) ) #2 SMP PREEMPT Thu Apr 22 10': 'kernel:
    Linux version 4.1.52 (ham@super-ham) (gcc version 5.5.0 (Buildroot 2017.11.1)
    ) #2 SMP PREEMPT Thu Apr 22 10:04:26 CST 2021'
  ' Creating 10 MTD partitions on "Winbond W25N01GV"': 'kernel: Creating 10 MTD partitions
    on "Winbond W25N01GV":'
  ' 0x000003a00000-0x000007300000 ': 'kernel: 0x000003a00000-0x000007300000 : "rootfs"'
  ' 0x000000100000-0x000003a00000 ': 'kernel: 0x000000100000-0x000003a00000 : "rootfs_update"'
  ' 0x000007b00000-0x000007f00000 ': 'kernel: 0x000007b00000-0x000007f00000 : "data"'
  ' 0x000000000000-0x000008000000 ': 'kernel: 0x000000000000-0x000008000000 : "dummy1"'
  ' 0x000007700000-0x000007b00000 ': 'kernel: 0x000007700000-0x000007b00000 : "misc2"'
  ' 0x000007300000-0x000007700000 ': 'kernel: 0x000007300000-0x000007700000 : "misc1"'
  ' map_hw_timer_interrupt,130': 'kernel: map_hw_timer_interrupt,130: interrupt_id
    22'
  ' Registering button 0 (c082700c) (bpGpio': 'kernel: Registering button 0 (c082700c)
    (bpGpio: 00008009, bpExtIrq:00002000 (2000))'
  ' Registering button 1 (c0827080) (bpGpio': 'kernel: Registering button 1 (c0827080)
    (bpGpio: 00008004, bpExtIrq:00002001 (2001))'
  ' tmpfs': 'kernel: tmpfs: No value for mount option ''defaults'''
  ' SYSPORT Driver Constructed (Budget': 'kernel: SYSPORT Driver Constructed (Budget:
    128, Coalescing: 826828 nsec)'
  ' Flow Table (256, 64)': 'kernel: Flow Table (256, 64): d1595000, 4194304 bytes'
  ' Flow Info Table (44, 65536)': 'kernel: Flow Info Table (44, 65536): d1996000,
    2883584 bytes'
  ' Command List Table (128)': 'kernel: Command List Table (128): virt 0xca000000,
    phys 0x0a000000, size 2097152 bytes'
  ' Command List Control Table (8)': 'kernel: Command List Control Table (8): ca660000,
    131072 bytes'
  ' Sysport Classifier Initialized': 'kernel: Sysport Classifier Initialized: Maximum
    16384 flows'
  ' RXQ[]': 'kernel: RXQ[0]: IRQ 48, CPU 3'
  ' CSB Initialized': 'kernel: CSB Initialized: 0xca6b3000 (0xca6b3000), size 64 (128)'
  ' Sysport Recycle Task': 'kernel: Sysport Recycle Task: IRQ 49, CPU 3'
  ' bcm_enet_init': 'kernel: bcm_enet_init:L2396 ENET system contructed and configured
    enet-kthrd thread'
  ' ubi2': 'kernel: ubi2: attaching mtd9'
  ' UBIFS (ubi2': 'kernel: UBIFS (ubi2:0): background thread "ubifs_bgt2_0" started,
    PID 369'
  ' NVRAM_MIRROR SCAN': 'kernel: NVRAM_MIRROR SCAN: NVRAM back up found at address
    31800 '
  ' si_doattach': 'kernel: si_doattach: using BAR0 value: enum_base=85000000'
  ' BME': 'kernel: BME: M2M Core id 0x844 rev 128'
  ' wl0_awl attach successful tx': 'kernel: wl0_awl attach successful tx: 1, rx: 2'
  ' wl1_awl attach successful tx': 'kernel: wl1_awl attach successful tx: 1, rx: 2'
  '  crashFileSet': 'kernel:  crashFileSet: Failed to get mtd !'
  ' RT305x_ESW': 'kernel: RT305x_ESW: Link Status Changed'
  ' MacTableDeleteEntry()': 'kernel: MacTableDeleteEntry(): wcid 2 ====='
  ' Del Sta': 'kernel: Del Sta:ee:3c:f3:7d:0e:f3'
  ' AP SETKEYS DONE - AKMMap=WPA2-Personal, PairwiseCipher=AES, GroupCipher=AES, wcid=1 from F2': 'kernel:
    AP SETKEYS DONE - AKMMap=WPA2-Personal, PairwiseCipher=AES, GroupCipher=AES, wcid=1
    from F2:EE:EF:F8:53:61'
  ' PTK': 'kernel: PTK:fac7def1d14c016f89704547fb9ee4daef1b672f6e448c5fb76f354fd5057f5a322d41c4e414cea4c7c8da848284772c5211e0150995335e6f9d11251f57368d'
  ' MtPsWatchDog()': 'kernel: MtPsWatchDog(): HIT PsmPktCount/Dur: 0/1 on Wcid 1 (SW_PSM:[0|0])'
  ' APChkCls2Cls3Err()': 'kernel: APChkCls2Cls3Err():Rx a frame from f2:ee:ef:f8:53:61
    with WCID(255) > 75'
  ' MacTableInsertEntry()': 'kernel: MacTableInsertEntry(): wcid 1 ====='
  ' New Sta': 'kernel: New Sta:f2:ee:ef:f8:53:61'
  ' MtAsicAddSharedKeyEntry(1343)': 'kernel: MtAsicAddSharedKeyEntry(1343): Not support
    for HIF_MT yet!'
  ' ageout f2': 'kernel: ageout f2:ee:ef:f8:53:61 after 300-sec silence'
  ' AP SETKEYS DONE - AKMMap=WPA2-Personal, PairwiseCipher=AES, GroupCipher=AES from F2': 'kernel:
    AP SETKEYS DONE - AKMMap=WPA2-Personal, PairwiseCipher=AES, GroupCipher=AES from
    F2:EE:EF:F8:53:61'
  ' AP SETKEYS DONE - AKMMap=WPA2-Personal, PairwiseCipher=AES, GroupCipher=AES from D4': 'kernel:
    AP SETKEYS DONE - AKMMap=WPA2-Personal, PairwiseCipher=AES, GroupCipher=AES from
    D4:90:9C:D4:3F:23'
  ' AP SETKEYS DONE - AKMMap=WPA2-Personal, PairwiseCipher=AES, GroupCipher=AES from D0': 'kernel:
    AP SETKEYS DONE - AKMMap=WPA2-Personal, PairwiseCipher=AES, GroupCipher=AES from
    D0:E1:40:A5:8B:01'
  ' AP SETKEYS DONE - AKMMap=WPA2-Personal, PairwiseCipher=AES, GroupCipher=AES from B2': 'kernel:
    AP SETKEYS DONE - AKMMap=WPA2-Personal, PairwiseCipher=AES, GroupCipher=AES from
    B2:19:0F:41:51:F5'
  ' AP SETKEYS DONE - AKMMap=WPA2-Personal, PairwiseCipher=AES, GroupCipher=AES from 38': 'kernel:
    AP SETKEYS DONE - AKMMap=WPA2-Personal, PairwiseCipher=AES, GroupCipher=AES from
    38:53:9C:C7:90:E2'
  ' Linux version 3.10.108 (heidi_wen@sw4-build-server) (gcc version 4.6.3 (Buildroot 2012.11.1) ) #1 Wed Sep 30 11': 'kernel:
    Linux version 3.10.108 (heidi_wen@sw4-build-server) (gcc version 4.6.3 (Buildroot
    2012.11.1) ) #1 Wed Sep 30 11:21:37 CST 2020'
  ' Zone ranges': 'kernel: Zone ranges:'
  '   node   0': 'kernel:   node   0: [mem 0x00000000-0x03ffffff]'
  ' flash manufacture id': 'kernel: flash manufacture id: 20, device id 70 18'
  ' partion 3': 'kernel: partion 3: ffffffff eb0000'
  ' partion 4': 'kernel: partion 4: 1a8f00 d57100'
  ' Creating 7 MTD partitions on "raspi"': 'kernel: Creating 7 MTD partitions on "raspi":'
  ' 0x000000000000-0x000000030000 ': 'kernel: 0x000000000000-0x000000030000 : "Bootloader"'
  ' 0x000000030000-0x000000040000 ': 'kernel: 0x000000030000-0x000000040000 : "nvram"'
  ' 0x000000050000-0x000000f00000 ': 'kernel: 0x000000050000-0x000000f00000 : "linux"'
  ' 0x0000001a8f00-0x000000f00000 ': 'kernel: 0x0000001a8f00-0x000000f00000 : "rootfs"'
  ' 0x000000f00000-0x000001000000 ': 'kernel: 0x000000f00000-0x000001000000 : "jffs2"'
  ' 0x000000000000-0x000001000000 ': 'kernel: 0x000000000000-0x000001000000 : "ALL"'
  ' GMAC1_MAC_ADRH -- ': 'kernel: GMAC1_MAC_ADRH -- : 0x000050eb'
  ' GMAC1_MAC_ADRL -- ': 'kernel: GMAC1_MAC_ADRL -- : 0xf60a9328'
  ' check_runtime_para 650': 'kernel: check_runtime_para 650: match'
  ' wmode_band_equal()': 'kernel: wmode_band_equal(): Band Equal!'
  ' AndesSendCmdMsg': 'kernel: AndesSendCmdMsg: Could not send in band command due
    to diable fRTMP_ADAPTER_MCU_SEND_IN_BAND_CMD'
  ' RTMPReadParametersHook 272': 'kernel: RTMPReadParametersHook 272: don''t change
    config'
  ' RTMPSetDefaultChannel() ': 'kernel: RTMPSetDefaultChannel() : default channel
    to 1 '
  ' AndesMTLoadFwMethod1(2182)': 'kernel: AndesMTLoadFwMethod1(2182)::pChipCap->fw_len(63888)'
  ' FW Version': 'kernel: FW Version:20151201<4>FW Build Date:20151201183641<4>MtAsicDMASchedulerInit():
    DMA Scheduler Mode=0(LMAC)'
  ' efuse_probe': 'kernel: efuse_probe: efuse = 10000012'
  ' RtmpChipOpsEepromHook': 'kernel: RtmpChipOpsEepromHook::e2p_type=2, inf_Type=4'
  ' RtmpEepromGetDefault': 'kernel: RtmpEepromGetDefault::e2p_dafault=2'
  ' NICInitPwrPinCfg(11)': 'kernel: NICInitPwrPinCfg(11): Not support for HIF_MT yet!'
  ' NICInitializeAsic(651)': 'kernel: NICInitializeAsic(651): Not support rtmp_mac_sys_reset
    () for HIF_MT yet!'
  ' MtAsicSetMacMaxLen(1276)': 'kernel: MtAsicSetMacMaxLen(1276): Set the Max RxPktLen=1024!'
  " \tWTBL Segment 1 info": "kernel: \tWTBL Segment 1 info:"
  " \t\tMemBaseAddr/FID": "kernel: \t\tMemBaseAddr/FID:0x28000/0"
  " \t\tEntrySize/Cnt": "kernel: \t\tEntrySize/Cnt:32/128"
  " \tWTBL Segment 2 info": "kernel: \tWTBL Segment 2 info:"
  " \tWTBL Segment 3 info": "kernel: \tWTBL Segment 3 info:"
  " \tWTBL Segment 4 info": "kernel: \tWTBL Segment 4 info:"
  ' AntCfgInit(2940)': 'kernel: AntCfgInit(2940): Not support for HIF_MT yet!'
  ' MtAsicSetChBusyStat(861)': 'kernel: MtAsicSetChBusyStat(861): Not support for
    HIF_MT yet!'
  ' CmdSlotTimeSet': 'kernel: CmdSlotTimeSet:(ret = 0)'
  ' Channel 1 ': 'kernel: Channel 1 : Dirty = 48, False CCA = 0, Busy Time = 1947,
    Skip Channel = FALSE'
  ' Channel 2 ': 'kernel: Channel 2 : Dirty = 76, False CCA = 0, Busy Time = 2251,
    Skip Channel = FALSE'
  ' Channel 3 ': 'kernel: Channel 3 : Dirty = 132, False CCA = 0, Busy Time = 1971,
    Skip Channel = FALSE'
  ' Channel 4 ': 'kernel: Channel 4 : Dirty = 92, False CCA = 0, Busy Time = 2008,
    Skip Channel = FALSE'
  ' Channel 5 ': 'kernel: Channel 5 : Dirty = 140, False CCA = 0, Busy Time = 2316,
    Skip Channel = FALSE'
  ' Channel 6 ': 'kernel: Channel 6 : Dirty = 126, False CCA = 0, Busy Time = 2203,
    Skip Channel = FALSE'
  ' Channel 7 ': 'kernel: Channel 7 : Dirty = 100, False CCA = 0, Busy Time = 99,
    Skip Channel = FALSE'
  ' Channel 8 ': 'kernel: Channel 8 : Dirty = 76, False CCA = 0, Busy Time = 117,
    Skip Channel = FALSE'
  ' Channel 9 ': 'kernel: Channel 9 : Dirty = 72, False CCA = 0, Busy Time = 741,
    Skip Channel = FALSE'
  ' Channel 10 ': 'kernel: Channel 10 : Dirty = 52, False CCA = 0, Busy Time = 982,
    Skip Channel = FALSE'
  ' Channel 11 ': 'kernel: Channel 11 : Dirty = 80, False CCA = 0, Busy Time = 1010,
    Skip Channel = FALSE'
  ' MtAsicSetRalinkBurstMode(3047)': 'kernel: MtAsicSetRalinkBurstMode(3047): Not
    support for HIF_MT yet!'
  ' MtAsicSetPiggyBack(796)': 'kernel: MtAsicSetPiggyBack(796): Not support for HIF_MT
    yet!'
  ' CmdLoadDPDDataFromFlash': 'kernel: CmdLoadDPDDataFromFlash: Channel = 4, DoReload
    = 0'
  ' MtAsicSetTxPreamble(3026)': 'kernel: MtAsicSetTxPreamble(3026): Not support for
    HIF_MT yet!'
  ' MtAsicSetPreTbtt()': 'kernel: MtAsicSetPreTbtt(): bss_idx=0, PreTBTT timeout =
    0xf0'
  ' Main bssid = 50': 'kernel: Main bssid = 50:eb:f6:0a:93:28'
  ' @@@ ed_monitor_exit ': 'kernel: @@@ ed_monitor_exit : ===>'
  ' mt7628_set_ed_cca': 'kernel: mt7628_set_ed_cca: TURN OFF EDCCA  mac 0x10618 =
    0xd7083f0f, EDCCA_Status=0'
  ' WiFi Startup Cost (ra0)': 'kernel: WiFi Startup Cost (ra0): 6.900s'
  ' rai0': 'kernel: rai0: ===> main_virtual_if_open'
  ' get_wdev_by_idx': 'kernel: get_wdev_by_idx: invalid idx(0)'
  ' check_runtime_para 1315': 'kernel: check_runtime_para 1315: match'
  ' driver_own()': 'kernel: driver_own()::Try to Clear FW Own...'
  ' APWdsInitialize()': 'kernel: APWdsInitialize():WdsEntry[0]'
  ' RtmpOSFileOpen()': 'kernel: RtmpOSFileOpen(): Error 2 opening /etc/Wireless/iNIC/iNIC_ap_2G.dat'
  ' profile': 'kernel: profile: FragThreshold[0]=2346'
  ' read_itxbf': 'kernel: read_itxbf: ITxBfEn = 0'
  ' read_etxbf': 'kernel: read_etxbf: ETxBfEnCond = 1'
  ' rtmp_read_wds_from_file()': 'kernel: rtmp_read_wds_from_file(): WDS Profile'
  ' HT': 'kernel: HT: WDEV[0] Ext Channel = BELOW'
  ' RTMPSetProfileParameters': 'kernel: RTMPSetProfileParameters: Mcast frame, i=0,  Mode=0!'
  ' RTMPReadParametersHook 808': 'kernel: RTMPReadParametersHook 808: don''t change
    config'
  ' WtcSetMaxStaNum': 'kernel: WtcSetMaxStaNum: MaxStaNum:111, BssidNum:1, WdsNum:4,
    ApcliNum:1, MaxNumChipRept:16, MinMcastWcid:133'
  ' cut_through_init()': 'kernel: cut_through_init(): ct sw token number = 2047'
  ' cut_through_token_list_init()': 'kernel: cut_through_token_list_init(): TokenList
    inited done!id_head/tail=0/2048'
  ' mt7663_fw_prepare()': 'kernel: mt7663_fw_prepare():using E2 ROM patch'
  " \tBuilt date": "kernel: \tBuilt date: 200605171533622"
  " \tPlatform": "kernel: \tPlatform: 7663"
  " \tHW/SW version": "kernel: \tHW/SW version: 0x6d702d31"
  " \tPatch version": "kernel: \tPatch version: 0x3830328a"
  " \tTarget address": "kernel: \tTarget address: 0xdc000, length: 204096"
  ' EventGenericEventHandler': 'kernel: EventGenericEventHandler: CMD Success'
  ' MtCmdAddressLenReq': 'kernel: MtCmdAddressLenReq:(ret = 0)'
  ' WfMcuHwInit': 'kernel: WfMcuHwInit: Before NICLoadFirmware, check ICapMode = 0'
  " \tChip ID": "kernel: \tChip ID: 0x08"
  " \tEco version": "kernel: \tEco version: 0x01"
  " \tRegion number": "kernel: \tRegion number: 0x03"
  " \tFormat version": "kernel: \tFormat version: 0x02"
  " \tFormat flag": "kernel: \tFormat flag: 0x01"
  " \tRam version": "kernel: \tRam version: 7663mp1827"
  " \tFeature set": "kernel: \tFeature set: 0x27"
  " \tDecomp crc": "kernel: \tDecomp crc: 0x0"
  " \tDecomp size": "kernel: \tDecomp size: 0x0"
  " \tDecomp block size": "kernel: \tDecomp block size: 0x0"
  " \tDownload size": "kernel: \tDownload size: 70848"
  " \tRelease info": "kernel: \tRelease info: header tag = 0, total length = 0"
  ' MtCmdFwStartReq': 'kernel: MtCmdFwStartReq: override = 0x1, address = 0x112c00'
  ' validFlashEepromID()': 'kernel: validFlashEepromID(): eeFlashId=7663, pAd->ChipID=7663'
  ' RTMPReadTxPwrPerRate(444)': 'kernel: RTMPReadTxPwrPerRate(444): Don''t Support
    this now!'
  ' RcRadioInit()': 'kernel: RcRadioInit(): DbdcMode=0, ConcurrentBand=1'
  ' AntCfgInit(2920)': 'kernel: AntCfgInit(2920): Not support for HIF_MT yet!'
  ' MtReadPwrLimitTable': 'kernel: MtReadPwrLimitTable: RF_LOCKDOWN Feature OFF !!!'
  ' mt_mac_pse_init(2958)': 'kernel: mt_mac_pse_init(2958): Don''t Support this now!'
  ' mt7663_init_mac_cr()': 'kernel: mt7663_init_mac_cr(): TMAC_TRCR0=0x82783c92'
  ' MtAsicSetMacMaxLen(1073)': 'kernel: MtAsicSetMacMaxLen(1073): Not support for
    HIF_MT yet!'
  ' CmdRxHdrTransBLUpdateRsp': 'kernel: CmdRxHdrTransBLUpdateRsp::EventExtCmdResult.u4Status
    = 0x0'
  ' MT7663BBPInit()': 'kernel: MT7663BBPInit():BBP Initialization.....'
  " \tBand 0": "kernel: \tBand 0: valid=1, isDBDC=0, Band=2, CBW=1, CentCh/PrimCh=1/1,\
    \ prim_ch_idx=0, txStream=2"
  " \tBand 1": "kernel: \tBand 1: valid=0, isDBDC=0, Band=0, CBW=0, CentCh/PrimCh=0/0,\
    \ prim_ch_idx=0, txStream=0"
  ' tx_pwr_comp_init()': 'kernel: tx_pwr_comp_init():NotSupportYet!'
  ' MtCmdSetMacTxRx': 'kernel: MtCmdSetMacTxRx:(ret = 0)'
  ' asic_bss_beacon_init()': 'kernel: asic_bss_beacon_init(): NotSupportedFunc for
    this arch(HIF_MT)!'
  ' MtAsicSetChBusyStat(646)': 'kernel: MtAsicSetChBusyStat(646): Not support for
    HIF_MT yet!'
  ' AsicDisableSync()': 'kernel: AsicDisableSync(): NotSupportedFunc for this arch(HIF_MT)!'
  ' MtAsicSetRalinkBurstMode(2219)': 'kernel: MtAsicSetRalinkBurstMode(2219): Not
    support for HIF_MT yet!'
  ' MtAsicSetPiggyBack(590)': 'kernel: MtAsicSetPiggyBack(590): Not support for HIF_MT
    yet!'
  ' WifiFwdSet': 'kernel: WifiFwdSet::disabled=0'
  ' AsicSetPreTbtt()': 'kernel: AsicSetPreTbtt(): NotSupportedFunc for this arch(HIF_MT)!'
  ' Main bssid = 00': 'kernel: Main bssid = 00:00:00:00:00:00'
  ' AsicSetRxFilter()': 'kernel: AsicSetRxFilter(): NotSupportedFunc for this arch(HIF_MT)!'
  ' TxBfModuleEnCtrl': 'kernel: TxBfModuleEnCtrl:It''s not DBDC mode'
  ' MtCmdEDCCACtrl': 'kernel: MtCmdEDCCACtrl: BandIdx: 0, EDCCACtrl: 1'
  ' Caller': 'kernel: Caller: SetCommonHT+0xd8/0x198 [mt_wifi_7663]'
  ' ht_cap': 'kernel: ht_cap: ht_cap->HtCapInfo, '
  ' WDS_Init()': 'kernel: WDS_Init():'
  ' The new WDS interface MAC = 00': 'kernel: The new WDS interface MAC = 00:00:00:00:00:00'
  ' RedInit': 'kernel: RedInit: set Driver/N9 RED Enable to 1.'
  ' cp_support_is_enabled': 'kernel: cp_support_is_enabled: set Driver CP_SUPPORT
    to Mode 2.'
  ' wdev_attr_update()': 'kernel: wdev_attr_update(): wdevId0 = 50:eb:f6:0a:93:2c'
  ' phy_freq_adjust ': 'kernel: phy_freq_adjust : no prim_ch value for adjust!'
  ' AsicRadioOnOffCtrl()': 'kernel: AsicRadioOnOffCtrl(): DbdcIdx=0 RadioOn'
  ' ApAutoChannelAtBootUp': 'kernel: ApAutoChannelAtBootUp: AutoChannelBootup[0] =
    1'
  ' Channel 36 ': 'kernel: Channel 36 : Dirty = 0, False CCA = 0, Busy Time = 48,
    Skip Channel = TRUE'
  ' Channel 40 ': 'kernel: Channel 40 : Dirty = 0, False CCA = 0, Busy Time = 7, Skip
    Channel = TRUE'
  ' Channel 44 ': 'kernel: Channel 44 : Dirty = 0, False CCA = 0, Busy Time = 13,
    Skip Channel = TRUE'
  ' Channel 48 ': 'kernel: Channel 48 : Dirty = 0, False CCA = 0, Busy Time = 10,
    Skip Channel = TRUE'
  ' Channel 149 ': 'kernel: Channel 149 : Dirty = 0, False CCA = 0, Busy Time = 0,
    Skip Channel = FALSE'
  ' Channel 153 ': 'kernel: Channel 153 : Dirty = 0, False CCA = 0, Busy Time = 0,
    Skip Channel = FALSE'
  ' Channel 157 ': 'kernel: Channel 157 : Dirty = 0, False CCA = 0, Busy Time = 0,
    Skip Channel = FALSE'
  ' Channel 161 ': 'kernel: Channel 161 : Dirty = 0, False CCA = 0, Busy Time = 0,
    Skip Channel = FALSE'
  ' Channel 165 ': 'kernel: Channel 165 : Dirty = 0, False CCA = 0, Busy Time = 0,
    Skip Channel = TRUE'
  ' ApAutoChannelAtBootUp ': 'kernel: ApAutoChannelAtBootUp : Auto channel selection:
    Selected channel = 149, IsAband = 1'
  ' wtc_acquire_groupkey_wcid': 'kernel: wtc_acquire_groupkey_wcid: Found a non-occupied
    wtbl_idx:135 for WDEV_TYPE:1'
  ' MtCmdTxPowerSKUCtrl': 'kernel: MtCmdTxPowerSKUCtrl: fgTxPowerSKUEn: 1, BandIdx:
    0'
  ' MtCmdTxBfBackoffCtrl': 'kernel: MtCmdTxBfBackoffCtrl: fgTxBFBackoffEn: 1, BandIdx:
    0'
  ' MtCmdTxPowerPercentCtrl': 'kernel: MtCmdTxPowerPercentCtrl: fgTxPowerPercentEn:
    0, BandIdx: 0'
  ' AsicSetTxStream()': 'kernel: AsicSetTxStream(): NotSupportedFunc for this arch(HIF_MT)!'
  ' AsicSetRxStream()': 'kernel: AsicSetRxStream(): NotSupportedFunc for this arch(HIF_MT)!'
  ' Set_TxPower_Proc': 'kernel: Set_TxPower_Proc: BandIdx = 0'
  ' set watchdog pid as': 'kernel: set watchdog pid as: 477'
  ' rx_data_frm_announce': 'kernel: rx_data_frm_announce: CM, wcid=2'
  ' AP SETKEYS DONE - AKMMap=WPA2-Personal, PairwiseCipher=AES, GroupCipher=AES, wcid=1 from D4': 'kernel:
    AP SETKEYS DONE - AKMMap=WPA2-Personal, PairwiseCipher=AES, GroupCipher=AES, wcid=1
    from D4:90:9C:D4:3F:23'
  ' AP SETKEYS DONE - AKMMap=WPA2-Personal, PairwiseCipher=AES, GroupCipher=AES, wcid=2 from F2': 'kernel:
    AP SETKEYS DONE - AKMMap=WPA2-Personal, PairwiseCipher=AES, GroupCipher=AES, wcid=2
    from F2:EE:EF:F8:53:61'
  ' AP SETKEYS DONE - AKMMap=WPA2-Personal, PairwiseCipher=AES, GroupCipher=AES, wcid=3 from 38': 'kernel:
    AP SETKEYS DONE - AKMMap=WPA2-Personal, PairwiseCipher=AES, GroupCipher=AES, wcid=3
    from 38:53:9C:C7:90:E2'
  ' AP SETKEYS DONE - AKMMap=WPA2-Personal, PairwiseCipher=AES, GroupCipher=AES, wcid=4 from D0': 'kernel:
    AP SETKEYS DONE - AKMMap=WPA2-Personal, PairwiseCipher=AES, GroupCipher=AES, wcid=4
    from D0:E1:40:A5:8B:01'
  ' AP SETKEYS DONE - AKMMap=WPA2-Personal, PairwiseCipher=AES, GroupCipher=AES, wcid=5 from B2': 'kernel:
    AP SETKEYS DONE - AKMMap=WPA2-Personal, PairwiseCipher=AES, GroupCipher=AES, wcid=5
    from B2:19:0F:41:51:F5'
  ' AP SETKEYS DONE - AKMMap=WPA2-Personal, PairwiseCipher=AES, GroupCipher=AES, wcid=6 from DC': 'kernel:
    AP SETKEYS DONE - AKMMap=WPA2-Personal, PairwiseCipher=AES, GroupCipher=AES, wcid=6
    from DC:37:14:7E:EE:56'
  ' AP SETKEYS DONE - AKMMap=WPA2-Personal, PairwiseCipher=AES, GroupCipher=AES, wcid=6 from EE': 'kernel:
    AP SETKEYS DONE - AKMMap=WPA2-Personal, PairwiseCipher=AES, GroupCipher=AES, wcid=6
    from EE:3C:F3:7D:0E:F3'
  ' AP SETKEYS DONE - AKMMap=WPA2-Personal, PairwiseCipher=AES, GroupCipher=AES, wcid=6 from 4C': 'kernel:
    AP SETKEYS DONE - AKMMap=WPA2-Personal, PairwiseCipher=AES, GroupCipher=AES, wcid=6
    from 4C:FC:AA:32:B7:EF'
  ' ageout ee': 'kernel: ageout ee:3c:f3:7d:0e:f3 after 300-sec silence'
  ' AP SETKEYS DONE - AKMMap=WPA2-Personal, PairwiseCipher=AES, GroupCipher=AES from 4C': 'kernel:
    AP SETKEYS DONE - AKMMap=WPA2-Personal, PairwiseCipher=AES, GroupCipher=AES from
    4C:FC:AA:32:B7:EF'
  ' WPAHandshakeMsgRetryExec': 'kernel: WPAHandshakeMsgRetryExec::Group rekey timeout
    from F2:EE:EF:F8:53:61'
  ' Linux version 3.10.108 (heidi_wen@sw4-build-server) (gcc version 4.6.3 (Buildroot 2012.11.1) ) #1 Fri May 14 14': 'kernel:
    Linux version 3.10.108 (heidi_wen@sw4-build-server) (gcc version 4.6.3 (Buildroot
    2012.11.1) ) #1 Fri May 14 14:52:19 CST 2021'
  ' CmdFwStartReq': 'kernel: CmdFwStartReq: override = 1, address = 1048576'
  ' CmdStartDLRsp': 'kernel: CmdStartDLRsp: WiFI FW Download Success'
  ' MtAsicDMASchedulerInit()': 'kernel: MtAsicDMASchedulerInit(): DMA Scheduler Mode=0(LMAC)'
  ' Rule 3 Channel Busy time value ': 'kernel: Rule 3 Channel Busy time value : Select
    Primary Channel 149'
  ' AP SETKEYS DONE - AKMMap=WPA2-Personal, PairwiseCipher=AES, GroupCipher=AES, wcid=1 from 4C': 'kernel:
    AP SETKEYS DONE - AKMMap=WPA2-Personal, PairwiseCipher=AES, GroupCipher=AES, wcid=1
    from 4C:FC:AA:32:B7:EF'
  ' AP SETKEYS DONE - AKMMap=WPA2-Personal, PairwiseCipher=AES, GroupCipher=AES, wcid=2 from D4': 'kernel:
    AP SETKEYS DONE - AKMMap=WPA2-Personal, PairwiseCipher=AES, GroupCipher=AES, wcid=2
    from D4:90:9C:D4:3F:23'
  ' AP SETKEYS DONE - AKMMap=WPA2-Personal, PairwiseCipher=AES, GroupCipher=AES, wcid=1 from D0': 'kernel:
    AP SETKEYS DONE - AKMMap=WPA2-Personal, PairwiseCipher=AES, GroupCipher=AES, wcid=1
    from D0:E1:40:A5:8B:01'
  ' AP SETKEYS DONE - AKMMap=WPA2-Personal, PairwiseCipher=AES, GroupCipher=AES, wcid=3 from 90': 'kernel:
    AP SETKEYS DONE - AKMMap=WPA2-Personal, PairwiseCipher=AES, GroupCipher=AES, wcid=3
    from 90:78:B2:95:AB:3D'
  ' AP SETKEYS DONE - AKMMap=WPA2-Personal, PairwiseCipher=AES, GroupCipher=AES, wcid=4 from 4C': 'kernel:
    AP SETKEYS DONE - AKMMap=WPA2-Personal, PairwiseCipher=AES, GroupCipher=AES, wcid=4
    from 4C:FC:AA:32:B7:EF'
  ' AP SETKEYS DONE - AKMMap=WPA2-Personal, PairwiseCipher=AES, GroupCipher=AES, wcid=5 from 38': 'kernel:
    AP SETKEYS DONE - AKMMap=WPA2-Personal, PairwiseCipher=AES, GroupCipher=AES, wcid=5
    from 38:53:9C:C7:90:E2'
  ' AP SETKEYS DONE - AKMMap=WPA2-Personal, PairwiseCipher=AES, GroupCipher=AES, wcid=6 from F2': 'kernel:
    AP SETKEYS DONE - AKMMap=WPA2-Personal, PairwiseCipher=AES, GroupCipher=AES, wcid=6
    from F2:EE:EF:F8:53:61'
  ' AP SETKEYS DONE - AKMMap=WPA2-Personal, PairwiseCipher=AES, GroupCipher=AES, wcid=4 from DC': 'kernel:
    AP SETKEYS DONE - AKMMap=WPA2-Personal, PairwiseCipher=AES, GroupCipher=AES, wcid=4
    from DC:37:14:7E:EE:56'
  ' AP SETKEYS DONE - AKMMap=WPA2-Personal, PairwiseCipher=AES, GroupCipher=AES, wcid=7 from 4C': 'kernel:
    AP SETKEYS DONE - AKMMap=WPA2-Personal, PairwiseCipher=AES, GroupCipher=AES, wcid=7
    from 4C:FC:AA:32:B7:EF'
  ' AP SETKEYS DONE - AKMMap=WPA2-Personal, PairwiseCipher=AES, GroupCipher=AES, wcid=7 from B2': 'kernel:
    AP SETKEYS DONE - AKMMap=WPA2-Personal, PairwiseCipher=AES, GroupCipher=AES, wcid=7
    from B2:19:0F:41:51:F5'
  ' AP SETKEYS DONE - AKMMap=WPA2-Personal, PairwiseCipher=AES, GroupCipher=AES, wcid=8 from 4C': 'kernel:
    AP SETKEYS DONE - AKMMap=WPA2-Personal, PairwiseCipher=AES, GroupCipher=AES, wcid=8
    from 4C:FC:AA:32:B7:EF'
  ' ageout d4': 'kernel: ageout d4:90:9c:d4:3f:23 after 300-sec silence'
  ' AP SETKEYS DONE - AKMMap=WPA2-Personal, PairwiseCipher=AES, GroupCipher=AES, wcid=4 from EE': 'kernel:
    AP SETKEYS DONE - AKMMap=WPA2-Personal, PairwiseCipher=AES, GroupCipher=AES, wcid=4
    from EE:3C:F3:7D:0E:F3'
  ' AP SETKEYS DONE - AKMMap=WPA2-Personal, PairwiseCipher=AES, GroupCipher=AES, wcid=4 from F2': 'kernel:
    AP SETKEYS DONE - AKMMap=WPA2-Personal, PairwiseCipher=AES, GroupCipher=AES, wcid=4
    from F2:EE:EF:F8:53:61'
  ' Channel 12 ': 'kernel: Channel 12 : Dirty = 32, False CCA = 0, Busy Time = 11724,
    Skip Channel = TRUE'
  ' Channel 13 ': 'kernel: Channel 13 : Dirty = 28, False CCA = 0, Busy Time = 11959,
    Skip Channel = TRUE'
  ' Main bssid = 3c': 'kernel: Main bssid = 3c:7c:3f:c5:69:f8'
  ' @@@ ed_monitor_init ': 'kernel: @@@ ed_monitor_init : ===>'
  ' @@@ ed_status_read': 'kernel: @@@ ed_status_read: EDCCA TH - H'
  ' pAd->ed_trigger_cnt ': 'kernel: pAd->ed_trigger_cnt : 0 > 20 ||  pAd->ed_big_rssi_stat
    : 0 < 50'
  ' Channel  36 ': 'kernel: Channel  36 : Busy Time =     82, Skip Channel = FALSE,
    BwCap = TRUE'
  ' Channel  40 ': 'kernel: Channel  40 : Busy Time =     61, Skip Channel = FALSE,
    BwCap = TRUE'
  ' Channel  44 ': 'kernel: Channel  44 : Busy Time =     41, Skip Channel = FALSE,
    BwCap = TRUE'
  ' Channel  48 ': 'kernel: Channel  48 : Busy Time =     55, Skip Channel = FALSE,
    BwCap = TRUE'
  ' Channel  52 ': 'kernel: Channel  52 : Busy Time =     45, Skip Channel = FALSE,
    BwCap = TRUE'
  ' Channel  56 ': 'kernel: Channel  56 : Busy Time =     25, Skip Channel = FALSE,
    BwCap = TRUE'
  ' Channel  60 ': 'kernel: Channel  60 : Busy Time =     14, Skip Channel = FALSE,
    BwCap = TRUE'
  ' Channel  64 ': 'kernel: Channel  64 : Busy Time =     11, Skip Channel = FALSE,
    BwCap = TRUE'
  ' Channel 100 ': 'kernel: Channel 100 : Busy Time =     14, Skip Channel = FALSE,
    BwCap = TRUE'
  ' Channel 104 ': 'kernel: Channel 104 : Busy Time =     25, Skip Channel = FALSE,
    BwCap = TRUE'
  ' Channel 108 ': 'kernel: Channel 108 : Busy Time =     21, Skip Channel = FALSE,
    BwCap = TRUE'
  ' Channel 112 ': 'kernel: Channel 112 : Busy Time =     12, Skip Channel = FALSE,
    BwCap = TRUE'
  ' AsicSetSyncModeAndEnable()': 'kernel: AsicSetSyncModeAndEnable(): NotSupportedFunc
    for this arch(HIF_MT)!'
  ' ExtEventBeaconLostHandler': 'kernel: ExtEventBeaconLostHandler::FW LOG, Beacon
    lost (3c:7c:3f:c5:69:fc), Reason 0x10'
  ' APStop(), oper(0) bssid(0)=3c': 'kernel: APStop(), oper(0) bssid(0)=3c:7c:3f:c5:69:fc'
  ' asic_bss_beacon_exit()': 'kernel: asic_bss_beacon_exit(): NotSupportedFunc for
    this arch(HIF_MT)!'
  ' CmdReStartDLRsp': 'kernel: CmdReStartDLRsp: WiFI FW Download Success'
  ' RT28xxPciAsicRadioOff()': 'kernel: RT28xxPciAsicRadioOff(): Not support for HIF_MT
    yet!'
  ' cut_through_token_list_destroy()': 'kernel: cut_through_token_list_destroy():
    8223de08,8223de08'
  ' AsicResetWPDMA()': 'kernel: AsicResetWPDMA(): NotSupportedFunc for this arch(HIF_MT)!'
  ' fw_own()': 'kernel: fw_own(): Write 1 to MT_CONN_HIF_ON_LPCTL bit 0 to set FW
    own'
  ' RTMP_AllTimerListRelease': 'kernel: RTMP_AllTimerListRelease: Size=36'
  ' xt_connbytes': 'kernel: xt_connbytes: Forcing CT accounting to be enabled'
  ' HTB': 'kernel: HTB: quantum of class 10001 is big. Consider r2q change.'
  ' ol_if_dfs_configure': 'kernel: ol_if_dfs_configure: ETSI domain'
  ' ath001': 'kernel: ath001: [6e:45:94:bf:18:84]station associated at aid 1: long
    preamble, short slot time, QoS, HT20 cap 0x431'
  ' ath0': 'kernel: ath0: [d8:13:99:ac:ca:62]station with aid 0 leaves (refcnt 3) '
  ' ath1': 'kernel: ath1: [c0:3c:59:fe:00:c9]station with aid 0 leaves (refcnt 2) '
  ' ce_h2t_tx_ce_cleanup 1039 Fastpath mode ON, Cleaning up HTT Tx CEsmart_log_deinit': 'kernel:
    ce_h2t_tx_ce_cleanup 1039 Fastpath mode ON, Cleaning up HTT Tx CEsmart_log_deinit:
    Smart logging Disabled'
  ' Reset complete for wifi core id ': 'kernel: Reset complete for wifi core id :
    0'
  ' hif_disable': 'kernel: hif_disable: Xhif_napi_destroy: NAPI 6 destroyed'
  ? ' Linux version 3.14.77 (barton@localhost.localdomain) (gcc version 4.6.3 20120201
    (prerelease) (Linaro GCC 4.6-2012.02) ) #1 SMP PREEMPT Wed May 12 12'
  : 'kernel: Linux version 3.14.77 (barton@localhost.localdomain) (gcc version 4.6.3
    20120201 (prerelease) (Linaro GCC 4.6-2012.02) ) #1 SMP PREEMPT Wed May 12 12:57:14
    CST 2021'
  ' Creating 1 MTD partitions on "msm-nor0"': 'kernel: Creating 1 MTD partitions on
    "msm-nor0":'
  ' Creating 1 MTD partitions on "spi0.1"': 'kernel: Creating 1 MTD partitions on
    "spi0.1":'
  ' 0x000000202fc0-0x000003013000 ': 'kernel: 0x000000202fc0-0x000003013000 : "rootfs"'
  ' Creating 1 MTD partitions on "linux2"': 'kernel: Creating 1 MTD partitions on
    "linux2":'
  ' ERROR': 'kernel: ERROR: No  wifi_dump dts node available in the dts entry file'
  ' VAP device ath001 created osifp': 'kernel: VAP device ath001 created osifp: (c36b04c0)
    os_if: (c36a0000)'
  ' xhci-hcd xhci-hcd.1.auto': 'kernel: xhci-hcd xhci-hcd.1.auto: Host not halted
    after 16000 microseconds.'
  ' usb 2-1': 'kernel: usb 2-1: Parent hub missing LPM exit latency info.  Power management
    will be impacted.'
  ' wmi_dbg_cfg_send': 'kernel: wmi_dbg_cfg_send: mod[0]00000000 dbgcfg50000000 cfgvalid[0]
    00000000 cfgvalid[1] 00000000, cfgvalid[2] 70000000'
  ' osif_vap_init': 'kernel: osif_vap_init: Scan in progress.. Cancelling it. vap:
    0xc36a0000 '
  ' send_beacon_send_cmd_non_tlv': 'kernel: send_beacon_send_cmd_non_tlv: wmi_buf_alloc
    failed'
  ' mastiff invoked oom-killer': 'kernel: mastiff invoked oom-killer: gfp_mask=0x201da,
    order=0, oom_score_adj=0'
  ' 5fa0': 'kernel: 5fa0:                                     00000000 bec43a70 00010000
    00000000'
  ' 5fc0': 'kernel: 5fc0: 00018804 00018584 bec44bfc 00000000 0000f7fa 00000000 0000f80e
    00000000'
  ' 5fe0': 'kernel: 5fe0: b6be2098 bec43a88 b6bd68c8 0000a050 00000010 ffffffff'
  ' Mem-info': 'kernel: Mem-info:'
  ' Normal per-cpu': 'kernel: Normal per-cpu:'
  ' CPU    0': 'kernel: CPU    0: hi:   42, btch:   7 usd:   0'
  ' CPU    1': 'kernel: CPU    1: hi:   42, btch:   7 usd:  10'
  ' CPU    2': 'kernel: CPU    2: hi:   42, btch:   7 usd:   1'
  ' CPU    3': 'kernel: CPU    3: hi:   42, btch:   7 usd:  35'
  ' active_anon': 'kernel: active_anon:5319 inactive_anon:533 isolated_anon:0'
  '  active_file': 'kernel:  active_file:240 inactive_file:327 isolated_file:0'
  '  unevictable': 'kernel:  unevictable:0 dirty:0 writeback:0 unstable:0'
  '  free': 'kernel:  free:1151 slab_reclaimable:2562 slab_unreclaimable:12806'
  '  mapped': 'kernel:  mapped:142 shmem:559 pagetables:210 bounce:0'
  '  free_cma': 'kernel:  free_cma:0'
  ' Normal free': 'kernel: Normal free:4828kB min:4096kB low:5120kB high:6144kB active_anon:21276kB
    inactive_anon:2132kB active_file:960kB inactive_file:1308kB unevictable:0kB isolated(anon):0kB
    isolated(file):0kB present:129024kB managed:121732kB mlocked:0kB dirty:0kB writeback:0kB
    mapped:568kB shmem:2236kB slab_reclaimable:10248kB slab_unreclaimable:51000kB
    kernel_stack:848kB pagetables:840kB unstable:0kB bounce:0kB free_cma:0kB writeback_tmp:0kB
    pages_scanned:0 all_unreclaimable? no'
  ' lowmem_reserve[]': 'kernel: lowmem_reserve[]: 0 0 0'
  ' Normal': 'kernel: Normal: 1207*4kB (UEM) 44*8kB (UEM) 24*16kB (UR) 23*32kB (UMR)
    0*64kB 0*128kB 1*256kB (R) 0*512kB 0*1024kB 0*2048kB 0*4096kB = 6556kB'
  ' Out of memory': 'kernel: Out of memory: Kill process 691 (networkmap) score 27
    or sacrifice child'
  ' Killed process 691 (networkmap) total-vm': 'kernel: Killed process 691 (networkmap)
    total-vm:4628kB, anon-rss:3352kB, file-rss:88kB'
  ' wanduck invoked oom-killer': 'kernel: wanduck invoked oom-killer: gfp_mask=0x4d0,
    order=2, oom_score_adj=0'
  ' Killed process 26497 (networkmap) total-vm': 'kernel: Killed process 26497 (networkmap)
    total-vm:4624kB, anon-rss:3344kB, file-rss:80kB'
  ' miniupnpd invoked oom-killer': 'kernel: miniupnpd invoked oom-killer: gfp_mask=0x201da,
    order=0, oom_score_adj=0'
  ' 3fe0': 'kernel: 3fe0: 00024a5c be8d7538 00015b5c b6f46c20 20000010 ffffffff'
  ' Killed process 27785 (asusdiscovery) total-vm': 'kernel: Killed process 27785
    (asusdiscovery) total-vm:1296kB, anon-rss:132kB, file-rss:0kB'
  ' vap1': 'kernel: vap1: Init in progress. Delay vap_stop'
  ' PCIE': 'kernel: PCIE: Doing PLX switch Init...Test Read = fb410003'
  ' 0x0000003afe7c-0x000004000000 ': 'kernel: 0x0000003afe7c-0x000004000000 : "rootfs"'
  ' Creating 1 MTD partitions on "brcmnand"': 'kernel: Creating 1 MTD partitions on
    "brcmnand":'
  ' 0x000004000000-0x000008000000 ': 'kernel: 0x000004000000-0x000008000000 : "brcmnand"'
  ' Compiled in drivers/net/wireless/bcmdhd on May  1 2021 at 04': 'kernel: Compiled
    in drivers/net/wireless/bcmdhd on May  1 2021 at 04:53:56'
  ' mac': 'kernel: mac: 6 '
  ' JFFS2 notice': 'kernel: JFFS2 notice: (115) check_node_data: wrong data CRC in
    data node at 0x02b07f2c: read 0xab34463f, calculated 0xd4e5e8c1.'
  ' Successfully alloc ctrie': 'kernel: Successfully alloc ctrie: state num=20, mem=320'
  ' bsd/15182': 'kernel: bsd/15182: potentially unexpected fatal signal 11.'
  ' Pid': 'kernel: Pid: 15182, comm:                  bsd'
  ' pc ': 'kernel: pc : [<0001c8a4>]    lr : [<0001c834>]    psr: 20000010'
  ' sp ': 'kernel: sp : 7ec2cad8  ip : 00000000  fp : 00000000'
  ' r10': 'kernel: r10: 0000005f  r9 : 00000064  r8 : 0000002c'
  ' r7 ': 'kernel: r7 : 00049010  r6 : 00040ea4  r5 : 00049020  r4 : 000002f1'
  ' r3 ': 'kernel: r3 : 00000001  r2 : 0000645f  r1 : 0003ae3c  r0 : 00000000'
  ' Flags': 'kernel: Flags: nzCv  IRQs on  FIQs on  Mode USER_32  ISA ARM  Segment
    user'
  ' Control': 'kernel: Control: 10c53c7d  Table: 5a49c04a  DAC: 00000015'
  ' bsd/15472': 'kernel: bsd/15472: potentially unexpected fatal signal 11.'
  ' bsd/15528': 'kernel: bsd/15528: potentially unexpected fatal signal 11.'
  ' bsd/15793': 'kernel: bsd/15793: potentially unexpected fatal signal 11.'
  ' bsd/15849': 'kernel: bsd/15849: potentially unexpected fatal signal 11.'
  ' bsd/19026': 'kernel: bsd/19026: potentially unexpected fatal signal 11.'
  ' bsd/19081': 'kernel: bsd/19081: potentially unexpected fatal signal 11.'
  ' bsd/19737': 'kernel: bsd/19737: potentially unexpected fatal signal 11.'
  ' bsd/19795': 'kernel: bsd/19795: potentially unexpected fatal signal 11.'
  '  ieee80211_ioctl_kickmac[]': 'kernel:  ieee80211_ioctl_kickmac[10936], pid 11341
    comm [iwpriv] MAC:[74:59:09:b8:8e:0b]'
  ' DROP IN=eth0 OUT= MAC=ff': 'kernel: DROP IN=eth0 OUT= MAC=ff:ff:ff:ff:ff:ff:b0:be:76:60:e8:2f:08:00
    SRC=0.0.0.0 DST=255.255.255.255 LEN=576 TOS=0x00 PREC=0x00 TTL=64 ID=18392 PROTO=UDP
    SPT=68 DPT=67 LEN=556 '
  ' DROP IN=vlan2 OUT= MAC=2c': 'kernel: DROP IN=vlan2 OUT= MAC=2c:f0:5d:66:72:a4:00:01:5c:b1:c2:46:08:00:45:00:00:28
    SRC=216.58.215.74 DST=10.6.116.146 LEN=40 TOS=0x00 PREC=0x00 TTL=58 ID=0 DF PROTO=TCP
    SPT=443 DPT=50022 SEQ=581414990 ACK=1888841389 WINDOW=265 RES=0x00 ACK URGP=0 '
  ' DROP IN=vlan2 OUT= MAC=01': 'kernel: DROP IN=vlan2 OUT= MAC=01:00:5e:00:00:01:00:01:5c:b1:c2:46:08:00:46:c0:00:20
    SRC=10.220.148.1 DST=224.0.0.1 LEN=32 TOS=0x00 PREC=0xC0 TTL=1 ID=22219 OPT (94040000)
    PROTO=2 '
  ' cac_timeout ': 'kernel: cac_timeout : 1629 CAC expired here, adding to etsi_precac_done_list'
  ' Linux version 2.6.36.4brcmarm (root@asus) (gcc version 4.5.3 (Buildroot 2012.02) ) #1 SMP PREEMPT Tue Jan 18 09': 'kernel:
    Linux version 2.6.36.4brcmarm (root@asus) (gcc version 4.5.3 (Buildroot 2012.02)
    ) #1 SMP PREEMPT Tue Jan 18 09:08:55 CST 2022'
  ' Found a AMD NAND flash': 'kernel: Found a AMD NAND flash:'
  ' 0x00000039c5c0-0x000004000000 ': 'kernel: 0x00000039c5c0-0x000004000000 : "rootfs"'
  ' xhci_hcd 0000': 'kernel: xhci_hcd 0000:00:0c.0: Failed to enable MSI-X'
  ' usb usb1': 'kernel: usb usb1: No SuperSpeed endpoint companion for config 1  interface
    0 altsetting 0 ep 129: using minimum values'
  ' Linux version 2.6.36.4brcmarm (root@asus) (gcc version 4.5.3 (Buildroot 2012.02) ) #1 SMP PREEMPT Wed Mar 23 12': 'kernel:
    Linux version 2.6.36.4brcmarm (root@asus) (gcc version 4.5.3 (Buildroot 2012.02)
    ) #1 SMP PREEMPT Wed Mar 23 12:03:37 CST 2022'
  ' 0x00000039c62c-0x000004000000 ': 'kernel: 0x00000039c62c-0x000004000000 : "rootfs"'
  ' amas_wlcconnect/1593': 'kernel: amas_wlcconnect/1593: potentially unexpected fatal
    signal 11.'
  ' roamast/1819': 'kernel: roamast/1819: potentially unexpected fatal signal 6.'
  ' roamast/8320': 'kernel: roamast/8320: potentially unexpected fatal signal 6.'
  ' dpsta_enable': 'kernel: dpsta_enable: invalid uif_bmap 0!'
  ' dpsta disabled': 'kernel: dpsta disabled: policy only can be 0~4'
  ' dpsta disbled': 'kernel: dpsta disbled: lan_uif only can be 0~3'
  ' roamast/425': 'kernel: roamast/425: potentially unexpected fatal signal 11.'
  ' roamast/1045': 'kernel: roamast/1045: potentially unexpected fatal signal 11.'
  ' roamast/1043': 'kernel: roamast/1043: potentially unexpected fatal signal 11.'
  ' roamast/416': 'kernel: roamast/416: potentially unexpected fatal signal 11.'
  ' roamast/1046': 'kernel: roamast/1046: potentially unexpected fatal signal 11.'
  ' roamast/1038': 'kernel: roamast/1038: potentially unexpected fatal signal 6.'
  ' roamast/454': 'kernel: roamast/454: potentially unexpected fatal signal 6.'
  ' roamast/1035': 'kernel: roamast/1035: potentially unexpected fatal signal 6.'
  ' roamast/1037': 'kernel: roamast/1037: potentially unexpected fatal signal 6.'
  ' EE': 'kernel: EE:74:78:33:C9:B2 not mesh client, can''t update it''s ip'
  ' 0E': 'kernel: 0E:2B:6A:30:F4:3E not mesh client, can''t update it''s ip'
  ' 48': 'kernel: 48:4C:86:4F:C5:17 not mesh client, can''t delete it'
  ' 10': 'kernel: 10:48:B1:A7:F9:60 not mesh client, can''t delete it'
  ' BC': 'kernel: BC:30:7E:A3:54:8F not mesh client, can''t delete it'
  ' 78': 'kernel: 78:11:DC:43:F5:93 not mesh client, can''t delete it'
  ' 12': 'kernel: 12:7D:32:3F:C4:E4 not mesh client, can''t delete it'
  ' 9C': 'kernel: 9C:4E:36:A6:D4:BC not mesh client, can''t delete it'
  ' roamast/1065': 'kernel: roamast/1065: potentially unexpected fatal signal 11.'
  ' cfe_commit': 'kernel: cfe_commit: do nothing'
  ' roamast/5246': 'kernel: roamast/5246: potentially unexpected fatal signal 11.'
  ' roamast/5273': 'kernel: roamast/5273: potentially unexpected fatal signal 11.'
  ' roamast/5075': 'kernel: roamast/5075: potentially unexpected fatal signal 11.'
  ' roamast/5224': 'kernel: roamast/5224: potentially unexpected fatal signal 11.'
  ' 50': 'kernel: 50:DC:E7:17:D5:30 not mesh client, can''t delete it'
  ' CC': 'kernel: CC:73:14:72:4C:96 not exist in UDB, can''t delete it'
  ' B0': 'kernel: B0:A7:B9:2F:F4:00 not exist in UDB, can''t delete it'
  ' 14': 'kernel: 14:DA:E9:FA:71:BC not mesh client, can''t delete it'
  ' E0': 'kernel: E0:3F:49:97:43:6C not mesh client, can''t delete it'
  ' 60': 'kernel: 60:A4:B7:61:83:42 not mesh client, can''t delete it'
  ' A4': 'kernel: A4:2B:B0:1F:F4:15 not mesh client, can''t delete it'
  ' E4': 'kernel: E4:C3:2A:2D:1E:82 not mesh client, can''t delete it'
  ' dpsta_register': 'kernel: dpsta_register: null dpsta_ifnames!'
  ' roamast/825': 'kernel: roamast/825: potentially unexpected fatal signal 11.'
  ' roamast/816': 'kernel: roamast/816: potentially unexpected fatal signal 11.'
  ' roamast/732': 'kernel: roamast/732: potentially unexpected fatal signal 11.'
  ' roamast/828': 'kernel: roamast/828: potentially unexpected fatal signal 11.'
  ' <6>cdc_mbim': 'kernel: <6>cdc_mbim: loaded'
  ' <6>Tuxera FAT 12/16/32 driver vers2.6.36.4brcmarm #1 SMP PREEMPT Mon Jul 9 15': 'kernel:
    <6>Tuxera FAT 12/16/32 driver vers2.6.36.4brcmarm #1 SMP PREEMPT Mon Jul 9 15:09:39
    CST 2018 arm'
  ' <6>Running on kernel 2.6.36.4brcm5': 'kernel: <6>Running on kernel 2.6.36.4brcm5:09:39
    CST 2018 arm'
  ' <6>br0': 'kernel: <6>br0: port 2(wl0.1) entering forwarding state'
  ' <4>roamast/825': 'kernel: <4>roamast/825: potentially unexpected fatal si0001aa1  r4
    : 40656180'
  ' <4>r3 ': 'kernel: <4>r3 : 0019c560  r2 : 00001aa0  r1 : 0019e000  r0 : 4065618c'
  ' <4>Flags': 'kernel: <4>Flags: nzCv  IRQs on  FIQs on  Mode USER05fa498'
  ' <4>Pid': 'kernel: <4>Pid: 732, comm:              roamast'
  ' <4>CPU': 'kernel: <4>CPU: 0    Tainted: P             (2.6.36.4brcmarm #1)'
  ' <4000  r0 ': 'kernel: <4000  r0 : fffffdfc'
  ' <4>Control': 'kernel: <4>Control: 10c53c7d  Table: 9cc4c04a     Tainted: P             (2.6.36.4brcmarm
    #1)'
  ' <4>PC is at 0x405000005  r6 ': 'kernel: <4>PC is at 0x405000005  r6 : 00199908  r5
    : 0014e8fc  r2 : 00000000  r1 : 00000801  r0 : 0000000d'
  ' <6>usbcore': 'kernel: <6>usbcore: deregist^Bcore: deregistering interface drgistering
    interface driver cdc_e deregistering interface driver cdc_acm'
  ' <6>usb usb3': 'kernel: <6>usb usb3: USB disconnect, address 1'
  ' <6>ohci_hcd 0000': 'kernel: <6>ohci_hcd 0000:00:0b.0: USB bus 3 deregistered'
  ' <6>ehci_hcd 0000': 'kernel: <6>ehci_hcd 0000:00:0b.1: remove, state 1'
  ' <6>usb usb2': 'kernel: <6>usb usb2: : USB disconnect, address 1'
  ' <4495b0>]    psr': 'kernel: <4495b0>]    psr: 20000010'
  ' <4>sp ': 'kernel: <4>sp : bedfb790  ip : 00001d59  fp : 42  ISA ARM  Segment user'
  ' <4>preinit/mm': 'kernel: <4>preinit/mm:              preinit'
  ' <4>r10': 'kernel: <4>r10: 00000000  r9 : 00000001  r8 : 00000003'
  ' <4>r7 ': 'kernel: <4>r7 : bef79fbc  r6 : 00000000  r5 : 034c46  r0 : 00000000'
  ' roamast/3542': 'kernel: roamast/3542: potentially unexpected fatal signal 6.'
  ' roamast/17166': 'kernel: roamast/17166: potentially unexpected fatal signal 6.'
  ' roamast/429': 'kernel: roamast/429: potentially unexpected fatal signal 11.'
  ' roamast/2577': 'kernel: roamast/2577: potentially unexpected fatal signal 6.'
  ' roamast/2578': 'kernel: roamast/2578: potentially unexpected fatal signal 6.'
  ' roamast/2515': 'kernel: roamast/2515: potentially unexpected fatal signal 6.'
  ' roamast/2574': 'kernel: roamast/2574: potentially unexpected fatal signal 6.'
  ' roamast/442': 'kernel: roamast/442: potentially unexpected fatal signal 11.'
  ' roamast/475': 'kernel: roamast/475: potentially unexpected fatal signal 11.'
  ' roamast/997': 'kernel: roamast/997: potentially unexpected fatal signal 6.'
  ' roamast/998': 'kernel: roamast/998: potentially unexpected fatal signal 6.'
  ' roamast/441': 'kernel: roamast/441: potentially unexpected fatal signal 6.'
  ' roamast/995': 'kernel: roamast/995: potentially unexpected fatal signal 6.'
  ' <4>Available 7 bytes at (off,len)': 'kernel: <4>Available 7 bytes at (off,len):'
  ' <4>Bad eraseblock 707 00 ': 'kernel: <4>Bad eraseblock 707 00 : "brcmnand"'
  ' <5>0x000007ec000isabling lock debugging due to kt': 'kernel: <5>0x000007ec000isabling
    lock debugging due to kt: igs set to 0x0'
  ' <4>wl_module_init': 'kernel: <4>wl_module_init: txworkq set to 0x1'
  ' <4>wl0': 'kernel: <4>wl0: 3000'
  ' <3>xhci_hcd 0000': 'kernel: <3>xhci_hcd 0000:00:0c.0: Failed to enable MSI-X'
  ' <3>xhci_hccore': 'kernel: <3>xhci_hccore: registered new interface d'
  ' <6>cdc_mbit headers 2.6.36.4brcmarm #1 SMP PREEMPT Mon Jul 9 15': 'kernel: <6>cdc_mbit
    headers 2.6.36.4brcmarm #1 SMP PREEMPT Mon Jul 9 15:09:39 CST arm #1 SMP PREEMPT
    Mon Jul 9 15: ^Cspace!'
  ' <6>nvram': 'kernel: <6>nvram: consolidating space!'
  ' <6 usb2': 'kernel: <6 usb2: USB disconnect, address 1'
  ' <6>xhci_hcd 0000': 'kernel: <6>xhci_hcd 0000:00:0c.0: USB bus 1 deregistered'
  ' <4>sp34c46  r0 ': 'kernel: <4>sp34c46  r0 : 00000000'
  ' D0': 'kernel: D0:50:99:0F:FC:BF not exist in UDB, can''t delete it'
  ' D6': 'kernel: D6:08:1A:C1:8B:90 not mesh client, can''t update it''s ip'
  ' 1C': 'kernel: 1C:02:19:1B:7B:86 not mesh client, can''t delete it'
  ' 8A': 'kernel: 8A:1B:90:B6:75:A8 not mesh client, can''t update it''s ip'
  ' 1E': 'kernel: 1E:EB:AE:C4:37:BA not mesh client, can''t update it''s ip'
  ' 1A': 'kernel: 1A:A1:50:32:E4:2B not mesh client, can''t delete it'
  ' roamast/453': 'kernel: roamast/453: potentially unexpected fatal signal 11.'
  ' Linux version 2.6.36.4brcmarm (root@asus) (gcc version 4.5.3 (Buildroot 2012.02) ) #1 SMP PREEMPT Thu Oct 28 13': 'kernel:
    Linux version 2.6.36.4brcmarm (root@asus) (gcc version 4.5.3 (Buildroot 2012.02)
    ) #1 SMP PREEMPT Thu Oct 28 13:48:14 CST 2021'
  ' cfg_client/16533': 'kernel: cfg_client/16533: potentially unexpected fatal signal
    11.'
  ' cfg_client/1034': 'kernel: cfg_client/1034: potentially unexpected fatal signal
    11.'
  ' cfg_client/16534': 'kernel: cfg_client/16534: potentially unexpected fatal signal
    11.'
  ' cfg_client/1031': 'kernel: cfg_client/1031: potentially unexpected fatal signal
    11.'
  ' cfg_client/1033': 'kernel: cfg_client/1033: potentially unexpected fatal signal
    11.'
  ' Linux version 2.6.36.4brcmarm (root@asus) (gcc version 4.5.3 (Buildroot 2012.02) ) #1 SMP PREEMPT Thu Dec 2 00': 'kernel:
    Linux version 2.6.36.4brcmarm (root@asus) (gcc version 4.5.3 (Buildroot 2012.02)
    ) #1 SMP PREEMPT Thu Dec 2 00:38:26 CST 2021'
  ' roamast/1062': 'kernel: roamast/1062: potentially unexpected fatal signal 11.'
  ' roamast/1060': 'kernel: roamast/1060: potentially unexpected fatal signal 11.'
  ' roamast/1063': 'kernel: roamast/1063: potentially unexpected fatal signal 11.'
  ' roamast/1157': 'kernel: roamast/1157: potentially unexpected fatal signal 6.'
  ' roamast/1154': 'kernel: roamast/1154: potentially unexpected fatal signal 6.'
  ' roamast/414': 'kernel: roamast/414: potentially unexpected fatal signal 6.'
  ' roamast/1156': 'kernel: roamast/1156: potentially unexpected fatal signal 6.'
  ' roamast/1275': 'kernel: roamast/1275: potentially unexpected fatal signal 6.'
  ' roamast/1271': 'kernel: roamast/1271: potentially unexpected fatal signal 6.'
  ' roamast/402': 'kernel: roamast/402: potentially unexpected fatal signal 6.'
  ' roamast/1273': 'kernel: roamast/1273: potentially unexpected fatal signal 6.'
  ' roamast/391': 'kernel: roamast/391: potentially unexpected fatal signal 11.'
  ' rdisc6/2734': 'kernel: rdisc6/2734: potentially unexpected fatal signal 11.'
  ' A0': 'kernel: A0:C5:89:09:4E:AD not mesh client, can''t update it''s ip'
  ' bcm_mcast_mld_add': 'kernel: bcm_mcast_mld_add:833 mc_fdb->rep_list ffffffc017135068
    next ffffffc01246b4a0 prev ffffffc01246b4a0 rep_entry->list ffffffc01246b4a0 next
    ffffffc017135068 prev ffffffc017135068'
  ' Linux version 4.1.27 (gitserv_asus@tpbuildsvrvu01) (gcc version 5.3.0 (Buildroot 2016.02) ) #2 SMP PREEMPT Wed Feb 16 10': 'kernel:
    Linux version 4.1.27 (gitserv_asus@tpbuildsvrvu01) (gcc version 5.3.0 (Buildroot
    2016.02) ) #2 SMP PREEMPT Wed Feb 16 10:22:06 CST 2022'
  ' nand': 'kernel: nand: Could not find valid ONFI parameter page; aborting'
  ' 0x000006440000-0x00000bf00000 ': 'kernel: 0x000006440000-0x00000bf00000 : "rootfs"'
  ' 0x000000540000-0x000006000000 ': 'kernel: 0x000000540000-0x000006000000 : "rootfs_update"'
  ' 0x000000100000-0x000006000000 ': 'kernel: 0x000000100000-0x000006000000 : "image_update"'
  ' 0x000006000000-0x00000bf00000 ': 'kernel: 0x000006000000-0x00000bf00000 : "image"'
  ' 0x000006000000-0x000006440000 ': 'kernel: 0x000006000000-0x000006440000 : "bootfs"'
  ' 0x000000100000-0x000000540000 ': 'kernel: 0x000000100000-0x000000540000 : "bootfs_update"'
  ' 0x00000c700000-0x00000f600000 ': 'kernel: 0x00000c700000-0x00000f600000 : "misc2"'
  ' 0x00000bf00000-0x00000c700000 ': 'kernel: 0x00000bf00000-0x00000c700000 : "misc1"'
  ' map_hw_timer_interrupt,132': 'kernel: map_hw_timer_interrupt,132: interrupt_id
    22'
  ' Registering button 0 (ffffffc00074e460) (bpGpio': 'kernel: Registering button
    0 (ffffffc00074e460) (bpGpio: 00008017, bpExtIrq:00000000 (0))'
  ' Registering button 1 (ffffffc00074e520) (bpGpio': 'kernel: Registering button
    1 (ffffffc00074e520) (bpGpio: 00008016, bpExtIrq:00000001 (1))'
  ' Registering button 2 (ffffffc00074e5e0) (bpGpio': 'kernel: Registering button
    2 (ffffffc00074e5e0) (bpGpio: 0000800f, bpExtIrq:00000001 (1))'
  ' debug_log_init': 'kernel: debug_log_init: debug_log_buf ffffffc019020000 cathy_test
    ffffffc0007881dc stop_log ffffffc0007881d8'
  ' Cross Bar MUX Config ': 'kernel: Cross Bar MUX Config : Internal Port 00 maps
    to External Port 00 <reg_val : 0x00000000>'
  ' Ethernet Auto Power Down and Sleep': 'kernel: Ethernet Auto Power Down and Sleep:
    Enabled'
  ' Cross bar port 1 of Int switch port 3; Adv capability change ': 'kernel: Cross
    bar port 1 of Int switch port 3; Adv capability change : MII=0x01e1, GMII=0x0f00'
  ' Ext switch port 0; Adv capability change ': 'kernel: Ext switch port 0; Adv capability
    change : MII=0x01e1, GMII=0x0f00'
  ' Ext switch port 1; Adv capability change ': 'kernel: Ext switch port 1; Adv capability
    change : MII=0x01e1, GMII=0x0f00'
  ' Ext switch port 2; Adv capability change ': 'kernel: Ext switch port 2; Adv capability
    change : MII=0x01e1, GMII=0x0f00'
  ' Ext switch port 3; Adv capability change ': 'kernel: Ext switch port 3; Adv capability
    change : MII=0x01e1, GMII=0x0f00'
  ' All Port Bit Map': 'kernel: All Port Bit Map: 0x0f08: eth0,eth1,eth2,eth3,eth4'
  '    Chip WAN Only Ports 0008, Defined WAN Only Ports 0000, WAN Only Port Result': 'kernel:    Chip
    WAN Only Ports 0008, Defined WAN Only Ports 0000, WAN Only Port Result: 0x0008:eth0'
  '    Chip WAN Preffered Ports 0000, Defined WAN Preffered Ports 0000, WAN Preffered Port Result': 'kernel:    Chip
    WAN Preffered Ports 0000, Defined WAN Preffered Ports 0000, WAN Preffered Port
    Result: 0x0000:'
  '    Chip LAN Only Ports 0f00, Defined LAN Only Ports 0000, LAN Only Port Result': 'kernel:    Chip
    LAN Only Ports 0f00, Defined LAN Only Ports 0000, LAN Only Port Result: 0x0f00:eth1,eth2,eth3,eth4'
  '    WAN/LAN Both Capable Ports 0x0000': 'kernel:    WAN/LAN Both Capable Ports
    0x0000:'
  ' Energy Efficient Ethernet': 'kernel: Energy Efficient Ethernet: Disabled'
  ' osl_pcie_mps_limit': 'kernel: osl_pcie_mps_limit: MPS 512 MRR 512 devctl 0x102c50'
  ' Compiled in drivers/net/wireless/bcmdhd on Feb 16 2022 at 09': 'kernel: Compiled
    in drivers/net/wireless/bcmdhd on Feb 16 2022 at 09:26:54'
  ' ret 0 retlen 65536 buff <6>ohci_hcd': 'kernel: ret 0 retlen 65536 buff <6>ohci_hcd:
    USB 1.1 ''Open'' Host Controller (OHCI) Driver'
  ' ret 0 retlen 65536 buff <6>usbcore': 'kernel: ret 0 retlen 65536 buff <6>usbcore:
    registered new interface driver asix'
  ' ret 0 retlen 65536 buff <3>hub 1-0': 'kernel: ret 0 retlen 65536 buff <3>hub 1-0:1.0:
    config failed, hub doesn''t have any ports! (err -19)'
  ' task': 'kernel: task: ffffffc0147c3480 ti: ffffffc012838000 task.ti: ffffffc012838000'
  ' x12': 'kernel: x12: 0000000000000000 '
  ' x11': 'kernel: x11: 00000000f72c2b7c x10: 0000000000000002 '
  ' x9 ': 'kernel: x9 : 00000000f6d04979 x8 : 00000000f6b02000 '
  ' x7 ': 'kernel: x7 : 00000000f72cdce0 x6 : 00000000f6b02cc0 '
  ' x5 ': 'kernel: x5 : 00000000f6b02cc0 x4 : 00000000f72c0668 '
  ' x3 ': 'kernel: x3 : 00000000000f7db0 x2 : 00000000f72c2b94 '
  ' x1 ': 'kernel: x1 : 00000000f6d04979 x0 : 00000000fbad8004 '
  ' ret 0 retlen 65536 buff <6>hub 1-0': 'kernel: ret 0 retlen 65536 buff <6>hub 1-0:1.0:
    USB hub found'
  ' BCMVLAN ': 'kernel: BCMVLAN : eth5 mode was set to RG'
