kernel: [  551.398810] hw_ctrl_flow_v2_connt_act: wdev_idx=4
kernel: [  551.406287] hw_ctrl_flow_v2_peer_update: wdev_idx=4
kernel: [  551.412569] set_muru_cert_muedca_override: override = 0
kernel: [  551.418093] peer_assoc_req: 40120 usec
kernel: [  551.517068] eapol_start: 1728 usec
kernel: [  551.522022] peer_msg2: 1384 usec
kernel: [  551.531343] AP SETKEYS DONE(rai0) - AKMMap=WPA2-Personal, PairwiseCipher=AES, GroupCipher=AES, wcid=9 from 48:A5:E7:9C:86:06
kernel: [  551.531343] 
kernel: [  551.544495] PTK:c56063f831f76fece6accf522eb6150445066de5be3ac6d961d542c54c21c18a8b8dee4c238b4fe820c264a6a499f6c426c4693df1637940342130a2b896f561
kernel: [  551.559801] peer_msg4: 34261 usec
kernel: [  552.787623] ASSOC - 1 receive DIS-ASSOC request
kernel: [  552.792309] MacTableDeleteEntry(): wcid 9 =====
kernel: [  552.798840] hw_ctrl_flow_v2_disconnt_act: wdev_idx=4
kernel: [  552.805434] Del Sta:48:a5:e7:9c:86:06
kernel: [  590.924808] MacTableInsertEntry(): wcid 9 EntryType:0 =====
kernel: [  590.930880] New Sta:48:a5:e7:9c:86:06
kernel: [  590.937240] wpa_check_rsn_cap : ocv support 0
kernel: [  590.942002] update_associated_mac_entry(): Peer's OperatingMode=>RxNssType: 0, RxNss: 1, ChBW: 0
kernel: [  590.954016] wifi_sys_disconn_act: Not enqueue!! entry->EntryState=0
kernel: [  638.915993] RTMPDeletePMKIDCache():(IF(0), del PMKID CacheIdx=0
aaews[8155]: Tunnel built successfully.
rc_service: httpds 1108:notify_rc start_webs_update
kernel: [ 2336.410723] AP SETKEYS DONE(ra0) - AKMMap=WPA2-Personal, PairwiseCipher=AES, GroupCipher=AES, wcid=9 from 5C:E5:0C:6E:B8:98
rc_service: httpd 1109:notify_rc restart_simauth 0
rc_service: httpd 1109:notify_rc restart_wan_if 0
WAN Connection: ISP's DHCP did not function properly.
rc_service: waitting "restart_wan_if 0" via httpd ...
kernel: [ 2483.825581] CPU: 3 PID: 9017 Comm: aaews Tainted: P                4.4.198 #1
kernel: [ 2483.832702] task: 9beaaf00 task.stack: 80de4000
kernel: [ 2483.837307] $ 0   : 00000000 777a7da8 00000000 ffffffa7
kernel: [ 2483.854032] $12   : 76cacc50 777c22a0 76cacdcc 76cacd68
kernel: [ 2483.870006] $24   : 76cb3de0 7778ee00                  
kernel: [ 2483.880636] Hi    : 00000000
kernel: [ 2483.883518] Lo    : 00000000
kernel: [ 2483.886665] epc   : 7778b11c 0x7778b11c
kernel: [ 2483.890524] ra    : 7778b170 0x7778b170
kernel: [ 2483.894394] Status: 01007c13USER EXL IE 
kernel: [ 2483.898677] Cause : 40800008 (ExcCode 02)
kernel: [ 2483.902712] BadVA : 0b312728
kernel: [ 2483.905667] PrId  : 0001992f (MIPS 1004Kc)
kernel: [ 2483.916940] Stack : 00000000 00000000 81ca68c2 00000041 8186d1a8 00000009 00000000 00000000
kernel: [ 2483.916940]   9beab234 8199dc23 8183f070 00000003 00002339 81ca3690 998e54c4 80d4e360
kernel: [ 2483.916940]   ...
kernel: [ 2483.952473] Call Trace:
kernel: [ 2483.954932] [<81018a58>] show_stack+0x54/0x88
kernel: [ 2483.959290] [<811da034>] dump_stack+0x8c/0xc4
kernel: [ 2483.963641] [<8103bbbc>] get_signal+0x698/0x770
kernel: [ 2483.968153] [<810172a8>] do_signal+0x24/0x218
kernel: [ 2483.972504] [<81017f78>] do_notify_resume+0x24/0x70
kernel: [ 2483.977375] [<810055ac>] work_notifysig+0x10/0x18
rc_service: skip the event: restart_simauth 0.
: module nf_nat_rtsp not found in modules.dep
wan: finish adding multi routes
miniupnpd[6769]: shutting down MiniUPnPd
: it is advised to use network interface name instead of 192.168.50.1/255.255.255.0
miniupnpd[11047]: HTTP listening on port 34279
miniupnpd[11047]: Listening for NAT-PMP/PCP traffic on port 5351
WAN Connection: WAN was restored.
BWDPI: fun bitmap = 43b
ntp: start NTP update
BWDPI: disable TSO ...
BWDPI: restart dcd ...
kernel: [ 2541.889953] d2db48c8065061ed6e8230edde4fbe6f10730e4a2516fa96281f485b8f1d97d58b1b2bbb50c1c8231fd3d6b49874cd6598f1e8973c
dhcp client: bound 100.73.107.222/255.0.0.0 via 100.0.0.1 for 86400 seconds.
kernel: [ 2698.132807] dev_rx_ctrl_frm():pEntry(NULL),Cannot found WCID of BAR packet!A1:50:eb:f6:06:30:10,A2:5c:e5:0c:6e:b8:98
rc_service: httpd 1109:notify_rc restart_sim_del 1
rc_service: httpd 1109:notify_rc setband
rc_service: waitting "setband" via httpd ...
rc_service: skip the event: restart_wan_if 0.
wanduck: renew IP...(10.196.205.23)
WAN Connection: WAN(0) link up.
rc_service: wanduck 843:notify_rc restart_wan_if 0
rc_service: waitting "restart_wan_if 0" via wanduck ...
rc_service: httpd 1109:notify_rc restart_sendfeedback
frs_feedback: start_sendfeedback() start...
kernel: [   45.702072] ht_cap: ht_cap->HtCapInfo, 
kernel: [   45.706211] ldpc=1,ch_width=1,gf=0,sgi20=1,sgi40=1,tx_stbc=1,rx_stbc=1,amsdu_size=1
kernel: [   45.713858] ht_cap: ht_cap->HtCapParm, 
kernel: [   45.717969] mdpu_density=5, ampdu_factor=3
kernel: [   45.722581] hw_ctrl_flow_v2_open: wdev_idx=4
kernel: [   45.727770] AP inf up for ra_4(func_idx) OmacIdx=0
kernel: [   45.732680] AsicRadioOnOffCtrl(): DbdcIdx=0 RadioOn
kernel: [   45.738067] ApAutoChannelAtBootUp----------------->
kernel: [   45.742982] ApAutoChannelAtBootUp: AutoChannelBootup[1] = 1
kernel: [   45.748913] MtCmdSetMacTxRx:(ret = 0)
kernel: [   45.756898] [AutoChSelBuildChannelListFor5G] ChListNum5G = 16
kernel: [   45.762713] UpdateBeaconHandler, wdev(4) bss not ready (state:0, caller:MTAPAutoSelectChannel+0x1b8/0x464)!!
kernel: [   45.772679] mt7915_apply_dpd_flatness_data: eeprom 0x62 bit 0 is 0, do runtime cal
kernel: [   45.780359] MtCmdChannelSwitch: ctrl_chl=36, ctrl_ch2=0, cent_ch=36 DBDCIdx=1, ChBand=1, BW=0, TXStream=2, RXStream=2, scan(1)
kernel: [   45.800478] MtCmdSetTxRxPath: ctrl_chl=36, ctrl_ch2=0, cent_ch=36, RxPath=3, BandIdx=1, ChBand=1, BW=0,TXStream=2, RXStream=3, scan(1)
kernel: [   48.695141] ====================================================================
kernel: [   48.702502] Channel  36 : Busy Time =      2, Skip Channel = FALSE, BwCap = TRUE
kernel: [   48.725400] UpdateBeaconHandler, wdev(4) bss not ready (state:0, caller:update_ap_qload_to_bcn+0x94/0xc4)!!
kernel: [   48.808629] Rule 3 Channel Busy time value : Select Primary Channel 108
kernel: [   48.815255] Rule 3 Channel Busy time value : Min Channel Busy = 3
kernel: [   48.821323] Rule 3 Channel Busy time value : BW = 80
kernel: [   48.826302] [SelectClearChannelBusyTime] - band1 END
kernel: [   48.831258] ApAutoChannelAtBootUp : Auto channel selection: Selected channel = 108, IsAband = 1
kernel: [   48.839958] ^[[1;33m [RadarStateCheck] RD_SILENCE_MODE ^[[m 
kernel: [   48.845511] [DfsCacNormalStart][RDM] CAC 65 seconds start . Disable MAC TX
kernel: [   48.852447] [DfsSwitchCheck]: DFS ByPass TX calibration.
kernel: [   48.896159] DfsBuildChannelList(): Done
kernel: [   48.899980] zero_wait_dfs_switch_ch(): outband ch 0, ch_stat 0
kernel: [   48.905830] ApAutoChannelAtBootUp<-----------------
kernel: [   48.910825] ===> APStartUpForMbss(caller:ap_inf_open+0x178/0x1d4), mbss_idx:4, CfgMode:177
kernel: [   48.919135] [PMF]APPMFInit:: apidx=4, MFPC=0, MFPR=0, SHA256=0
kernel: [   48.925123] Caller: SetCommonHT+0x100/0x170
kernel: [   48.929299] phy_mode=177, ch=108, wdev_type=1
kernel: [   48.954598] Enable 20/40 BSSCoex Channel Scan(BssCoex=1)
kernel: [   48.959976] ap_link_up(caller:APStartUpForMbss+0x440/0x6c8), wdev(4)
kernel: [   48.966345] wifi_sys_linkup, wdev idx = 4
kernel: [   49.125494] wtc_acquire_groupkey_wcid: Found a non-occupied wtbl_idx:286 for WDEV_TYPE:1
kernel: [   49.125494]  LinkToOmacIdx = 0, LinkToWdevType = 1
kernel: [   49.138341] TRTableInsertMcastEntry:band1 group_idx[4]=4
kernel: [   49.143652] wifi_sys_linkup:wdev(type=4,func_idx=1,wdev_idx=4),BssIndex(1)
kernel: [   49.150596] hw_ctrl_flow_v2_link_up: wdev_idx=4
kernel: [   49.155376] (bssUpdateChannel), ucPrimCh=108, ucCentChSeg0=106, ucCentChSeg1=0, BW=2, ucHetbRU26Disable=0, ucHetbAllDisable=1
kernel: [   49.166755] bssUpdateBmcMngRate (BSS_INFO_BROADCAST_INFO), CmdBssInfoBmcRate.u2BcTransmit= 8192, CmdBssInfoBmcRate.u2McTransmit = 8192
kernel: [   49.183137] UpdateBeaconHandler, BCN_UPDATE_INIT, OmacIdx = 0 (ra0)
kernel: [   49.189438] Band1 BcnInitedRnd = 104
kernel: [   49.193434] MtCmdTxPowerSKUCtrl: tx_pwr_sku_en: 1, BandIdx: 1
kernel: [   49.199338] MtCmdTxBfBackoffCtrl: fgTxBFBackoffEn: 1, BandIdx: 1
kernel: [   49.205401] MtCmdTxPowerPercentCtrl: fgTxPowerPercentEn: 0, BandIdx: 1
kernel: [   49.220356] set muru_update_he_cfg()!!!!
kernel: [   49.224293] PrintSrCmd:
kernel: [   49.224293] u1CmdSubId = 1, u1ArgNum = 0, u1DbdcIdx = 1, u1Status = 0
kernel: [   49.224293] u1DropTaIdx = 0, u1StaIdx = 0, u4Value = 0
kernel: [   49.280961] apidx 4 for WscUUIDInit
kernel: [   49.284469] Generate UUID for apidx(4)
kernel: [   49.288332] WDS_Init():wds_num[1]=0, count=0, MAX_WDS_ENTRY=16, if_idx=0, flg_wds_init=0
kernel: [   49.296562] Total allocated 0 WDS(es) for band1!
kernel: [   49.310182] Set_TxPower_Proc: BandIdx = 1
kernel: [   50.210133] IE_WLAN_EXTENSION: no handler for extension_id:35
kernel: [   50.220734] add he assoc_rsp, len=57
4G-AX56: start httpd:80
kernel: [   53.640937] set watchdog pid as: 1160
avahi-daemon[1333]: WARNING: No NSS support for mDNS detected, consider installing nss-mdns!
hour monitor: daemon is starting
hour monitor: daemon terminates
httpd: Save SSL certificate...80
httpd: Generating SSL certificate...80
avahi-daemon[1333]: Alias name "4G-AX56" successfully established.
avahi-daemon[1333]: Alias name "findasus" successfully established.
jffs2: valid logs(1)
ahs: [read_json]Update ahs JSON file.
Mastiff: init
jffs2: fwver: 3.0.0.4_382_45351-g40a66b4 (sn: /ha:50:EB:F6:04:C3:58 )
httpd: Succeed to init SSL certificate...80
kernel: [   95.284640] xt_connbytes: Forcing CT accounting to be enabled
kernel: [   95.771550] nf_conntrack_rtsp v0.7 loading
kernel: [   99.121692] HTB: quantum of class 10001 is big. Consider r2q change.
kernel: [  110.594910] WaitPeerBTMReqTimeout 
kernel: [  110.765807] BTMReqTimeout 
kernel: [  110.768663] BTMReqTimeout receive btm req timeout the uplayer does not send btm req in time
kernel: [  115.775855] [DfsCacEndUpdate][RDM] CAC end. Enable MAC TX.
crond[1105]: time disparity of 2043789 minutes detected
WATCHDOG: [FAUPGRADE][auto_firmware_check:(7109)]periodic_check AM 2:59
WATCHDOG: [FAUPGRADE][auto_firmware_check:(7148)]do webs_update
WATCHDOG: [FAUPGRADE][auto_firmware_check:(7166)]retrieve firmware information
WATCHDOG: [FAUPGRADE][auto_firmware_check:(7169)]user in use
kernel: [ 7949.203567] ReceiveBTMQuery Find peer address in BTMPeerList already
rc_service: httpd 1151:notify_rc start_webs_update
kernel: [13390.473541] jffs2: warning: (1151) jffs2_sum_write_data: Not enough space for summary, padsize = -1695
WATCHDOG: [FAUPGRADE][auto_firmware_check:(7181)]fimrware update check first time
WATCHDOG: [FAUPGRADE][auto_firmware_check:(7212)]no need to upgrade firmware
WATCHDOG: [FAUPGRADE][auto_firmware_check:(7186)]fimrware update check once
kernel: [72612.090346] MacTableInsertEntry(): wcid 1 EntryType:0 =====
kernel: [72612.096138] New Sta:ac:5f:ea:0c:ab:ae
kernel: [72612.137144] IE_WLAN_EXTENSION: no handler for extension_id:35
kernel: [72612.143102] wpa_check_rsn_cap : ocv support 0
kernel: [72612.147801] add he assoc_rsp, len=57
kernel: [72612.151733] wifi_sys_disconn_act: Not enqueue!! entry->EntryState=0
kernel: [72612.158479] hw_ctrl_flow_v2_connt_act: wdev_idx=0
kernel: [72612.167020] hw_ctrl_flow_v2_peer_update: wdev_idx=0
kernel: [72612.174331] set_muru_cert_muedca_override: override = 0
kernel: [72612.179904] peer_assoc_req: 42776 usec
kernel: [72612.274224] eapol_start: 1618 usec
kernel: [72612.324093] peer_msg2: 943 usec
kernel: [72612.338457] AP SETKEYS DONE(ra0) - AKMMap=WPA2-Personal, PairwiseCipher=AES, GroupCipher=AES, wcid=1 from AC:5F:EA:0C:AB:AE
kernel: [72612.338457] 
kernel: [72612.351108] PTK:71f38bf60d99739f4f4fe6be04b973623f41b9a530ea47c3adfd29f50f94c2c41750a3a5125e0efae2a0c0f3cf79a7a2a967a68dfce228f98a9714efe4d59594
kernel: [72612.364485] peer_msg4: 32140 usec
kernel: [72642.744270] ReceiveBTMQuery Find peer address in BTMPeerList already
kernel: [72643.082479] WaitPeerBTMReqTimeout 
kernel: [72643.603235] BTMReqTimeout 
kernel: [72643.605958] BTMReqTimeout receive btm req timeout the uplayer does not send btm req in time
kernel: [72649.066300] illegal BA buffer size = 0
kernel: [73361.802998] MacTableDeleteEntry(): wcid 1 =====
kernel: [73361.808720] hw_ctrl_flow_v2_disconnt_act: wdev_idx=0
kernel: [73361.816155] Del Sta:ac:5f:ea:0c:ab:ae
kernel: [57028.467411] peer_reassoc_req: 31387 usec
kernel: [57608.376486] AP SETKEYS DONE(rai0) - AKMMap=WPA2-Personal, PairwiseCipher=AES, GroupCipher=AES, wcid=1 from D2:E7:EC:1B:3F:9A
kernel: [57673.699412] AP SETKEYS DONE - AKMMap=WPA2-Personal, PairwiseCipher=AES, GroupCipher=AES from 98:F6:21:EC:0D:88
kernel: [57905.989599] update_associated_mac_entry(): Peer's OperatingMode=>RxNssType: 0, RxNss: 1, ChBW: 2
rc_service: httpd 1104:notify_rc restart_firewall
kernel: klogd started: BusyBox v1.24.1 (2021-09-24 19:41:05 CST)
kernel: [    0.000000] Linux version 4.1.52 (sam@sw5-server-60) (gcc version 5.5.0 (Buildroot 2017.11.1) ) #2 SMP PREEMPT Fri Sep 24 21:45:20 CST 2021
kernel: [    0.000000] Kernel command line: root=/dev/ubiblock0_0 ubi.mtd=0 ubi.block=0,0 rootfstype=squashfs console=ttyAMA0 earlyprintk debug irqaffinity=0 pci=pcie_bus_safe
kernel: [    0.000000] Virtual kernel memory layout:
kernel: [    0.000000]     vector  : 0xffff0000 - 0xffff1000   (   4 kB)
kernel: [    0.000000]     fixmap  : 0xffc00000 - 0xfff00000   (3072 kB)
kernel: [    0.000000]     vmalloc : 0xe0800000 - 0xff000000   ( 488 MB)
kernel: [    0.000000]     lowmem  : 0xc0000000 - 0xe0000000   ( 512 MB)
kernel: [    0.000000]     pkmap   : 0xbfe00000 - 0xc0000000   (   2 MB)
kernel: [    0.000000]     modules : 0xbf000000 - 0xbfe00000   (  14 MB)
kernel: [    0.000000]       .text : 0xc0018000 - 0xc059cba8   (5651 kB)
kernel: [    0.000000]       .init : 0xc059d000 - 0xc05d0000   ( 204 kB)
kernel: [    0.000000]       .data : 0xc05d0000 - 0xc0601120   ( 197 kB)
kernel: [    0.000000]        .bss : 0xc0601120 - 0xc0663f9c   ( 396 kB)
kernel: [    0.414721]    adsl   0x0fe00000  0xcfe00000  0x00200000
kernel: [    0.420206] CCI hardware cache coherency enabled
kernel: [    0.424983] pmc_init:PMC using DQM mode
kernel: [    0.428979] Successfully retrieved NVRAM data from dtb
kernel: [    0.434290] cfe-v^A: 1.0.38-163.243
kernel: [    0.556246] Broadcom Logger v0.1
kernel: [    0.567473] skb_free_task created successfully with start budget 256
kernel: [    0.573897] ^[[0;34mBLOG v3.0 Initialized^[[0m
kernel: [    0.578178] BLOG Rule v1.0 Initialized
kernel: [    0.581928] Broadcom IQoS v1.0 initialized
kernel: [    0.586024] Broadcom GBPM v0.1 initialized
kernel: [    0.693586] SPI NAND Device Linux Registration
kernel: [    0.698129] SPI NAND Linux Registration
kernel: [    0.702268] SPI NAND device reset
kernel: [    0.715961] SPI NAND device Micron MT29F2G01AB
kernel: [    0.720408]    device id    = 0x2c242c24
kernel: [    0.724354]    ecc          = 6/8 bits
kernel: [    0.728103]    page size    = 0x800 (2048) bytes
kernel: [    0.732720]    block size   = 0x20000 (131072) bytes
kernel: [    0.737685]    total blocks = 0x800 (2048)
kernel: [    0.741781]    total size   = 0x10000000 (268435456) bytes
kernel: [    0.870069] >>>>> For primary mtd partition rootfs, cferam/vmlinux.lz UBI volume, vmlinux fs mounted as squash fs on UBI <<<<<
kernel: [    0.900443] Secondary mtd partition rootfs_update detected as UBI for cferam/vmlinux source and squash fs on UBI for vmlinux filesystem
kernel: [    0.912641] setup_mtd_parts: misc indx 2 name misc3 nvram configured size 1 
kernel: [    0.919697] setup_mtd_parts: name misc3 configured size 0x00100000 offset 0xF600000
kernel: [    0.927359] setup_mtd_parts: misc indx 1 name misc2 nvram configured size 47 
kernel: [    0.934499] setup_mtd_parts: name misc2 configured size 0x02f00000 offset 0xC700000
kernel: [    0.942160] setup_mtd_parts: misc indx 0 name misc1 nvram configured size 8 
kernel: [    0.949213] setup_mtd_parts: name misc1 configured size 0x00800000 offset 0xBF00000
kernel: [    0.957185] Creating 11 MTD partitions on "Micron MT29F2G01AB":
kernel: [    0.963124] 0x000000100000-0x000006000000 : "rootfs"
kernel: [    1.000144] 0x000006000000-0x00000bf00000 : "rootfs_update"
kernel: [    1.037621] 0x00000f700000-0x00000ff00000 : "data"
kernel: [    1.045463] 0x000000000000-0x000000100000 : "nvram"
kernel: [    1.051027] 0x000000100000-0x000006000000 : "image"
kernel: [    1.087807] 0x000006000000-0x00000bf00000 : "image_update"
kernel: [    1.125162] 0x000000000000-0x000010000000 : "dummy1"
kernel: [    1.215342] 0x000000000000-0x000010000000 : "dummy2"
kernel: [    1.305489] 0x00000f600000-0x00000f700000 : "misc3"
kernel: [    1.311068] 0x00000c700000-0x00000f600000 : "misc2"
kernel: [    1.331902] 0x00000bf00000-0x00000c700000 : "misc1"
kernel: [    1.395095] brcmboard registered
kernel: [    1.398323] brcmboard: brcm_board_init entry
kernel: [    1.402612] print_rst_status: Last RESET due to SW reset
kernel: [    1.407945] print_rst_status: RESET reason: 0x80000000
kernel: [    1.413145] DYING GASP IRQ Initialized and Enabled
kernel: [    1.417951] SES: LED GPIO 0x8018 is enabled
kernel: [    1.422157] map_hw_timer_interrupt,130: interrupt_id 22
kernel: [    1.443109] Allocated EXT_TIMER number 3
kernel: [    1.447034] Broadcom Timer Initialized
kernel: [    1.450784] Registering button 0 (c06438b4) (bpGpio: 00008000, bpExtIrq:00002000 (2000))
kernel: [    1.458877]     extIrqIdx:0, gpioNum:0 ACTIVE LOW
kernel: [    1.476699] (NULL device *): Led 24 renamed to 24_1 due to name collisionBPM: tot_mem_size=536870912B (512MB), buf_mem_size <15%> =80530635B (76MB), num of buffers=30690, buf size=2624
kernel: [    1.494314] Broadcom BPM Module Char Driver v0.1 Registered<304>^[[0m
kernel: [    1.554742] ^[[0;34m[NTC bpm] bpm_module_init: tot_mem_pool=1279 mem_idx:1279^[[0m
kernel: [    1.578150] init procfs
kernel: [    1.721466] Registering SWP/SWPB emulation handler
kernel: [    1.727216] ubi0: attaching mtd0
kernel: [    2.212678] ubi0: scanning is finished
kernel: [    2.224277] ubi0: attached mtd0 (name "rootfs", size 95 MiB)
kernel: [    2.229981] ubi0: PEB size: 131072 bytes (128 KiB), LEB size: 126976 bytes
kernel: [    2.236871] ubi0: min./max. I/O unit sizes: 2048/2048, sub-page size 2048
kernel: [    2.243676] ubi0: VID header offset: 2048 (aligned 2048), data offset: 4096
kernel: [    2.250640] ubi0: good PEBs: 760, bad PEBs: 0, corrupted PEBs: 0
kernel: [    2.256647] ubi0: user volume: 4, internal volumes: 1, max. volumes count: 128
kernel: [    2.263878] ubi0: max/mean erase counter: 1/0, WL threshold: 4096, image sequence number: 577932401
kernel: [    2.272928] ubi0: available PEBs: 0, total reserved PEBs: 760, PEBs reserved for bad PEB handling: 15
kernel: [    2.282158] ubi0: background thread "ubi_bgt0d" started, PID 62
kernel: [    3.930416] ubi1: attaching mtd2
kernel: [    3.971112] ubi1: scanning is finished
kernel: [    3.981664] ubi1: attached mtd2 (name "data", size 8 MiB)
kernel: [    3.987076] ubi1: PEB size: 131072 bytes (128 KiB), LEB size: 126976 bytes
kernel: [    3.993966] ubi1: min./max. I/O unit sizes: 2048/2048, sub-page size 2048
kernel: [    4.000756] ubi1: VID header offset: 2048 (aligned 2048), data offset: 4096
kernel: [    4.007719] ubi1: good PEBs: 64, bad PEBs: 0, corrupted PEBs: 0
kernel: [    4.013646] ubi1: user volume: 1, internal volumes: 1, max. volumes count: 128
kernel: [    4.020871] ubi1: max/mean erase counter: 17/11, WL threshold: 4096, image sequence number: 946888576
kernel: [    4.030100] ubi1: available PEBs: 0, total reserved PEBs: 64, PEBs reserved for bad PEB handling: 4
kernel: [    4.039166] ubi1: background thread "ubi_bgt1d" started, PID 157
kernel: [    4.074735] UBIFS (ubi1:0): background thread "ubifs_bgt1_0" started, PID 166
kernel: [    4.148721] UBIFS (ubi1:0): UBIFS: mounted UBI device 1, volume 0, name "data"
kernel: [    4.155960] UBIFS (ubi1:0): LEB size: 126976 bytes (124 KiB), min./max. I/O unit sizes: 2048 bytes/2048 bytes
kernel: [    4.165897] UBIFS (ubi1:0): FS size: 5840896 bytes (5 MiB, 46 LEBs), journal size 1015809 bytes (0 MiB, 6 LEBs)
kernel: [    4.175991] UBIFS (ubi1:0): reserved for root: 275879 bytes (269 KiB)
kernel: [    4.182438] UBIFS (ubi1:0): media format: w4/r0 (latest is w4/r0), UUID 8C002034-9C7A-4EFD-AF28-056653A1636B, small LPT model
kernel: [    4.376369] wlcsm: module license 'Proprietary' taints kernel.
kernel: [    4.382244] Disabling lock debugging due to kernel taint
kernel: [    4.476731] ubi2: attaching mtd10
kernel: [    4.519111] ubi2: scanning is finished
kernel: [    4.529650] ubi2: attached mtd10 (name "misc1", size 8 MiB)
kernel: [    4.535247] ubi2: PEB size: 131072 bytes (128 KiB), LEB size: 126976 bytes
kernel: [    4.542125] ubi2: min./max. I/O unit sizes: 2048/2048, sub-page size 2048
kernel: [    4.548913] ubi2: VID header offset: 2048 (aligned 2048), data offset: 4096
kernel: [    4.555894] ubi2: good PEBs: 64, bad PEBs: 0, corrupted PEBs: 0
kernel: [    4.561816] ubi2: user volume: 1, internal volumes: 1, max. volumes count: 128
kernel: [    4.569041] ubi2: max/mean erase counter: 5/3, WL threshold: 4096, image sequence number: 1586266668
kernel: [    4.578178] ubi2: available PEBs: 0, total reserved PEBs: 64, PEBs reserved for bad PEB handling: 4
kernel: [    4.587235] ubi2: background thread "ubi_bgt2d" started, PID 235
kernel: [    5.621109] UBIFS (ubi2:0): background thread "ubifs_bgt2_0" started, PID 245
kernel: [    5.692864] UBIFS (ubi2:0): UBIFS: mounted UBI device 2, volume 0, name "nvram"
kernel: [    5.700186] UBIFS (ubi2:0): LEB size: 126976 bytes (124 KiB), min./max. I/O unit sizes: 2048 bytes/2048 bytes
kernel: [    5.710107] UBIFS (ubi2:0): FS size: 5840896 bytes (5 MiB, 46 LEBs), journal size 1015809 bytes (0 MiB, 6 LEBs)
kernel: [    5.720198] UBIFS (ubi2:0): reserved for root: 275879 bytes (269 KiB)
kernel: [    5.726643] UBIFS (ubi2:0): media format: w4/r0 (latest is w4/r0), UUID 1C8A1E95-FC2F-4D27-979B-271D7DE4663B, small LPT model
kernel: [    5.834239] UBIFS (ubi2:0): un-mount UBI device 2
kernel: [    5.838973] UBIFS (ubi2:0): background thread "ubifs_bgt2_0" stops
kernel: [    5.876844] ubi2: detaching mtd10
kernel: [    5.880408] ubi2: mtd10 is detached
kernel: [    5.980185] BCMLIBS loaded...
kernel: [    6.022262] brcmchipinfo: brcm_chipinfo_init entry
kernel: [    6.044354] Broadcom Ingress QoS Module  Char Driver v1.0 Registered<303>^[[0m
kernel: [    6.051683] Broadcom Ingress QoS v1.0 initialized
kernel: [    6.103389] ^[[0;36;44mBroadcom Packet Flow Cache ^[[0m
kernel: [    6.108464] FCACHE_CONFIG_MAX_FLOW_ENTRIES<16384>
kernel: [    6.113171] FCACHE_CONFIG_MAX_FDB_ENTRIES<1024>
kernel: [    6.117699] FCACHE_CONFIG_MAX_HOST_DEV_ENTRIES<64>
kernel: [    6.122490] FCACHE_CONFIG_MAX_HOST_MAC_ENTRIES<32>
kernel: [    6.127281] npe_max_entries<32768>
kernel: [    6.130792] Bind blog_notify_evt_enqueue_fn[<bf08e038>]
kernel: [    6.136023] fc_evt task created successfully
kernel: [    6.140296] max_ent = 16384 intvl_msec = 10000 num_slices = 2000 num_ent = 9 period_msec = 5 
kernel: [    6.149041] NBUFF v1.0 Initialized
kernel: [    6.172490] ^[[0;36;44mTotal # of labels = 68^[[0m
kernel: [    6.177132] ^[[0;36;44mInitialized fcache state^[[0m
kernel: [    6.181924] Pkt HW acceleration is disabled/unavailable.
kernel: [    6.187336] ^[[0;36;44mBroadcom Packet Flow Cache  Char Driver v4.0 Registered<302>^[[0m
kernel: [    6.195350] fc_timer_task created successfully
kernel: [    6.205272] Created Proc FS /procfs/fcache
kernel: [    6.209402] ^[[0;36;44mBroadcom Packet Flow Cache registered with netdev chain^[[0m
kernel: [    6.216892] ^[[0;36;44mBroadcom Packet Flow Cache learning via BLOG enabled.^[[0m
kernel: [    6.224205] ^[[0;35m[FHW]  pktDbgLvl[0xbf0a50c4]=0^[[0m
kernel: [    6.229283] ^[[0;34m[FHW]  fhw_construct: ^[[0m
kernel: [    6.233853] ^[[0;36;44mInitialized Fcache HW accelerator layer state^[[0m
kernel: [    6.240787] flwStatsThread created. numFlwsPerPoll 546 maxFlwIdx 16383
kernel: [    6.247450] ^[[0;36;44mFcache Pathstats created^[[0m
kernel: [    6.252254] ^[[0;36;44mConstructed Broadcom Packet Flow Cache v4.0^[[0m
kernel: [    6.280351] Broadcom Command List Driver v1.0
kernel: [    6.322469] ^[[0;36;44mBroadcom Archer Packet Accelerator Intializing^[[0m
kernel: [    6.329740] Open archer Netdevice
kernel: [    6.333508] Archer DS DPI Initialized
kernel: [    6.337356] Archer US DPI Initialized
kernel: [    6.341030] Archer WLAN Interface Construct (Threshold 32 packets, Timeout 500 usec, Jiffies 10)
kernel: [    6.349884] SYSPORT Driver Constructed (Budget: 128, Coalescing: 826828 nsec)
kernel: [    6.355095] Archer WLAN Rx Thread Initialized
kernel: [    6.361377] Initializing IUDMA Driver
kernel: [    6.365120] RXQ[0]: IRQ 52, CPU 2
kernel: [    6.368642] Archer DMA Layer Initialized
kernel: [    6.372569] Archer Mode set to L2+L3
kernel: [    6.379723] Initialized Archer Host Layer
kernel: [    6.384145] Flow Table (256, 64): e1725000, 4194304 bytes
kernel: [    6.392452] Flow Info Table (44, 65536): e1b26000, 2883584 bytes
kernel: [    6.401940] Command List Table (128): virt 0xd6e00000, phys 0x16e00000, size 2097152 bytes
kernel: [    6.411531] Command List Control Table (8): d6c40000, 131072 bytes
kernel: [    6.417813] Sysport Classifier Initialized: Maximum 16384 flows
kernel: [    6.423738] Archer IQ status changed from 0 to 1
kernel: [    6.429528] ^[[0;34m[NTC bitpool] idx_pool_init: 551:FHW[0]:Create Index Pool_Size = 16384^[[0m
kernel: [    6.439719] Retrieve num_fhw_path=64
kernel: [    6.443303] ^[[0;36;44mPathstats allocated 2048 bytes^[[0m
kernel: [    6.448614] ^[[0;36;44mBroadcom Packet Flow Cache HW acceleration enabled.^[[0m
kernel: [    6.456850] Enabled Archer binding to Flow Cache
kernel: [    6.461495] ^[[0;36;44mBroadcom Archer Network Processor Char Driver v0.1 Registered <339>^[[0m
kernel: [    6.470111] Archer TCP Pure ACK Enabled
kernel: [    6.478375] bcmxtmrt: Broadcom BCM3178A2 ATM/PTM Network Device v2.0
kernel: [    6.484834] bcmxtm module init...... 
kernel: [    6.488598] archer xtm API binded
kernel: [    6.491927] IUDMA Host Binding Successfull
kernel: [    6.516598] bcmxtmcfg: bcmxtmcfg_init entry
kernel: [    6.589707] adsl: adsl_init entry
kernel: [    6.626814] LAG/Trunking enabled <0x08>
kernel: [    6.637169] SYSPORT Host Binding Successfull
kernel: [    6.642084] eth0: Down <04:42:1A:77:55:88> <IntSw P0, Logical 00> PHY_ID <0x0007f008:0x08: On-chip 1G GPHY> Cfg: ANG.1G; Down 
kernel: [    6.642084] eth1: Down <04:42:1A:77:55:88> <IntSw P1, Logical 01> PHY_ID <0x0007f009:0x09: On-chip 1G GPHY> Cfg: ANG.1G; Down 
kernel: [    6.642084] eth2: Down <04:42:1A:77:55:88> <IntSw P2, Logical 02> PHY_ID <0x0007f00a:0x0a: On-chip 1G GPHY> Cfg: ANG.1G; Down 
kernel: [    6.642084] eth3: Down <04:42:1A:77:55:88> <IntSw P3, Logical 03> PHY_ID <0x0007f00b:0x0b: On-chip 1G GPHY> Cfg: ANG.1G; Down 
kernel: [    6.642084] eth4: Down <04:42:1A:77:55:88> <IntSw P4, Logical 04> PHY_ID <0x0007f00c:0x0c: On-chip 1G GPHY> Cfg: ANG.1G; Down 
kernel: [    6.695873] ===> Activate Deep Green Mode
kernel: [    6.699896] logical_port 0, intf_index 0, phys_port 0 -> port_index 0, 4 queues
kernel: [    6.736487] SYSPORT[0] = SWITCH_INTERNAL
kernel: [    6.744330] CSB Initialized: 0xd687f000 (0xd687f000), size 64 (128)
kernel: [    6.750760] Ports 5, TDMA Rings 24
kernel: [    6.758175] Sysport Recycle Task: IRQ 45, CPU 2
kernel: [    6.763366] dgasp: kerSysRegisterDyingGaspHandler: bcmsw registered 
kernel: [    6.769807] bcm_enet_init:L2394 ENET system contructed and configured enet-kthrd thread
kernel: [    6.769810] enet_kthread_handler:L295 Instantiating ENET thread
kernel: [    6.804918] Lservices Loaded - NComm, Inc.
kernel: [    6.821528] exLinuxETH Loaded - NComm, Inc.
kernel: [    6.911165] PCIe HCD (impl1)^M
kernel: [    6.914241]   bcm963xx-pcie: found core [1] vcore [0] ^M
kernel: [    6.919507]   bcm963xx-pcie: [0] DT node available: /pcie@84000000
kernel: [    6.925711]   bcm963xx-pcie: vcore [0] initialized with [1] device^M
kernel: [    6.991841]   bcm963xx-pcie: found port [0] GEN2 Core Rev [3.23] with 1 Lanes^M
kernel: [    7.026079] getrcal for res select 5, int 666, ext 637, ratio 122 ratio1 152, rcal 9
kernel: [    7.033823]   bcm963xx-pcie: Core [0] setting resistor calibration value to 0x9
kernel: [    7.566163]   bcm963xx-pcie: core [0] Link UP - [1] lanes, [GEN2] speed^M
kernel: [    7.591960]   bcm963xx-pcie: Core [0] Enabled PCIE/UBUS Error Interrupts^M
kernel: [    7.591967]   bcm963xx-pcie: Core [0] UBUS Intr [UBUS_LINKUP]^M
kernel: [    7.760600] broadcomThermalDrv brcm-therm: init (CPU count 3 3 3 3)
kernel: [    7.770720] brcm_otp_init entry
kernel: [   25.590166] Loading HND Module
kernel: [   25.722270] NVRAM_MIRROR SCAN: NVRAM back up found at address 31800 
kernel: [   27.657392] igs_module_init:867: IGS 29 create network socket successful
kernel: [   27.706569] ^[[0;33;41m[ERROR archer] sysport_tm_command,1224: Feature Unavailable^[[0m
kernel: [   27.795429] dpsta_init: 17.10.157.2802 (r794271) cf953dc Jan 12 2021 14:12:42 msglevel 0x1
kernel: [   29.028130] osl_skb_audit: PASS 
kernel: [   29.031403] wl_module_init: passivemode set to 0x1
kernel: [   29.036201] wl_module_init: txworkq set to 0x0
kernel: [   29.040925] ^[[0;32mwl_pktfwd_sys_init:  ^[[1m^[[34mWL_PKTFWD[1.1.0]^[[0m Success^[[0m
kernel: [   29.080382] si_doattach: using BAR0 value: enum_base=84000000
kernel: [   29.099308] BME Service Initialization
kernel: [   29.103087] BME: M2M Core id 0x844 rev 128
kernel: [   29.107188] M2M Service Initialization: M2M_DD_ENAB 0x00000003
kernel: [   29.113022] M2M: M2M Core id 0x844 rev 128
kernel: [   29.117140] M2M: SUCCESS eng 0 alloc rings <d6aad000,d6aaf000>,d6ca3000 depth 256
kernel: [   29.132122] M2M: DMA 0 IntRcvLazy 01000000
kernel: [   29.136222] M2M: DMA 0 RcvCtrl XmtCtrl enabled
kernel: [   29.170128] wl0: wlc_ap_attach dynamic_ed_thresh_enable = 0 
kernel: [   29.175808] kerSysGetWifiLed(0) returned 0
kernel: [   29.181498] BME:register key<1010804> user RLM sel IDX set 1 mem 4 8 hi 0 0
kernel: [   29.188935] CSIMON module registered
kernel: [   29.193247] wl0_awl attach successful tx: 1, rx: 2
kernel: [   29.198152] WL_FLCTL[0] bpm_total_skb 24552, exhaustion_hi 2455, exhaustion_lo 6138, prio_favor 4
kernel: [   29.207030] ^[[0;34mArcher WLAN Bind: eth%d, wl_radio_idx 0, radio_index 0, mode SKB^[[0m
kernel: [   29.215036] ^[[0;32mwl_wfd_bind: wl0 wfd_idx 0 success^[[0m
kernel: [   29.223170] eth5: Broadcom BCM63178 802.11 Wireless Controller 17.10.157.2802 (r794271) 37ee6d6
kernel: [   29.556886] DHD_FKB_POOL size is:1280 and entry size:2624
kernel: [   29.564328] DHD_PKTTAG POOL size is:2592 and entry size:64
kernel: [   29.570579] ^[[0;32mdhd_pktfwd_sys_init:  ^[[1m^[[34mdhd_PKTFWD[1.0.0]^[[0m Success^[[0m
kernel: [   29.578352] PCI_PROBE:  bus 1, slot 0,vendor 14E4, device AAA4(good PCI location)
kernel: [   29.902160] dhd_attach(): thread:dhd_watchdog_thread:318 started
kernel: [   29.909108] dhd1_awl attach successful tx: 1, rx: 2
kernel: [   29.914112] ^[[0;34mArcher WLAN Bind: eth%d, wl_radio_idx 1, radio_index 1, mode FKB^[[0m
kernel: [   29.922130] ^[[0;32mdhd_wfd_bind: wl1 wfd_idx 1 success^[[0m
kernel: [   30.742358] CUR_ETHERADDR : 6 
kernel: [   30.745440] 04 42 1a 77 55 8c 
kernel: [   30.749369] Dongle Host Driver, version 17.10.157.2802 (r794271)
kernel: [   30.749369] Compiled in drivers/net/wireless/bcmdhd
kernel: [   30.766754] Register interface [eth6]  MAC: 04:42:1a:77:55:8c
kernel: [   31.837387] random: init urandom read with 24 bits of entropy available
kernel: [   31.847319] proc_dostring_crashlogsave:  crash log filename is /jffs/crashlog.log
kernel: [   31.862167] crashFileSet: log signature invalid ! 
kernel: [   31.952712] ++++ Powering up USB blocks
kernel: [   32.348411] hub 1-0:1.0: config failed, hub doesn't have any ports! (err -19)
kernel: [   32.715204] usb usb4-port1: over-current condition
kernel: [   32.761036] BcmAdsl_Initialize=0xbf12d004, g_pFnNotifyCallback=0xbf12d000
kernel: [   32.767994] AdslCoreSetSDRAMBaseAddr: pAddr=0x0fe00000 sdramPageAddr=0xCFE00000
kernel: [   32.836104] BcmAdslCoreCalibrate: (cnt1-cnt)=0x55d292b, adslCoreCyclesPerMs=1499857, BCMOS_MSEC_PER_TICK =1
kernel: [   32.845927] *** dslThread pid=1172, SSP ***
kernel: [   32.850367] AdslCoreInit: afe_reg0=0xE0 bg_bias0=0x4CD
kernel: [   32.855520] DYING GASP IRQ Disabled
kernel: [   32.859137] DYING GASP IRQ Enabled
kernel: [   32.900230] AdslCoreSetSdramImageAddr: lmem2=0x10000000, pgSize=0x200000 sdramSize=0x119AD0
kernel: [   32.908614] AdslCoreSetSdramImageAddr: lmem2(0x0) vs ADSL_PHY_SDRAM_BIAS(0x0); origAddr=0xCFE00000 newAddr=0xCFE00000
kernel: [   32.919406] pSdramPHY=0xcffffff8, 0x1B7742 0xDEADBEEF
kernel: [   32.924472] AdslCoreSetSdramImageAddr: sdramPageAddr=0xcfe00000, sdramImageAddr=0xcfe00000, sdramPhyImageAddr=0x10000000
kernel: [   32.935441] *** AdslCoreSetXfaceOffset: data[0]=0x6F000001 data[1]=0x90000000 ***
kernel: [   32.942946] *** XfaceOffset4: 0x190 => 0x190 ***
kernel: [   33.175371] *** AdslCoreSetSdramTrueSize: data[0]=0xFFE76403 data[1]=0x189BFC ***
kernel: [   33.182921] *** PhySdramSize got adjusted: 0x119AD0 => 0x189BFC ***
kernel: [   33.189213] AdslCoreSharedMemInit: shareMemStart=cfffffe0 shareMemSize=2048
kernel: [   33.196310] AbovePHY: start=0xcff89c00 cur=0xcff89c00, size=482272 avail=482272
kernel: [   33.203640] BelowPHY: start=0xcfe00000 cur=0xcfe00000, size=0 avail=0
kernel: [   33.210136] __AdslCoreHwReset: pAdslX=0xe0f00190
kernel: [   33.214764] __AdslCoreHwReset: pAdslX->sdramBaseAddr=0x0000e0af, pAdslX->gfcTable[]=0x0000e0cf, adslCorePhyDesc.sdramImageAddr=0xcfe00000
kernel: [   33.236840] AdslCoreHwReset:  pLocSbSta=d2f80000 bkupThreshold=3072
kernel: [   33.243129] AdslCoreHwReset:  AdslOemDataAddr = 0x10105F70, time=16 ms
kernel: [   33.249765] ***BcmDiagsMgrRegisterClient: 0 ***
kernel: [   33.250121] hub 6-0:1.0: over-current condition
kernel: [   33.258839] VersionInfo: A2pv6L047f1.d27m
kernel: [   33.262855] dgasp: kerSysRegisterDyingGaspHandler: dsl0 registered 
kernel: [   33.312412] SAR Base:e0878000
kernel: [   33.315431] bcmxtmrt: PTM/ATM Non-Bonding Mode configured in system
kernel: [   33.321889] E-RXIntr
kernel: [   33.324128] bcmxtmcfg: Out of sequence call to XTM_ASM_HANDLER::Uninitialize().  Recovering.
kernel: [   33.332664] bcmxtmcfg: ATM Bonding configured in system. Fallback mode = Enabled 
kernel: [   33.340157] bcmxtmcfg: Bonding State is DATA_IDLE 
kernel: [   33.345030] bcmxtmcfg: SID MODE SET to 12 BIT MODE 
kernel: [   33.349917] bcmxtmcfg: ATM Bonding Mgmt Log Area = d2e855bc 
kernel: [   33.645677] CSIMON:  CSIMON[1.1.0] Initialization
kernel: [   33.850847] Line 0: xDSL link down
kernel: [   34.045395] CSIMON: M2M usr already registered ...
kernel: [   34.329763] Interface eth%d doesn't exist
kernel: [   34.333792] could not find igs interface!
kernel: [   34.337823] IGMP Query send failed
disk monitor: be idle
ERP: The model isn't under support list!
miniupnpd: it is advised to use network interface name instead of 192.168.50.1/255.255.255.0
lldpd[1502]: cannot get ethtool link information with GLINKSETTINGS (requires 4.9+): Operation not permitted
kernel: [   37.728490] <=== Deactivate Deep Green Mode
kernel: [   37.734289] eth2 (Int switch port: 2) (Logical Port: 2) (phyId: a) Link Up at 1000 mbps full duplex
kernel: [   37.744457] eth3 (Int switch port: 3) (Logical Port: 3) (phyId: b) Link Up at 1000 mbps full duplex
kernel: [   37.854099] Line 0: xDSL G.994 training
WAN(0) Connection: WAN(0) link down.
kernel: [   40.426077] sched: RT throttling activated
acsd: eth5: Selecting 2g band ACS policy
wlceventd: main(961): wlceventd Start...
kernel: [   43.054581] SCSI subsystem initialized
modprobe: module scsi_wait_scan not found in modules.dep
modprobe: module mbcache not found in modules.dep
modprobe: module jbd not found in modules.dep
modprobe: module ext3 not found in modules.dep
modprobe: module ext4 not found in modules.dep
modprobe: module ext2 not found in modules.dep
kernel: [   43.230026] tfat: loading out-of-tree module taints kernel.
modprobe: module btusbdrv not found in modules.dep
init: fwver: 3.0.0.4_386_45660-g37ee6d6 (sn:M7IO85400570 /ha:04:42:1A:77:55:88 )
acsd: acs_candidate_score_busy(1028): eth5: busy check failed for chanspec: 0x180b
acsd: acs_candidate_score_intf(1080): eth5: intf check failed for chanspec: 0x180b
acsd: acs_candidate_score_bgnoise(1500): eth5: bgnoise check failed for chanspec: 0x180b
acsd: acs_candidate_score_txop(1758): eth5: txop check failed for chanspec: 0x180b
acsd: eth5: selected channel spec: 0x180b (9l)
acsd: eth5: Adjusted channel spec: 0x180b (9l)
acsd: acs_set_chspec: 0x180b (9l) for reason APCS_INIT
acsd: eth6: Selecting 5g band ACS policy
kernel: [   46.857098] Line 0: VDSL G.993 started
acsd: eth6: selected channel spec: 0xe07a (116/80)
acsd: eth6: Adjusted channel spec: 0xe07a (116/80)
acsd: acs_set_chspec: 0xe07a (116/80) for reason APCS_INIT
roamast: ROAMING Start...
kernel: [   55.860114] Line 0: VDSL G.993 channel analysis
kernel: [   57.120533] Line 0: VDSL2 link up, Bearer 0, us=27353, ds=33828
kernel: [   57.126569] bcmxtmcfg: ULS Port 0 
kernel: [   57.129994] bcmxtmcfg: XTM Link Mode is VDSL 
kernel: [   57.134388] bcmxtmcfg:ulPhysPort[0] m_ulTrafficMonitorPort[4]
kernel: [   57.140317] bcmxtmcfg: XTM LinkInfo. P-0, S-UP(1), Service =PTM(2) 
kernel: [   57.146630] bcmxtmcfg: ReconfSAR P-0, T-2 
kernel: [   57.150745] bcmxtmcfg: ChkSILI Port = 0, BondingPort = 4 
DSL: Link down -> up
rc_service: httpd 1417:notify_rc start_dsl_autodet
kernel: [   62.390088] (SetConnCfg)Created new connection
kernel: [   62.396612] bcmxtmrt: TxPAF Status = Disabled 
kernel: [   62.401620] bcmxtmrt: MAC address: 04 42 1a 77 55 89
kernel: [   62.406713] bcmxtmrt: register_netdev
kernel: [   62.417136] bcmxtmrt: register_netdev done
kernel: [   62.421293] bcmxtmrt: netif_carrier_off 
kernel: [   62.425270] BcmXdslWanDevIsUp: wanDevIsUp=1
kernel: [   62.429613] bcmxtmcfg: Reserve TxQueueIdx=0 for vcid 0
kernel: [   62.437579] NON-CO4 DSLAM based operations for PTM CRC & ENET FCS. 
kernel: [   62.445474] SetTxQueue for InfoSize 0 QueueIndex 0
kernel: [   62.450407] TXDMA drop alg 0 Lo minThresh 0 maxThresh 0 hi minThresh 0 maxThresh 0
kernel: [   62.457995] iudma txq 0 enable devId[0] txVcid[0] base_buff_status[000000f3]
kernel: [   62.465055] bcmxtmrt: netif_carrier_on 
kernel: [   62.468906] bcmxtmcfg: Connection UP, LinkActiveStatus=0x1, US=27353000, DS=33828000 
kernel: [   62.519159] netdev path : wan0 -> ptm0
kernel: [   62.525409] BCMVLAN : ptm0 mode was set to RG
kernel: [   64.751147] wan0 MAC address set to 04:42:1A:77:55:88
WAN(0) Connection: WAN was restored.
rc_service: httpd 1417:notify_rc restart_dslwan_qis 0
rc_service: ntp 1970:notify_rc restart_diskmon
disk_monitor: Finish
kernel: [  130.751275] Line 0: Rate Change, us=27576, ds=33828
kernel: [  131.020966] bcmxtmcfg: PendEvt1 LI, P=0, S=1 
rc_service: httpd 1417:notify_rc chpass;restart_time;restart_upnp;restart_usb_idle;restart_bhblock;restart_ftpsamba;
FTP Server: daemon is stopped
Samba Server: smb daemon is stoped
rc_service: ledg 1326:notify_rc restart_ledg
rc_service: waitting "restart_firewall" via httpd ...
rc_service: httpd 1417:notify_rc chpass;restart_time;restart_wireless
rc_service: watchdog 1427:notify_rc start_cfgsync
cfg_server:  event: wl_chanspec_changed_action
cfg_server: skip event due no re
rc_service: cfg_server 3137:notify_rc restart_obd_monitor
kernel: [ 1193.065401] eth3 (Int switch port: 3) (Logical Port: 3) (phyId: b) Link DOWN.
disk_monitor: Got SIGALRM...
kernel: [ 4181.155003] bcmxtmcfg: XTM LinkInfo. P-0, S-DOWN(2), Service =PTM(2) 
kernel: [ 4181.166193] iudma txq 0 disable
kernel: [ 4181.169366] tx_disable context 0x3 from (0x3)
kernel: [ 4181.169376] XTM RXQ[0]: Depth 512, Level 0, Writes 949, Reads 949, Discards 0, Writes+Discards 949
kernel: [ 4181.169383] XTM TXQ[0]: Depth 512, Level 0, Writes 10570, Reads 10570, Discards 0, Writes+Discards 10570
kernel: [ 4181.169387] XTM RCQ[0]: Depth 512, Level 0, Writes 10570, Reads 10570, Discards 0, Writes+Discards 10570
kernel: [ 4181.169389] Archer XTM rx notify 0x1 (pending 0)
kernel: [ 4181.169392] xtm queue 0 forcely claim the untransmitted (0) buffers tx = 57
kernel: [ 4181.185870] XTM W1B 3166759087
kernel: [ 4181.198520] XTM W1E 3166759099
kernel: [ 4181.198534] bcmxtmcfg: Connection DOWN, LinkActiveStatus=0x0 
kernel: [ 4181.198593] BcmXdslDiscardWanDev: lineId=0,bDevDown=0
DSL: Link up -> down
avahi-daemon[1420]: IP_DROP_MEMBERSHIP failed: No such device
WAN(0) Connection: WAN(0) link up.
wlceventd: wlceventd_proc_event(527): eth6: Auth 3C:91:80:D1:AF:B7, status: Successful (0), rssi:0
wlceventd: wlceventd_proc_event(556): eth6: Assoc 3C:91:80:D1:AF:B7, status: Successful (0), rssi:-60
wlceventd: wlceventd_proc_event(491): eth6: Deauth_ind 3C:91:80:D1:AF:B7, status: 0, reason: Deauthenticated because sending station is leaving (or has left) IBSS or ESS (3), rssi:0
kernel: [    1.402654] print_rst_status: Last RESET due to POR reset
kernel: [    4.107923] UBIFS (ubi1:0): recovery needed
kernel: [    4.240470] UBIFS (ubi1:0): recovery completed
kernel: [   11.183073] jffs2: jffs2_scan_dirent_node(): Name CRC failed on node at 0x01f32fdc: Read 0xffffffff, calculated 0xfb8e8208
kernel: [   27.393675] pSdramPHY=0xcffffff8, 0x0 0x0
httpd: mssl_cert_key_match : PASS
acsd: eth5: selected channel spec: 0x1007 (7)
acsd: eth5: Adjusted channel spec: 0x1007 (7)
acsd: acs_set_chspec: 0x1007 (7) for reason APCS_INIT
kernel: [   64.922260] port_generic_stop 561 skip turnning off power on eth4 here
HMA: Download version info failed, retry=[4]
kernel: [  433.575390] eth2 (Int switch port: 2) (Logical Port: 2) (phyId: a) Link DOWN.
rc_service: wanduck 1226:notify_rc restart_wan_line 0
kernel: [  732.335088] eth0 (Int switch port: 0) (Logical Port: 0) (phyId: 8) Link Up at 1000 mbps full duplex
kernel: [  957.597330] SHN Release Version: 2.0.1 c03f6c5
kernel: [  957.601915] UDB Core Version: 0.2.20
kernel: [  957.634150] sizeof forward pkt param = 192
BWDPI: force to flush flowcache entries
BWDPI: rollback fc
acsd: eth5: selected_chspec is 1009 (9)
acsd: eth5: txop channel select: Performing CSA on chspec 0x1009
kernel: [  466.444362] eth1 (Int switch port: 1) (Logical Port: 1) (phyId: 9) Link Up at 1000 mbps full duplex
kernel: [  471.467350] eth1 (Int switch port: 1) (Logical Port: 1) (phyId: 9) Link DOWN.
acsd: acs_set_chspec: 0x1009 (9) for reason APCS_CSTIMER
wlceventd: wlceventd_proc_event(527): eth5: Auth 3E:8B:3E:74:71:A2, status: Successful (0), rssi:0
wlceventd: wlceventd_proc_event(556): eth5: Assoc 3E:8B:3E:74:71:A2, status: Successful (0), rssi:-42
wlceventd: wlceventd_proc_event(537): eth6: ReAssoc 3E:8B:3E:74:71:A2, status: Successful (0), rssi:-42
wlceventd: wlceventd_proc_event(508): eth5: Disassoc 3E:8B:3E:74:71:A2, status: 0, reason: Disassociated because sending station is leaving (or has left) BSS (8), rssi:0
cfg_server: current chansp(unit0) is 1002
cfg_server: current chansp(unit1) is e06a
cfg_server: dump exclchans:
cfg_server: old wl0_acs_excl_chans:0x100c,0x190a,0x100d,0x190b,0x100e,0x190c
cfg_server: new wl0_acs_excl_chans:0x100e,0x190c
cfg_server: old wl1_acs_excl_chans:
cfg_server: new wl1_acs_excl_chans:0xd078,0xd07c,0xd080,0xd976,0xd87e,0xd97e,0xe17a,0xe27a,0xe37a,0xe832,0xe932,0xea32,0xeb32,0xec32,0xed32,0xee32,0xef32,0xe872,0xe972,0xea72,0xeb72,0xec72,0xed72,0xee72,0xef72
cfg_server:  wl_chanspec_changed_action: Need to restart acsd for AVBL update
rc_service: cfg_server 1989:notify_rc restart_acsd
wlceventd: wlceventd_proc_event(491): eth5: Deauth_ind 40:B0:76:C8:25:D1, status: 0, reason: Deauthenticated because sending station is leaving (or has left) IBSS or ESS (3), rssi:-56
wlceventd: wlceventd_proc_event(491): eth5: Deauth_ind 40:B0:76:C8:25:D1, status: 0, reason: Unspecified reason (1), rssi:0
wlceventd: wlceventd_proc_event(537): eth5: ReAssoc 40:B0:76:C8:25:D1, status: Successful (0), rssi:-59
wlceventd: wlceventd_proc_event(508): eth6: Disassoc 3E:8B:3E:74:71:A2, status: 0, reason: Disassociated because sending station is leaving (or has left) BSS (8), rssi:0
wlceventd: wlceventd_proc_event(508): wds0.0.1: Disassoc 40:B0:76:C8:25:D1, status: 0, reason: Disassociated because sending station is leaving (or has left) BSS (8), rssi:0
kernel: [ 3593.883630] wl0: set timeout 5 secs to wait dev reg finish
kernel: [ 3593.890146] Flushing net_device wds0.0.1.
miniupnpd[3589]: upnp_event_process_notify: connect(192.168.50.113:2869): Connection timed out
miniupnpd[3589]: upnpevents_processfds: 0x9240f0, remove subscriber uuid:3ddcd1d3-2380-45f5-b069-04421a776205 after an ERROR cb: http://192.168.50.113:2869/upnp/eventing/qpubiyrebo
miniupnpd[3589]: upnpevents_processfds: 0x9244e0, remove subscriber uuid:3ddcd1d3-2380-45f5-b069-04421a77b600 after an ERROR cb: http://192.168.50.113:2869/upnp/eventing/phgrhsnunr
Mastiff: Got AAE_SIG_EULA_FLAG_SIGNED
Mastiff: Got AAE_SIG_REMOTE_CONNECTION_TURNED_ON
rc_service: httpd 1564:notify_rc restart_time;restart_httpd;restart_ddns
DSL-AX82U: start https:8443
start_ddns: update WWW.ASUS.COM update@asus.com, wan_unit 0
inadyn[14367]: In-a-dyn version 2.8.1 -- Dynamic DNS update client.
inadyn[14367]: Update forced for alias AAA1BFDD16EBA45F8E6D148614629F42B.asuscomm.com, new IP# 88.113.44.221
inadyn[14367]: alias address=<88.113.44.221>
inadyn[14367]: request<GET /ddns/update.jsp?hostname=AAA1BFDD16EBA45F8E6D148614629F42B.asuscomm.com&myip=88.113.44.221&model=DSL-AX82U&fw_ver=3.0.0.4.386_45660-g37ee6d6 HTTP/1.0^M Authorization: Basic MDQ0MjFBNzc1NTg4OkQwRENDRjgzQjA4MjZBRTU0NDNENzE0MEZCNzlCMUVE^M Host: ns1.asuscomm.com^M User-Agent: inadyn/2.8.1 https://github.com/troglobit/inadyn/issues^M ^M >
inadyn[14367]: [response_update]HTTP/1.1 200 OK^M Date: Thu, 24 Mar 2022 19:56:54 GMT^M Server: Apache^M Content-Length: 0^M Connection: close^M Content-Type: text/html; charset=UTF-8^M ^M
inadyn[14367]: Updating cache for AAA1BFDD16EBA45F8E6D148614629F42B.asuscomm.com
ddns: ddns update ok
rc_service: cfg_server 1989:notify_rc restart_sendfeedback
kernel: [    0.000000] Linux version 4.1.52 (sam@AA1100887-PLX1) (gcc version 5.5.0 (Buildroot 2017.11.1) ) #2 SMP PREEMPT Fri Mar 25 12:39:31 CST 2022
kernel: [    0.716309] SPI NAND device XTX XT26G02A
kernel: [    0.720232]    device id    = 0xbe2be2
kernel: [    0.813269] Bad Block 0x9f found (address 0x13e0000)
kernel: [    1.537483] Creating 11 MTD partitions on "XTX XT26G02A":
kernel: [    4.059250] (NULL device *): Led 24 renamed to 24_1 due to name collisionBroadcom BPM Module Char Driver v0.1 Registered<304>^[[0m
kernel: [    4.072071] BPM: tot_mem_size=536870912B (512MB), buf_mem_size <15%> =80530635B (76MB), num of buffers=30690, buf size=2624
kernel: [    4.137178] ^[[0;34m[NTC bpm] bpm_mem_pool_buf_alloc: tot_mem_pool=1279 mem_idx:1279^[[0m
kernel: [    4.145187] ^[[0;34m[NTC bpm] bpm_init_buf_pool: buf_top_idx:30690^[[0m
kernel: [    4.171425] ^[[0;34m[NTC bpm] bpm_init_skb_pool: skbs pool inited total 30690^[[0m
kernel: [    9.594002] License chip name: 63178
kernel: [   10.238741] Archer CPU Affinity = 2
kernel: [   10.242905] eth0      : Down      <F0:2F:74:BD:19:C0> <IntSw P0, Logical 00> PHY_ID <0x0007f008:0x08: On-chip 1G GPHY> Cfg: ANG.1G; Down 
kernel: [   10.242905] eth1      : Down      <F0:2F:74:BD:19:C0> <IntSw P1, Logical 01> PHY_ID <0x0007f009:0x09: On-chip 1G GPHY> Cfg: ANG.1G; Down 
kernel: [   10.242905] eth2      : Down      <F0:2F:74:BD:19:C0> <IntSw P2, Logical 02> PHY_ID <0x0007f00a:0x0a: On-chip 1G GPHY> Cfg: ANG.1G; Down 
kernel: [   10.242905] eth3      : Down      <F0:2F:74:BD:19:C0> <IntSw P3, Logical 03> PHY_ID <0x0007f00b:0x0b: On-chip 1G GPHY> Cfg: ANG.1G; Down 
kernel: [   10.242905] eth4      : Down      <F0:2F:74:BD:19:C0> <IntSw P4, Logical 04> PHY_ID <0x0007f00c:0x0c: On-chip 1G GPHY> Cfg: ANG.1G; Down 
kernel: [   10.242905] <IntnlDev>:   Up   1G <00:00:00:00:00:00> <IntSw P5, Logical 05> 
kernel: [   10.242905] <IntnlDev>:   Up 2.5G <00:00:00:00:00:00> <IntSw P8, Logical 00> 
kernel: [   10.317180] logical_port 0: intf_index 0, switch_index 0, phys_port 0 -> port_index 0, nbr_of_queues 4
kernel: [   10.363750] SYSPORT[0]: port[0] -> nbr_of_brcm_tags 1
kernel: [   10.422619] bcm_enet_init:L2448 ENET system contructed and configured enet-kthrd thread
kernel: [   10.430646] enet_kthread_handler:L296 Instantiating ENET thread
kernel: [   37.889685] dpsta_init: 17.10.157.2809 (r801046) 3a6a0ab Sep 15 2021 18:00:32 msglevel 0x1
kernel: [   39.469108] eth5: Broadcom BCM63178 802.11 Wireless Controller 17.10.157.2809 (r801046) aa9e653
kernel: [   41.173057] Dongle Host Driver, version 17.10.157.2809 (r801046)
kernel: [   43.203563] ret 0 retlen 65536 buff <6>[   44.059674] usbcore: registered new interface driver cdc_mbim
init: fwver: 3.0.0.4_386_48378-gaa9e653 (sn:LCIO85400005 /ha:F0:2F:74:BD:19:C0 )
kernel: [   58.781967] bcmxtmcfg: XTM Link Mode is VDSL G.inpRtx 
kernel: [   58.808839] bcmxtmcfg: DSL link mode is 4
kernel: [   58.812857] DSL LinkMode 4
kernel: [   59.422477] eth4 (Int switch port: 4) (Logical Port: 4) (phyId: c) Link Up at 1000 mbps full duplex
kernel: [   71.465134] XTM: portMask = 1 ulTrafficType = 2XTM connection NOT found 
kernel: [   71.474498] XTM: portMask = 1 ulTrafficType = 2(SetConnCfg)Logical portmask[1] Logical PortId[0]
kernel: [   71.483494] (SetConnCfg)mulTrafficMonitorPort[0]
kernel: [   71.488210] XTM: portMask = 1 ulTrafficType = 2(SetConnCfg)Created new connection
kernel: [   71.495791] XTM: portMask = 1 ulTrafficType = 2XTM: portMask = 1 ulTrafficType = 2XTM: portMask = 1 ulTrafficType = 2XTM: portMask = 1 ulTrafficType = 2(SetConnCfg)Logical portmask[1] Logical PortId[0]
kernel: [   71.514085] XTM: portMask = 1 ulTrafficType = 2
kernel: [   71.514085] bcmxtmcfg: Get Tx Q MBR Rate = 0
kernel: [   71.521660] XTM: portMask = 1 ulTrafficType = 2XTM: portMask = 1 ulTrafficType = 2bcmxtmrt: TxPAF Status = Disabled 
kernel: [   71.561057] ===>ConfigurePtmQueueShaper: ShaperIdx=0 MinRate=0 ShapeRate=0 Mbs=0 MinRateMbs=0, SitUt=600 SitLoUT=19200pulGts[00000000] NON-CO4 DSLAM based operations for PTM CRC & ENET FCS. 
kernel: [  822.427350] XTM: portMask = 1 ulTrafficType = 2XTM: portMask = 1 ulTrafficType = 2(SetConnCfg)Logical portmask[1] Logical PortId[0]
kernel: [  822.525433] ===>ConfigurePtmQueueShaper: ShaperIdx=1 MinRate=0 ShapeRate=0 Mbs=0 MinRateMbs=0, SitUt=600 SitLoUT=19200pulGts[00000000] SetTxQueue for InfoSize 1 QueueIndex 1
kernel: [  822.555764] XTM: portMask = 1 ulTrafficType = 2XTM: portMask = 1 ulTrafficType = 2bcmxtmcfg: Connection UP, LinkActiveStatus=0x1, US=98734000, DS=173136000 
WAN Connection: Fail to connect with some issues.
vpnclient5[29740]: write UDP: Network is unreachable (code=101)
pppd[2807]: Connected to dc:38:e1:11:0b:92 via interface wan0
pppd[2807]: Connect: ppp0 <--> wan0
pppd[2807]: PAP authentication succeeded
pppd[2807]: peer from calling number DC:38:E1:11:0B:92 authorized
pppd[2807]: local  IP address 2.243.62.181
pppd[2807]: remote IP address 62.52.201.188
pppd[2807]: primary   DNS address 62.109.121.1
pppd[2807]: secondary DNS address 62.109.121.2
inadyn[779]: Update needed for alias arslann.asuscomm.com, new IP# 2.243.62.181
vpnclient5[29740]: event_wait : Interrupted system call (code=4)
vpnclient5[29740]: Closing TUN/TAP interface
vpnclient5[29740]: /sbin/ifconfig tun15 0.0.0.0
vpnclient5[29740]: /etc/openvpn/ovpnc-down 5 tun15 1500 1585 10.16.0.11 255.255.0.0 init
vpnclient5[29740]: SIGTERM[hard,] received, process exiting
inadyn[779]: request<GET /ddns/update.jsp?hostname=arslann.asuscomm.com&myip=2.243.62.181&model=DSL-AX82U&fw_ver=3.0.0.4.386_45660-g37ee6d6 HTTP/1.0^M Authorization: Basic N0MxMEM5M0JBN0EwOkREQ0VERTNBMDJFQTcyNjE2NkVCMEQ1NzY5MzlGOUVG^M Host: ns1.asuscomm.com^M User-Agent: inadyn/2.8.1 https://github.com/troglobit/inadyn/issues^M ^M >
inadyn[779]: [response_update]HTTP/1.1 200 OK^M Date: Fri, 04 Mar 2022 06:37:56 GMT^M Server: Apache^M Content-Length: 0^M Connection: close^M Content-Type: text/html; charset=UTF-8^M ^M
inadyn[779]: Updating cache for arslann.asuscomm.com
vpnclient5[868]: Multiple --up scripts defined.  The previously configured script is overridden.
vpnclient5[868]: Multiple --down scripts defined.  The previously configured script is overridden.
vpnclient5[868]: Multiple --route-up scripts defined.  The previously configured script is overridden.
vpnclient5[868]: OpenVPN 2.4.11 arm-buildroot-linux-gnueabi [SSL (OpenSSL)] [LZO] [LZ4] [EPOLL] [MH/PKTINFO] [AEAD] built on Sep 24 2021
vpnclient5[868]: library versions: OpenSSL 1.1.1k  25 Mar 2021, LZO 2.03
vpnclient5[869]: WARNING: --ping should normally be used with --ping-restart or --ping-exit
vpnclient5[869]: WARNING: No server certificate verification method has been enabled.  See http://openvpn.net/howto.html#mitm for more info.
vpnclient5[869]: NOTE: the current --script-security setting may allow this configuration to call user-defined scripts
vpnclient5[869]: Outgoing Control Channel Authentication: Using 256 bit message hash 'SHA256' for HMAC authentication
vpnclient5[869]: Incoming Control Channel Authentication: Using 256 bit message hash 'SHA256' for HMAC authentication
vpnclient5[869]: TCP/UDP: Preserving recently used remote address: [AF_INET]185.123.102.57:4443
vpnclient5[869]: Socket Buffers: R=[524288->524288] S=[524288->524288]
vpnclient5[869]: UDP link local: (not bound)
vpnclient5[869]: UDP link remote: [AF_INET]185.123.102.57:4443
rc_service: ip-up 718:notify_rc stop_pptpd
rc_service: ip-up 718:notify_rc start_pptpd
rc_service: waitting "stop_pptpd" via ip-up ...
vpnclient5[869]: TLS: Initial packet from [AF_INET]185.123.102.57:4443, sid=09a56148 60ad3ecb
vpnclient5[869]: VERIFY OK: depth=1, C=KY, O=FastestVPN, CN=FastestVPN Root CA
vpnclient5[869]: VERIFY OK: depth=0, C=KY, O=FastestVPN, CN=FastestVPN
vpnclient5[869]: WARNING: 'link-mtu' is used inconsistently, local='link-mtu 1602', remote='link-mtu 1570'
vpnclient5[869]: WARNING: 'tun-mtu' is used inconsistently, local='tun-mtu 1532', remote='tun-mtu 1500'
vpnclient5[869]: Control Channel: TLSv1.3, cipher TLSv1.3 TLS_AES_256_GCM_SHA384, 2048 bit RSA
vpnclient5[869]: [FastestVPN] Peer Connection Initiated with [AF_INET]185.123.102.57:4443
vpnclient5[869]: SENT CONTROL [FastestVPN]: 'PUSH_REQUEST' (status=1)
vpnclient5[869]: PUSH: Received control message: 'PUSH_REPLY,sndbuf 393216,rcvbuf 393216,redirect-gateway def1,dhcp-option DNS 10.8.8.8,block-outside-dns,route-gateway 10.16.0.1,topology subnet,ping 10,ping-restart 60,socket-flags TCP_NODELAY,ifconfig 10.16.0.7 255.255.0.0,peer-id 4,cipher AES-256-GCM'
vpnclient5[869]: Options error: Unrecognized option or missing or extra parameter(s) in [PUSH-OPTIONS]:5: block-outside-dns (2.4.11)
vpnclient5[869]: OPTIONS IMPORT: timers and/or timeouts modified
vpnclient5[869]: OPTIONS IMPORT: --sndbuf/--rcvbuf options modified
vpnclient5[869]: OPTIONS IMPORT: --socket-flags option modified
vpnclient5[869]: NOTE: setsockopt TCP_NODELAY=1 failed
vpnclient5[869]: OPTIONS IMPORT: --ifconfig/up options modified
vpnclient5[869]: OPTIONS IMPORT: route options modified
vpnclient5[869]: OPTIONS IMPORT: route-related options modified
vpnclient5[869]: OPTIONS IMPORT: --ip-win32 and/or --dhcp-option options modified
vpnclient5[869]: OPTIONS IMPORT: peer-id set
vpnclient5[869]: OPTIONS IMPORT: adjusting link_mtu to 1657
vpnclient5[869]: OPTIONS IMPORT: data channel crypto options modified
vpnclient5[869]: Data Channel: using negotiated cipher 'AES-256-GCM'
vpnclient5[869]: Outgoing Data Channel: Cipher 'AES-256-GCM' initialized with 256 bit key
vpnclient5[869]: Incoming Data Channel: Cipher 'AES-256-GCM' initialized with 256 bit key
vpnclient5[869]: TUN/TAP device tun15 opened
vpnclient5[869]: TUN/TAP TX queue length set to 100
vpnclient5[869]: /sbin/ifconfig tun15 10.16.0.7 netmask 255.255.0.0 mtu 1500 broadcast 10.16.255.255
vpnclient5[869]: /etc/openvpn/ovpnc-up 5 tun15 1500 1585 10.16.0.7 255.255.0.0 init
vpnclient5[869]: WARNING: this configuration may cache passwords in memory -- use the auth-nocache option to prevent this
vpnclient5[869]: Initialization Sequence Completed
kernel: [950977.448316] SHN Release Version: 2.0.1 c03f6c5
kernel: [950977.453170] UDB Core Version: 0.2.20
kernel: [950977.467019] sizeof forward pkt param = 192
kernel: [950979.318997] Archer TCP Pure ACK Enabled
miniupnpd[775]: upnpevents_processfds: 0x19c5fe0, remove subscriber uuid:3ddcd1d3-2380-45f5-b069-7c10c93b5538 after an ERROR cb: http://192.168.50.149:2869/upnp/eventing/mvonyfkqgh
miniupnpd[775]: upnpevents_processfds: 0x19c8268, remove subscriber uuid:3ddcd1d3-2380-45f5-b069-7c10c93b1eee after an ERROR cb: http://192.168.50.149:2869/upnp/eventing/fwiucfxkqn
miniupnpd[775]: upnpevents_processfds: 0x19c84c8, remove subscriber uuid:3ddcd1d3-2380-45f5-b069-7c10c93b1174 after an ERROR cb: http://192.168.50.149:2869/upnp/eventing/mgrattlnog
pptpd[898]: MGR: dropped small initial connection
miniupnpd[775]: upnpevents_processfds: 0x19c87a8, remove subscriber uuid:3ddcd1d3-2380-45f5-b069-7c10c93b98fc after an ERROR cb: http://192.168.50.149:2869/upnp/eventing/goroflzcap
miniupnpd[775]: upnpevents_processfds: 0x19c84c8, remove subscriber uuid:3ddcd1d3-2380-45f5-b069-7c10c93b2b0a after an ERROR cb: http://192.168.50.149:2869/upnp/eventing/ccswmxosxz
miniupnpd[775]: upnpevents_processfds: 0x19c84c8, remove subscriber uuid:3ddcd1d3-2380-45f5-b069-7c10c93b49e9 after an ERROR cb: http://192.168.50.149:2869/upnp/eventing/pfpgqomsdl
rc_service: httpd 1621:notify_rc start_sig_check
rc_service: rc 14933:notify_rc restart_wrs
rc_service: waitting "start_sig_check" via httpd ...
rc_service: skip the event: restart_wrs.
miniupnpd[775]: upnpevents_processfds: 0x19c84c8, remove subscriber uuid:3ddcd1d3-2380-45f5-b069-7c10c93b4cc1 after an ERROR cb: http://192.168.50.149:2869/upnp/eventing/jthbabcyqg
miniupnpd[775]: upnpevents_processfds: 0x19c84c8, remove subscriber uuid:3ddcd1d3-2380-45f5-b069-7c10c93b7848 after an ERROR cb: http://192.168.50.149:2869/upnp/eventing/okyukekfmp
pptpd[9292]: CTRL: EOF or bad error reading ctrl packet length.
pptpd[9292]: CTRL: couldn't read packet header (exit)
pptpd[9292]: CTRL: CTRL read failed
vpnclient5[869]: [FastestVPN] Inactivity timeout (--ping-restart), restarting
vpnclient5[869]: SIGUSR1[soft,ping-restart] received, process restarting
vpnclient5[869]: Restart pause, 5 second(s)
pppd[2807]: Serial link appears to be disconnected.
vpnclient5[869]: Network unreachable, restarting
vpnclient5[869]: SIGUSR1[soft,network-unreachable] received, process restarting
pppd[2807]: Connection terminated.
pppd[2807]: Modem hangup
vpnclient5[869]: RESOLVE: Cannot resolve host address: tr.jumptoserver.com:4443 (Temporary failure in name resolution)
vpnclient5[869]: Could not determine IPv4/IPv6 protocol
vpnclient5[869]: SIGUSR1[soft,init_instance] received, process restarting
inadyn[5101]: request<GET /ddns/update.jsp?hostname=arslann.asuscomm.com&myip=93.132.165.82&model=DSL-AX82U&fw_ver=3.0.0.4.386_45660-g37ee6d6 HTTP/1.0^M Authorization: Basic N0MxMEM5M0JBN0EwOjBBMjZCMzU0MDk4NkEzMkJEODcyQ0ZDRjIzNzc2RjM5^M Host: ns1.asuscomm.com^M User-Agent: inadyn/2.8.1 https://github.com/troglobit/inadyn/issues^M ^M >
inadyn[5101]: [response_update]HTTP/1.1 200 OK^M Date: Sat, 05 Mar 2022 06:39:21 GMT^M Server: Apache^M Content-Length: 0^M Connection: close^M Content-Type: text/html; charset=UTF-8^M ^M
kernel: [1037462.262990] SHN Release Version: 2.0.1 c03f6c5
kernel: [1037462.267662] UDB Core Version: 0.2.20
kernel: [1037462.292904] sizeof forward pkt param = 192
kernel: [1037464.100983] Archer TCP Pure ACK Enabled
rc_service: httpd 1621:notify_rc restart_vpnc_dev_policy
rc_service: httpd 1621:notify_rc restart_vpnc_dev_policy;restart_net_and_phy
iTunes: daemon is stoped
kernel: [1044996.910784] wl0: set timeout 5 secs to wait dev reg finish
kernel: [1044996.917711] Flushing net_device wl0.1.
watchdog: restart httpd
rc_service: watchdog 1640:notify_rc stop_httpd
rc_service: waitting "restart_vpnc_dev_policy;restart_net_and_phy" via  ...
kernel: [1045020.635565] port_generic_stop 561 skip turnning off power on eth3 here
kernel: [1045020.735961] port_generic_stop 561 skip turnning off power on eth2 here
kernel: [1045020.849327] port_generic_stop 561 skip turnning off power on eth1 here
kernel: [1045020.999514] port_generic_stop 561 skip turnning off power on eth0 here
kernel: [1045021.664664] ^[[0;33;41m[ERROR mcast] bcm_mcast_netlink_process_snoop_cfg,926: interface 22 could not be found^[[0m
kernel: [1045021.976130] CSIMON:  CSIMON[1.1.0] Initialization
kernel: [1045021.981024] CSIMON: M2M usr already registered ...
pppd[20468]: pppd 2.4.7 started by oarslan, uid 0
WAN Connection: WAN was exceptionally disconnected.
rc_service: skip the event: stop_httpd.
rc_service: watchdog 1640:notify_rc start_httpd
inadyn[20572]: request<GET /ddns/update.jsp?hostname=arslann.asuscomm.com&myip=93.135.138.97&model=DSL-AX82U&fw_ver=3.0.0.4.386_45660-g37ee6d6 HTTP/1.0^M Authorization: Basic N0MxMEM5M0JBN0EwOjUyMjQxN0U4QTBCODI4RTlDNjk2RTkxREY5NUFCRjE3^M Host: ns1.asuscomm.com^M User-Agent: inadyn/2.8.1 https://github.com/troglobit/inadyn/issues^M ^M >
miniupnpd[20672]: MiniUPnPd is already running. EXITING
zcip client: configured 169.254.51.80
wlceventd: wlceventd_proc_event(491): eth5: Deauth_ind C6:89:E8:75:35:F5, status: 0, reason: Disassociated due to inactivity (4), rssi:0
vpnclient5[20617]: SIGTERM[hard,init_instance] received, process exiting
inadyn[25143]: request<GET /ddns/update.jsp?hostname=arslann.asuscomm.com&myip=93.131.163.112&model=DSL-AX82U&fw_ver=3.0.0.4.386_45660-g37ee6d6 HTTP/1.0^M Authorization: Basic N0MxMEM5M0JBN0EwOkFGN0YwNzRCRERENDg5MDEyMUMzNjMwMzhBQUY2NkFE^M Host: ns1.asuscomm.com^M User-Agent: inadyn/2.8.1 https://github.com/troglobit/inadyn/issues^M ^M >
inadyn[25143]: [response_update]HTTP/1.1 200 OK^M Date: Sun, 06 Mar 2022 08:47:03 GMT^M Server: Apache^M Content-Length: 0^M Connection: close^M Content-Type: text/html; charset=UTF-8^M ^M
BWDPI: [BWMON] Revert process and free memory (pid=20543)
rc_service: httpd 20669:notify_rc restart_wrs;restart_firewall
BWDPI: start_bwdpi_db_10 for traffic analyzer
miniupnpd[25125]: upnpevents_processfds: 0x1af30e0, remove subscriber uuid:3ddcd1d3-2380-45f5-b069-7c10c93b9051 after an ERROR cb: http://192.168.50.149:2869/upnp/eventing/pnqsuxfjaw
miniupnpd[25125]: upnpevents_processfds: 0x1af5320, remove subscriber uuid:3ddcd1d3-2380-45f5-b069-7c10c93bb163 after an ERROR cb: http://192.168.50.149:2869/upnp/eventing/rygxetujun
miniupnpd[25125]: upnpevents_processfds: 0x1af5920, remove subscriber uuid:3ddcd1d3-2380-45f5-b069-7c10c93bcf62 after an ERROR cb: http://192.168.50.149:2869/upnp/eventing/xfiqnodomf
miniupnpd[25125]: upnpevents_processfds: 0x1af5748, remove subscriber uuid:3ddcd1d3-2380-45f5-b069-7c10c93b2981 after an ERROR cb: http://192.168.50.149:2869/upnp/eventing/qwwevwejxx
miniupnpd[25125]: upnpevents_processfds: 0x1af5320, remove subscriber uuid:3ddcd1d3-2380-45f5-b069-7c10c93b09e7 after an ERROR cb: http://192.168.50.149:2869/upnp/eventing/apkiowogwc
inadyn[29607]: request<GET /ddns/update.jsp?hostname=arslann.asuscomm.com&myip=93.131.35.152&model=DSL-AX82U&fw_ver=3.0.0.4.386_45660-g37ee6d6 HTTP/1.0^M Authorization: Basic N0MxMEM5M0JBN0EwOjMwNzAxMTk3REM0RDAzM0I2NkQxMjU1QkNBQ0E1MDlG^M Host: ns1.asuscomm.com^M User-Agent: inadyn/2.8.1 https://github.com/troglobit/inadyn/issues^M ^M >
inadyn[29607]: [response_update]HTTP/1.1 200 OK^M Date: Mon, 07 Mar 2022 08:48:25 GMT^M Server: Apache^M Content-Length: 0^M Connection: close^M Content-Type: text/html; charset=UTF-8^M ^M
miniupnpd[29598]: upnpevents_processfds: 0x8cd0c0, remove subscriber uuid:3ddcd1d3-2380-45f5-b069-7c10c93bb74b after an ERROR cb: http://192.168.50.149:2869/upnp/eventing/cmjbrdbtid
miniupnpd[29598]: upnpevents_processfds: 0x8cd320, remove subscriber uuid:3ddcd1d3-2380-45f5-b069-7c10c93be68f after an ERROR cb: http://192.168.50.149:2869/upnp/eventing/gzlsivvscr
inadyn[991]: request<GET /ddns/update.jsp?hostname=arslann.asuscomm.com&myip=78.49.40.109&model=DSL-AX82U&fw_ver=3.0.0.4.386_45660-g37ee6d6 HTTP/1.0^M Authorization: Basic N0MxMEM5M0JBN0EwOkRBRDE3MTQ3M0YzMUMxMDEyQUFGRjcwNzc1MzY5NEEw^M Host: ns1.asuscomm.com^M User-Agent: inadyn/2.8.1 https://github.com/troglobit/inadyn/issues^M ^M >
inadyn[991]: [response_update]HTTP/1.1 200 OK^M Date: Tue, 08 Mar 2022 08:48:37 GMT^M Server: Apache^M Content-Length: 0^M Connection: close^M Content-Type: text/html; charset=UTF-8^M ^M
miniupnpd[986]: upnpevents_processfds: 0xf0b0e0, remove subscriber uuid:3ddcd1d3-2380-45f5-b069-7c10c93bfba4 after an ERROR cb: http://192.168.50.149:2869/upnp/eventing/xglqjjhytt
miniupnpd[986]: upnpevents_processfds: 0xf0d188, remove subscriber uuid:3ddcd1d3-2380-45f5-b069-7c10c93b6ba4 after an ERROR cb: http://192.168.50.149:2869/upnp/eventing/kubpnnrmbz
miniupnpd[986]: upnpevents_processfds: 0xf0d318, remove subscriber uuid:3ddcd1d3-2380-45f5-b069-7c10c93b4932 after an ERROR cb: http://192.168.50.149:2869/upnp/eventing/holbjxbuee
pptpd[1108]: MGR: initial packet length 14797 outside (0 - 220)
miniupnpd[986]: upnpevents_processfds: 0xf0d528, remove subscriber uuid:3ddcd1d3-2380-45f5-b069-7c10c93bf0ff after an ERROR cb: http://192.168.50.149:2869/upnp/eventing/rxmpnkckiz
miniupnpd[986]: upnpevents_processfds: 0xf0d560, remove subscriber uuid:3ddcd1d3-2380-45f5-b069-7c10c93b8fb7 after an ERROR cb: http://192.168.50.149:2869/upnp/eventing/kmfoojxkpk
miniupnpd[986]: upnpevents_processfds: 0xf0d560, remove subscriber uuid:3ddcd1d3-2380-45f5-b069-7c10c93bee22 after an ERROR cb: http://192.168.50.149:2869/upnp/eventing/jkuvayrfvj
miniupnpd[986]: upnpevents_processfds: 0xf0d5b8, remove subscriber uuid:3ddcd1d3-2380-45f5-b069-7c10c93bd0ca after an ERROR cb: http://192.168.50.149:2869/upnp/eventing/afnkekjzhn
miniupnpd[986]: upnpevents_processfds: 0xf0d418, remove subscriber uuid:3ddcd1d3-2380-45f5-b069-7c10c93ba18a after an ERROR cb: http://192.168.50.149:2869/upnp/eventing/xsspyhehbn
inadyn[4978]: request<GET /ddns/update.jsp?hostname=arslann.asuscomm.com&myip=93.131.99.113&model=DSL-AX82U&fw_ver=3.0.0.4.386_45660-g37ee6d6 HTTP/1.0^M Authorization: Basic N0MxMEM5M0JBN0EwOjNGOUVCMDgwQkQxNjYwODE1QUFERjg4Q0I0MEZDRDk3^M Host: ns1.asuscomm.com^M User-Agent: inadyn/2.8.1 https://github.com/troglobit/inadyn/issues^M ^M >
inadyn[4978]: [response_update]HTTP/1.1 200 OK^M Date: Wed, 09 Mar 2022 08:48:51 GMT^M Server: Apache^M Content-Length: 0^M Connection: close^M Content-Type: text/html; charset=UTF-8^M ^M
miniupnpd[4966]: upnpevents_processfds: 0x10430e0, remove subscriber uuid:3ddcd1d3-2380-45f5-b069-7c10c93b2851 after an ERROR cb: http://192.168.50.149:2869/upnp/eventing/fldmaaqxza
miniupnpd[4966]: upnpevents_processfds: 0x1045188, remove subscriber uuid:3ddcd1d3-2380-45f5-b069-7c10c93bdb79 after an ERROR cb: http://192.168.50.149:2869/upnp/eventing/ycqytsgsju
miniupnpd[4966]: upnpevents_processfds: 0x1046090, remove subscriber uuid:3ddcd1d3-2380-45f5-b069-7c10c93b705a after an ERROR cb: http://192.168.50.149:2869/upnp/eventing/rmamgkanuq
miniupnpd[4966]: upnpevents_processfds: 0x1046090, remove subscriber uuid:3ddcd1d3-2380-45f5-b069-7c10c93b265a after an ERROR cb: http://192.168.50.149:2869/upnp/eventing/gjdedxpnqk
miniupnpd[4966]: upnpevents_processfds: 0x1045468, remove subscriber uuid:3ddcd1d3-2380-45f5-b069-7c10c93babeb after an ERROR cb: http://192.168.50.149:2869/upnp/eventing/eaorwhtqbu
miniupnpd[4966]: upnpevents_processfds: 0x1046090, remove subscriber uuid:3ddcd1d3-2380-45f5-b069-7c10c93b0de5 after an ERROR cb: http://192.168.50.149:2869/upnp/eventing/vciyygzwou
miniupnpd[4966]: upnpevents_processfds: 0x1046090, remove subscriber uuid:3ddcd1d3-2380-45f5-b069-7c10c93b527e after an ERROR cb: http://192.168.50.149:2869/upnp/eventing/lgbgnnurll
miniupnpd[4966]: upnpevents_processfds: 0x1046090, remove subscriber uuid:3ddcd1d3-2380-45f5-b069-7c10c93b3af3 after an ERROR cb: http://192.168.50.149:2869/upnp/eventing/htokanunuk
miniupnpd[4966]: upnpevents_processfds: 0x1046090, remove subscriber uuid:3ddcd1d3-2380-45f5-b069-7c10c93b2914 after an ERROR cb: http://192.168.50.149:2869/upnp/eventing/rmqcefhefd
miniupnpd[4966]: upnpevents_processfds: 0x1046090, remove subscriber uuid:3ddcd1d3-2380-45f5-b069-7c10c93bd3f4 after an ERROR cb: http://192.168.50.149:2869/upnp/eventing/xbwzxggsyo
miniupnpd[4966]: upnpevents_processfds: 0x1046090, remove subscriber uuid:3ddcd1d3-2380-45f5-b069-7c10c93bc589 after an ERROR cb: http://192.168.50.149:2869/upnp/eventing/bggjlqznja
miniupnpd[4966]: upnpevents_processfds: 0x1046090, remove subscriber uuid:3ddcd1d3-2380-45f5-b069-7c10c93bfb31 after an ERROR cb: http://192.168.50.149:2869/upnp/eventing/pvdfqcneve
miniupnpd[4966]: upnpevents_processfds: 0x1046090, remove subscriber uuid:3ddcd1d3-2380-45f5-b069-7c10c93bc3ce after an ERROR cb: http://192.168.50.149:2869/upnp/eventing/voqjtzmzxj
miniupnpd[4966]: upnpevents_processfds: 0x1046090, remove subscriber uuid:3ddcd1d3-2380-45f5-b069-7c10c93bc73e after an ERROR cb: http://192.168.50.149:2869/upnp/eventing/rckznydiuj
miniupnpd[4966]: upnpevents_processfds: 0x10459a0, remove subscriber uuid:3ddcd1d3-2380-45f5-b069-7c10c93bc339 after an ERROR cb: http://192.168.50.149:2869/upnp/eventing/hljhkqnsmj
miniupnpd[4966]: upnpevents_processfds: 0x1046090, remove subscriber uuid:3ddcd1d3-2380-45f5-b069-7c10c93b345f after an ERROR cb: http://192.168.50.149:2869/upnp/eventing/chtkzggock
miniupnpd[4966]: upnpevents_processfds: 0x10453f8, remove subscriber uuid:3ddcd1d3-2380-45f5-b069-7c10c93bf9cd after an ERROR cb: http://192.168.50.149:2869/upnp/eventing/jcfduarugt
inadyn[8856]: request<GET /ddns/update.jsp?hostname=arslann.asuscomm.com&myip=93.133.144.244&model=DSL-AX82U&fw_ver=3.0.0.4.386_45660-g37ee6d6 HTTP/1.0^M Authorization: Basic N0MxMEM5M0JBN0EwOjczNjcwN0EyRTZGRjNDMENFMkExQ0Y4NEZCREUzNEE0^M Host: ns1.asuscomm.com^M User-Agent: inadyn/2.8.1 https://github.com/troglobit/inadyn/issues^M ^M >
pptpd[8996]: MGR: dropped slow initial connection
miniupnpd[8852]: upnpevents_processfds: 0x18b0e0, remove subscriber uuid:3ddcd1d3-2380-45f5-b069-7c10c93b2f7b after an ERROR cb: http://192.168.50.149:2869/upnp/eventing/filrckuzip
miniupnpd[8852]: upnpevents_processfds: 0x18d188, remove subscriber uuid:3ddcd1d3-2380-45f5-b069-7c10c93b0357 after an ERROR cb: http://192.168.50.149:2869/upnp/eventing/aoelgrjpdm
miniupnpd[8852]: upnpevents_processfds: 0x18d3e8, remove subscriber uuid:3ddcd1d3-2380-45f5-b069-7c10c93b5eb9 after an ERROR cb: http://192.168.50.149:2869/upnp/eventing/rhxkmtzoag
vpnclient5[8956]: AEAD Decrypt error: bad packet ID (may be a replay): [ #4518538 ] -- see the man page entry for --no-replay and --replay-window for more info or silence this warning with --mute-replay-warnings
miniupnpd[8852]: upnpevents_processfds: 0x18d3e8, remove subscriber uuid:3ddcd1d3-2380-45f5-b069-7c10c93b0cbf after an ERROR cb: http://192.168.50.149:2869/upnp/eventing/poawtselff
miniupnpd[8852]: upnpevents_processfds: 0x18d3e8, remove subscriber uuid:3ddcd1d3-2380-45f5-b069-7c10c93b9dc7 after an ERROR cb: http://192.168.50.149:2869/upnp/eventing/qdtevpbehz
pptpd[26825]: CTRL: 11 < Control packet (length=16705) < PPTP_MAX_CTRL_PCKT_SIZE (220)
pptpd[26143]: CTRL: PPTP Control Message type 0 not supported.
pptpd[26172]: CTRL: Error reading ctrl packet (bytes_ttl=2,length=32): Resource temporarily unavailable
pptpd[26172]: CTRL: EOF or bad error reading ctrl packet.
miniupnpd[8852]: upnpevents_processfds: 0x18d3e8, remove subscriber uuid:3ddcd1d3-2380-45f5-b069-7c10c93b56cb after an ERROR cb: http://192.168.50.149:2869/upnp/eventing/nlitvnueuj
inadyn[13070]: request<GET /ddns/update.jsp?hostname=arslann.asuscomm.com&myip=2.244.87.40&model=DSL-AX82U&fw_ver=3.0.0.4.386_45660-g37ee6d6 HTTP/1.0^M Authorization: Basic N0MxMEM5M0JBN0EwOjYxMDdCMEU0NzA1OEUwNzUyNTlCMDMyQkYyNDNEMkQx^M Host: ns1.asuscomm.com^M User-Agent: inadyn/2.8.1 https://github.com/troglobit/inadyn/issues^M ^M >
miniupnpd[13064]: upnpevents_processfds: 0x1a090e0, remove subscriber uuid:3ddcd1d3-2380-45f5-b069-7c10c93bc8f4 after an ERROR cb: http://192.168.50.149:2869/upnp/eventing/bflcbfwqbx
miniupnpd[13064]: upnpevents_processfds: 0x1a0b190, remove subscriber uuid:3ddcd1d3-2380-45f5-b069-7c10c93b07d6 after an ERROR cb: http://192.168.50.149:2869/upnp/eventing/lhgqscpbio
miniupnpd[13064]: upnpevents_processfds: 0x1a0b470, remove subscriber uuid:3ddcd1d3-2380-45f5-b069-7c10c93b76eb after an ERROR cb: http://192.168.50.149:2869/upnp/eventing/srodyrfxdj
miniupnpd[13064]: upnpevents_processfds: 0x1a0b718, remove subscriber uuid:3ddcd1d3-2380-45f5-b069-7c10c93b78d2 after an ERROR cb: http://192.168.50.149:2869/upnp/eventing/rkdoauidhy
wlceventd: wlceventd_proc_event(491): eth5: Deauth_ind F8:89:D2:8B:A6:19, status: 0, reason: Previous authentication no longer valid (2), rssi:-60
WATCHDOG: [FAUPGRADE][auto_firmware_check:(7502)]could not retrieve firmware information: webs_state_update = 1, webs_state_error = 1, webs_state_dl_error = 0, webs_state_info.len = 23
inadyn[17598]: request<GET /ddns/update.jsp?hostname=arslann.asuscomm.com&myip=93.132.0.240&model=DSL-AX82U&fw_ver=3.0.0.4.386_45660-g37ee6d6 HTTP/1.0^M Authorization: Basic N0MxMEM5M0JBN0EwOkM0MEE4MkNBQzg1OEJCNDBFNTQ4QTJCNUQzRkU3NjRF^M Host: ns1.asuscomm.com^M User-Agent: inadyn/2.8.1 https://github.com/troglobit/inadyn/issues^M ^M >
frs_feedback: wan0=[dsl], wan1=[none]
frs_feedback: Transfer rate: 226 KB/sec (5201845 bytes in 23 seconds)
frs_feedback: retval = [0], log_from=[feedback]
frs_feedback: Send feedback successfully.
frs_feedback: start_sendfeedback() end...
kernel: [1658489.124071] scsi 0:0:0:0: Direct-Access     Generic  Flash Disk       8.00 PQ: 0 ANSI: 4
kernel: [1658489.124720] sd 0:0:0:0: Attached scsi generic sg0 type 0
kernel: [1658489.127332] sd 0:0:0:0: [sda] 15597568 512-byte logical blocks: (7.99 GB/7.44 GiB)
kernel: [1658489.128594] sd 0:0:0:0: [sda] Write Protect is off
kernel: [1658489.129852] sd 0:0:0:0: [sda] Write cache: disabled, read cache: enabled, doesn't support DPO or FUA
kernel: [1658489.169358] sd 0:0:0:0: [sda] Attached SCSI removable disk
usb: USB vfat fs at /dev/sda1 mounted on /tmp/mnt/HBCD_PE_X64.
rc_service: hotplug 10804:notify_rc start_cloudsync 0
rc_service: hotplug 10804:notify_rc restart_nasapps
rc_service: waitting "start_cloudsync 0" via hotplug ...
Cloudsync client: The specific disk isn't existed
Timemachine: daemon is stoped
Samba Server: daemon is started
kernel: [1658623.391310] tfat error (device sda1, pid 13246): exfat_bdata_end_io_write(): FAT mirror bio write I/O error (error 5).
kernel: [1658623.402198] tfat error (device sda1, pid 13246): exfat_bio_end_io_write(): Bio write I/O error (error 5).
kernel: [1658623.412232] tfat error (device sda1, pid 13246): exfat_write_cluster_chain(): Failed to sync modified FAT region to disk (error 5).
kernel: [1658623.424336] tfat error (device sda1, pid 13246): __exfat_write_inode(): Failed (error 5).  Inode is corrupt.
hotplug[11162]: USB partition unmounted from /tmp/mnt/HBCD_PE_X64 fail. (return -1, Device or resource busy)
hotplug: USB partition unmounted from /tmp/mnt/HBCD_PE_X64
rc_service: waitting "restart_nasapps" via  ...
WEBDAV server: daemon is started
kernel: [1658755.334649] scsi 1:0:0:0: Direct-Access     Kingston DataTraveler 3.0      PQ: 0 ANSI: 6
usb: USB ntfs fs at /dev/sda1 mounted on /tmp/mnt/KINGSTON.
Cloudsync client: daemon is started
acsd: eth5 received event: tx pkt delay suddently jump
rc_service: httpd 20669:notify_rc restart_ftpsamba
WATCHDOG: [FAUPGRADE][auto_firmware_check:(7351)]update_enable : 1 , update_time : 4:0
inadyn[31922]: request<GET /ddns/update.jsp?hostname=arslann.asuscomm.com&myip=2.244.159.2&model=DSL-AX82U&fw_ver=3.0.0.4.386_45660-g37ee6d6 HTTP/1.0^M Authorization: Basic N0MxMEM5M0JBN0EwOjI2NDMwOUJERTUzRkRGNkIyNjhFNzZDNDQzNDM4MERC^M Host: ns1.asuscomm.com^M User-Agent: inadyn/2.8.1 https://github.com/troglobit/inadyn/issues^M ^M >
inadyn[4147]: request<GET /ddns/update.jsp?hostname=arslann.asuscomm.com&myip=2.244.30.248&model=DSL-AX82U&fw_ver=3.0.0.4.386_45660-g37ee6d6 HTTP/1.0^M Authorization: Basic N0MxMEM5M0JBN0EwOkFFQUQ2NjVDN0U3RUFBOEQ5QTkzRkFERjg2MThGQjEx^M Host: ns1.asuscomm.com^M User-Agent: inadyn/2.8.1 https://github.com/troglobit/inadyn/issues^M ^M >
inadyn[8450]: request<GET /ddns/update.jsp?hostname=arslann.asuscomm.com&myip=2.243.59.139&model=DSL-AX82U&fw_ver=3.0.0.4.386_45660-g37ee6d6 HTTP/1.0^M Authorization: Basic N0MxMEM5M0JBN0EwOjhDMTkxOTk3NkEzNzEzNTMzOTQwRjNBN0NBNERFNzZB^M Host: ns1.asuscomm.com^M User-Agent: inadyn/2.8.1 https://github.com/troglobit/inadyn/issues^M ^M >
inadyn[13530]: request<GET /ddns/update.jsp?hostname=arslann.asuscomm.com&myip=93.132.43.31&model=DSL-AX82U&fw_ver=3.0.0.4.386_45660-g37ee6d6 HTTP/1.0^M Authorization: Basic N0MxMEM5M0JBN0EwOkE2OEZDMTRGMTlERDY4QTQ2OTlBNDc1MUQ3REQ3RTA2^M Host: ns1.asuscomm.com^M User-Agent: inadyn/2.8.1 https://github.com/troglobit/inadyn/issues^M ^M >
inadyn[17579]: request<GET /ddns/update.jsp?hostname=arslann.asuscomm.com&myip=93.132.100.56&model=DSL-AX82U&fw_ver=3.0.0.4.386_45660-g37ee6d6 HTTP/1.0^M Authorization: Basic N0MxMEM5M0JBN0EwOjJFNEEzQUEzOTk2ODJBQ0Q0MzQxNzk0NTZDRUJCRUZB^M Host: ns1.asuscomm.com^M User-Agent: inadyn/2.8.1 https://github.com/troglobit/inadyn/issues^M ^M >
rc_service: httpd 20669:notify_rc stop_vpnc
inadyn[21913]: request<GET /ddns/update.jsp?hostname=arslann.asuscomm.com&myip=93.131.130.188&model=DSL-AX82U&fw_ver=3.0.0.4.386_45660-g37ee6d6 HTTP/1.0^M Authorization: Basic N0MxMEM5M0JBN0EwOkI3RjMxN0JBRThFQjg3QzlFQzM4REMyMDFFODMzQjMx^M Host: ns1.asuscomm.com^M User-Agent: inadyn/2.8.1 https://github.com/troglobit/inadyn/issues^M ^M >
inadyn[26300]: request<GET /ddns/update.jsp?hostname=arslann.asuscomm.com&myip=93.131.156.25&model=DSL-AX82U&fw_ver=3.0.0.4.386_45660-g37ee6d6 HTTP/1.0^M Authorization: Basic N0MxMEM5M0JBN0EwOjA1M0M5RkUzRDNBQzZENjMxRDRFMjQ5NkQwRDc5N0ZC^M Host: ns1.asuscomm.com^M User-Agent: inadyn/2.8.1 https://github.com/troglobit/inadyn/issues^M ^M >
inadyn[30785]: request<GET /ddns/update.jsp?hostname=arslann.asuscomm.com&myip=93.132.146.253&model=DSL-AX82U&fw_ver=3.0.0.4.386_45660-g37ee6d6 HTTP/1.0^M Authorization: Basic N0MxMEM5M0JBN0EwOkNGMEJCRjRCRUZFNjFEQ0MwNkQ0QzMzMjVFOUVEMzhE^M Host: ns1.asuscomm.com^M User-Agent: inadyn/2.8.1 https://github.com/troglobit/inadyn/issues^M ^M >
inadyn[2952]: request<GET /ddns/update.jsp?hostname=arslann.asuscomm.com&myip=78.48.180.178&model=DSL-AX82U&fw_ver=3.0.0.4.386_45660-g37ee6d6 HTTP/1.0^M Authorization: Basic N0MxMEM5M0JBN0EwOjMxMzM4MjcwMEM1MDkwM0E2NUVGMDgyRDUxQjg4QjQ1^M Host: ns1.asuscomm.com^M User-Agent: inadyn/2.8.1 https://github.com/troglobit/inadyn/issues^M ^M >
rc_service: httpd 20669:notify_rc stop_vpnd;restart_samba
rc_service: httpd 20669:notify_rc restart_vpnc
rc_service: waitting "restart_vpnc" via httpd ...
inadyn[7662]: request<GET /ddns/update.jsp?hostname=arslann.asuscomm.com&myip=93.135.74.198&model=DSL-AX82U&fw_ver=3.0.0.4.386_45660-g37ee6d6 HTTP/1.0^M Authorization: Basic N0MxMEM5M0JBN0EwOjA0NjA0MDk5RUM3NUEwNTFCRDhGRjA2M0E0QTUxNjdD^M Host: ns1.asuscomm.com^M User-Agent: inadyn/2.8.1 https://github.com/troglobit/inadyn/issues^M ^M >
inadyn[21933]: request<GET /ddns/update.jsp?hostname=arslann.asuscomm.com&myip=93.133.63.181&model=DSL-AX82U&fw_ver=3.0.0.4.386_45660-g37ee6d6 HTTP/1.0^M Authorization: Basic N0MxMEM5M0JBN0EwOjRFMEREREY0RUU2RTYxNjlDQkMxNDJGMjJFQkVEMDNB^M Host: ns1.asuscomm.com^M User-Agent: inadyn/2.8.1 https://github.com/troglobit/inadyn/issues^M ^M >
rc_service: httpd 20669:notify_rc restart_wrs;restart_firewall;apply_amaslib
kernel: [    5.868645]   bcm963xx-pcie: Core [0] setting resistor calibration value to 0xa
miniupnpd[1810]: Cannot get IP address for ext interface . Network is down
WAN Connection: WAN(0) link down.
init: fwver: 3.0.0.4_386_45660-g37ee6d6 (sn:M6IO85401017 /ha:7C:10:C9:3B:A7:A0 )
kernel: [   37.962627] scsi 0:0:0:0: Direct-Access     Kingston DataTraveler 3.0      PQ: 0 ANSI: 6
kernel: [   37.964743] sd 0:0:0:0: [sda] 30218842 512-byte logical blocks: (15.5 GB/14.4 GiB)
kernel: [   37.964995] sd 0:0:0:0: [sda] Write Protect is off
kernel: [   37.965231] sd 0:0:0:0: [sda] Write cache: disabled, read cache: enabled, doesn't support DPO or FUA
kernel: [   37.965572] sd 0:0:0:0: Attached scsi generic sg0 type 0
kernel: [   37.971759] sd 0:0:0:0: [sda] Attached SCSI removable disk
kernel: [  139.937114] VLAN Rule Table : ptm0, Rx, nbrOfTags 1, default DROP  
kernel: [  139.944937] No entries found
kernel: [  139.947833] --------------------------------------------------------------------------------
kernel: [  145.851464] dev = ptm0(0xcfa33000) macAddr=7C:10:C9:3B:A7:A1
kernel: [  145.857238] Line0: VCE macAddr=0:A0:C8:2:11:D3, VTU-R macAddr=7C:10:C9:3B:A7:A1
miniupnpd[2648]: SendNATPMPPublicAddressChangeNotification: cannot get public IP address, stopping
inadyn[2995]: Update forced for alias arslann.asuscomm.com, new IP# 93.133.61.135
inadyn[2995]: Certificate verification error:num=9:certificate is not yet valid:depth=1:/C=US/O=Let's Encrypt/CN=R3
inadyn[2995]: Certificate verification error:num=9:certificate is not yet valid:depth=0:/CN=ns1.asuscomm.com
inadyn[2995]: request<GET /ddns/update.jsp?hostname=arslann.asuscomm.com&myip=93.133.61.135&model=DSL-AX82U&fw_ver=3.0.0.4.386_45660-g37ee6d6 HTTP/1.0^M Authorization: Basic N0MxMEM5M0JBN0EwOkQzODAxQkQyMUUwOTIxNURFNkY3MUM0NUFBMjAzRTE5^M Host: ns1.asuscomm.com^M User-Agent: inadyn/2.8.1 https://github.com/troglobit/inadyn/issues^M ^M >
inadyn[7618]: request<GET /ddns/update.jsp?hostname=arslann.asuscomm.com&myip=78.48.155.173&model=DSL-AX82U&fw_ver=3.0.0.4.386_45660-g37ee6d6 HTTP/1.0^M Authorization: Basic N0MxMEM5M0JBN0EwOkMzMjZFQkY4QkZFNkVFN0E1MjQyRTU4QzM0RjVDNjg3^M Host: ns1.asuscomm.com^M User-Agent: inadyn/2.8.1 https://github.com/troglobit/inadyn/issues^M ^M >
rc_service: httpd 1635:notify_rc restart_cloudsync
Cloudsync client and Webdav_client and dropbox_client ftp_client sambaclient usb_client google_client: daemon is stoped
Cloudsync client: manually disabled all rules
wlceventd: wlceventd_proc_event(491): eth6: Deauth_ind 78:F2:35:8B:5B:6A, status: 0, reason: Previous authentication no longer valid (2), rssi:-47
rc_service: dhcp6c 29830:notify_rc restart_ddns
start_ddns: IP address, server and hostname have not changed since the last update.
kernel: 3A:A2:6B:C4:7D:E8 not exist in UDB, can't delete it
kernel: br0: received packet on eth6 with own address as source address
kernel: 3A:A2:6B:C4:7D:E8 not mesh client, can't delete it
wlceventd: wlceventd_proc_event(527): eth8: Auth 6C:B7:49:B6:F0:85, status: Successful (0), rssi:0
kernel: br0: received packet on eth8 with own address as source address
wlceventd: wlceventd_proc_event(537): eth8: ReAssoc 6C:B7:49:B6:F0:85, status: Successful (0), rssi:-66
wlceventd: wlceventd_proc_event(491): eth8: Deauth_ind 6C:B7:49:B6:F0:85, status: 0, reason: Unspecified reason (1), rssi:-55
roamast: determine candidate node [7C:10:C9:B4:CE:C4](rssi: -47dbm) for client [6C:B7:49:B6:F0:85](rssi: -63dbm) to roam
roamast: Roam a client [6C:B7:49:B6:F0:85], status [0]
wlceventd: wlceventd_proc_event(508): eth8: Disassoc 6C:B7:49:B6:F0:85, status: 0, reason: Disassociated because sending station is leaving (or has left) BSS (8), rssi:0
roamast: [EXAP]Deauth old sta in 2 0: 6C:B7:49:B6:F0:85
roamast: eth8: disconnect weak signal strength station [6c:b7:49:b6:f0:85]
roamast: eth8: remove client [6c:b7:49:b6:f0:85] from monitor list
wlceventd: wlceventd_proc_event(491): eth6: Deauth_ind 58:B6:23:10:1E:89, status: 0, reason: Unspecified reason (1), rssi:0
wlceventd: wlceventd_proc_event(491): eth8: Deauth_ind 6C:B7:49:B6:F0:85, status: 0, reason: Deauthenticated because sending station is leaving (or has left) IBSS or ESS (3), rssi:-70
rc_service: httpds 1552:notify_rc reboot
rc_service: waitting "reboot" via httpds ...
dnsmasq[3127]: ignoring nameserver 192.168.1.1 - local interface
WEBDAV Server: daemon is stoped
Mastiff: Got SIGTERM
hour monitor: dpi engine doesn't exist
ahs: ===Terminate ahs daemon===
kernel: ^[[0;33;41m[ERROR pktrunner] runnerUcast_inet6addr_event,187: Could not rdpa_system_ipv6_host_address_table_find ret=-5^[[0m
kernel: ubi1: attaching mtd10
kernel: ubi1: scanning is finished
kernel: ubi1: attached mtd10 (name "misc1", size 8 MiB)
kernel: ubi1: PEB size: 131072 bytes (128 KiB), LEB size: 126976 bytes
kernel: ubi1: min./max. I/O unit sizes: 2048/2048, sub-page size 2048
kernel: ubi1: VID header offset: 2048 (aligned 2048), data offset: 4096
kernel: ubi1: good PEBs: 64, bad PEBs: 0, corrupted PEBs: 0
kernel: ubi1: user volume: 1, internal volumes: 1, max. volumes count: 128
kernel: ubi1: max/mean erase counter: 9/3, WL threshold: 4096, image sequence number: 1091345526
kernel: ubi1: available PEBs: 0, total reserved PEBs: 64, PEBs reserved for bad PEB handling: 4
kernel: ubi1: background thread "ubi_bgt1d" started, PID 2146
kernel: NOTE: Using Port Grouping for IMP ports : [ 0 --> 4 ] [ 1, 2 --> 5 ] [ 3, 7 --> 8 ] 
kernel: eth5 (Ext switch port: 7) (Logical Port: 15) (phyId: 1e) Link DOWN.
kernel: UBIFS (ubi1:0): background thread "ubifs_bgt1_0" started, PID 2185
kernel: UBIFS (ubi1:0): UBIFS: mounted UBI device 1, volume 0, name "nvram"
kernel: UBIFS (ubi1:0): LEB size: 126976 bytes (124 KiB), min./max. I/O unit sizes: 2048 bytes/2048 bytes
kernel: UBIFS (ubi1:0): FS size: 5840896 bytes (5 MiB, 46 LEBs), journal size 1396736 bytes (1 MiB, 11 LEBs)
kernel: UBIFS (ubi1:0): reserved for root: 0 bytes (0 KiB)
kernel: UBIFS (ubi1:0): media format: w4/r0 (latest is w4/r0), UUID 92D70055-D40E-4496-A698-DA48D5E57B93, small LPT model
kernel: UBIFS (ubi1:0): un-mount UBI device 1
kernel: UBIFS (ubi1:0): background thread "ubifs_bgt1_0" stops
kernel: ubi1: detaching mtd10
kernel: ubi1: mtd10 is detached
get_ext_phy_id: 0/1/0/0
kernel: Linux version 4.1.51 (gitserv_asus@tpbuildsvrvu01) (gcc version 5.5.0 (Buildroot 2017.11.1) ) #4 SMP PREEMPT Mon Jan 10 13:28:40 CST 2022
kernel: CPU: AArch64 Processor [420f1000] revision 0
kernel: Kernel command line: coherent_pool=4M cpuidle_sysfs_switch pci=pcie_bus_safe rootwait
kernel: Virtual kernel memory layout:
kernel:     vmalloc : 0xffffff8000000000 - 0xffffffbdffff0000   (   247 GB)
kernel:     vmemmap : 0xffffffbe00000000 - 0xffffffbfc0000000   (     7 GB maximum)
kernel:               0xffffffbe00000000 - 0xffffffbe00e00000   (    14 MB actual)
kernel:     fixed   : 0xffffffbffabfd000 - 0xffffffbffac00000   (    12 KB)
kernel:     PCI I/O : 0xffffffbffae00000 - 0xffffffbffbe00000   (    16 MB)
kernel:     modules : 0xffffffbffc000000 - 0xffffffc000000000   (    64 MB)
kernel:     memory  : 0xffffffc000000000 - 0xffffffc040000000   (  1024 MB)
kernel:       .init : 0xffffffc0006ba000 - 0xffffffc0006f2000   (   224 KB)
kernel:       .text : 0xffffffc000080000 - 0xffffffc0006b9204   (  6373 KB)
kernel:       .data : 0xffffffc0006f3000 - 0xffffffc0007bd8c0   (   811 KB)
kernel: init_timers: timer_function_timeout virt addr 0xffffffc00070ce88
kernel: creating mapping for reserved memory phys 0x0a600000 virt 0xffffffc00a600000 size 0x00e00000 for dhd0
kernel: creating mapping for reserved memory phys 0x09800000 virt 0xffffffc009800000 size 0x00e00000 for dhd1
kernel: creating mapping for reserved memory phys 0x08a00000 virt 0xffffffc008a00000 size 0x00e00000 for dhd2
kernel: Do not need to create mapping for reserved memory phys 0x0e000000 size 0x02000000 for buffer
kernel: creating mapping for reserved memory phys 0x0b400000 virt 0xffffffc00b400000 size 0x02c00000 for flow
kernel: pmc_init:PMC using DQM mode
kernel: Successfully retrieved NVRAM data from dtb
kernel: cfe-v^A: 1.0.38-163.181
kernel: CPU1: Booted secondary processor
kernel: CPU2: Booted secondary processor
kernel: CPU3: Booted secondary processor
kernel: Broadcom Logger v0.1
kernel: skb_free_task created successfully with start budget 256
kernel: net_dev_init: process_backlog_timeout virt addr 0xffffffc0007af9b0
kernel: gbpm_do_work scheduled
kernel: ^[[0;34mBLOG v3.0 Initialized^[[0m
kernel: BLOG Rule v1.0 Initialized
kernel: Broadcom IQoS v1.0 initialized
kernel: Broadcom GBPM v0.1 initialized
kernel: >>>>> For primary mtd partition rootfs, cferam/vmlinux.lz mounted as JFFS2, vmlinux fs mounted as UBIFS <<<<<
kernel: Secondary mtd partition rootfs_update detected as JFFS2 for cferam/vmlinux source and UBIFS for vmlinux filesystem
kernel: setup_mtd_parts: misc indx 2 name misc3 nvram configured size 1 
kernel: setup_mtd_parts: name misc3 configured size 0x00100000 offset 0xF600000
kernel: setup_mtd_parts: misc indx 1 name misc2 nvram configured size 63 
kernel: setup_mtd_parts: name misc2 configured size 0x03f00000 offset 0xB700000
kernel: setup_mtd_parts: misc indx 0 name misc1 nvram configured size 8 
kernel: setup_mtd_parts: name misc1 configured size 0x00800000 offset 0xAF00000
kernel: Creating 11 MTD partitions on "brcmnand.0":
kernel: 0x000005d40000-0x00000af00000 : "rootfs"
kernel: 0x000000620000-0x000005800000 : "rootfs_update"
kernel: 0x00000f700000-0x00000ff00000 : "data"
kernel: 0x000000000000-0x000000100000 : "nvram"
kernel: 0x000000100000-0x000005800000 : "image_update"
kernel: 0x000005800000-0x00000af00000 : "image"
kernel: 0x000005800000-0x000005d20000 : "bootfs"
kernel: 0x000000100000-0x000000600000 : "bootfs_update"
kernel: 0x00000f600000-0x00000f700000 : "misc3"
kernel: 0x00000b700000-0x00000f600000 : "misc2"
kernel: 0x00000af00000-0x00000b700000 : "misc1"
kernel: brcmboard registered
kernel: brcmboard: brcm_board_init entry
kernel: print_rst_status: Last RESET due to SW reset
kernel: print_rst_status: RESET reason: 0x00000000
kernel: DYING GASP IRQ Initialized and Enabled
kernel: map_hw_timer_interrupt,127: interrupt_id 22
kernel: Registering button 0 (ffffffc00080d7a8) (bpGpio: 00008004, bpExtIrq:00000000 (0))
kernel:     extIrqIdx:0, gpioNum:4 ACTIVE LOW
kernel: genirq: Flags mismatch irq 36. 00000000 (brcm_36) vs. 00000000 (brcm_36)
kernel: request_irq failed for irq=36 (brcm_36) retval=-16
kernel: registerBtns: Button index 3 out of range (max 3)
kernel: bcm_i2c: i2c bus 0 polling mode (mod_abs_gpio 255)
kernel: BPM: tot_mem_size=1073741824B (1024MB), 
kernel: bcm_i2c: bus 0: module inserted
kernel: buf_mem_size <15%> =161061270B (153MB), num of buffers=57195, buf size=2816
kernel: Broadcom BPM Module Char Driver v0.1 Registered<3004>^[[0m
kernel: ^[[0;34m[NTC bpm] bpm_module_init: tot_mem_pool=2487 mem_idx:2487^[[0m
kernel: ubi0: attaching mtd0
kernel: ubi0: scanning is finished
kernel: ubi0: attached mtd0 (name "rootfs", size 81 MiB)
kernel: ubi0: PEB size: 131072 bytes (128 KiB), LEB size: 126976 bytes
kernel: ubi0: min./max. I/O unit sizes: 2048/2048, sub-page size 2048
kernel: ubi0: VID header offset: 2048 (aligned 2048), data offset: 4096
kernel: ubi0: good PEBs: 654, bad PEBs: 0, corrupted PEBs: 0
kernel: ubi0: user volume: 1, internal volumes: 1, max. volumes count: 128
kernel: ubi0: max/mean erase counter: 1/0, WL threshold: 4096, image sequence number: 1776321624
kernel: ubi0: available PEBs: 0, total reserved PEBs: 654, PEBs reserved for bad PEB handling: 13
kernel: ubi0: background thread "ubi_bgt0d" started, PID 70
kernel: UBIFS (ubi0:0): UBIFS: mounted UBI device 0, volume 0, name "rootfs_ubifs", R/O mode
kernel: UBIFS (ubi0:0): LEB size: 126976 bytes (124 KiB), min./max. I/O unit sizes: 2048 bytes/2048 bytes
kernel: UBIFS (ubi0:0): FS size: 79486976 bytes (75 MiB, 626 LEBs), journal size 9023488 bytes (8 MiB, 72 LEBs)
kernel: UBIFS (ubi0:0): reserved for root: 0 bytes (0 KiB)
kernel: UBIFS (ubi0:0): media format: w4/r0 (latest is w4/r0), UUID F218DB28-9E10-4085-A9FF-F5957D89928B, small LPT model
kernel: jffs2: notice: (93) jffs2_build_xattr_subsystem: complete building xattr subsystem, 0 of xdatum (0 unchecked, 0 orphan) and 0 of xref (0 dead, 0 orphan) found.
kernel: wlcsm: module license 'Proprietary' taints kernel.
kernel: Disabling lock debugging due to kernel taint
kernel: bm_base_addr 0xffffffc00e000000, size 33554432, bm_base_addr_phys 0x000000000e000000
kernel: fm_base_addr 0xffffffc00b400000, size 46137344, fm_base_addr_phys 0x000000000b400000
kernel: RDP Physical address=0x82200000 Virtual address = 0xffffff8000b80000
kernel: configure_runner: NATC keysize 0x100070 key element size 16 contextsize 0x400000 context element size 64
kernel: ++++Runner gso_desc_pool created successfully
kernel: rdd_init_params.runner_nat_cache_key_ptr=0xffffffc00bd00000
kernel: rdd_init_params.runner_nat_cache_context_ptr=0xffffffc00b400000
kernel: rdd_init_params.runner_context_cont_ptr=0xffffffc00b800000
kernel: FPM_BPM phy_addr 0x82c30000,virt_addr 0xffffff8000862000
kernel:  RDP PKT memory = 32MB : Max Possible Bufs <16384> of size <2048>; Allocating <15360> bufs; RDP enum <5>
kernel: brcmchipinfo: brcm_chipinfo_init entry
kernel: NBUFF v1.0 Initialized
kernel: npe_max_ent<32768> npe_ht_ent<8192>
kernel: ^[[0;36;44mTotal # of labels = 67^[[0m
kernel: ^[[0;36;44mInitialized fcache state^[[0m
kernel: ^[[0;36;44mBroadcom Packet Flow Cache  Char Driver v4.0 Registered<3002>^[[0m
kernel: fc_timer_task created successfully
kernel: Created Proc FS /procfs/fcache
kernel: ^[[0;36;44mBroadcom Packet Flow Cache registered with netdev chain^[[0m
kernel: ^[[0;36;44mBroadcom Packet Flow Cache learning via BLOG enabled.^[[0m
kernel: ^[[0;35m[FHW]  pktDbgLvl[0xffffffbffc3f9e08]=0^[[0m
kernel: ^[[0;34m[FHW]  fhw_construct: ^[[0m
kernel: ^[[0;36;44mInitialized Fcache HW accelerator layer state^[[0m
kernel: flwStatsThread created. numFlwsPerPoll 546 maxFlwIdx 16383
kernel: ^[[0;36;44mFcache Pathstats created^[[0m
kernel: ^[[0;36;44mConstructed Broadcom Packet Flow Cache v4.0^[[0m
kernel: crossbar[0]: Allocated cb_idx=0 int_ep=0
kernel: crossbar[0]: Add cb_idx=0 ext_ep=0 SERDES:6
kernel: crossbar[1]: Add cb_idx=0 ext_ep=1 GPHY:12
kernel: crossbar Mux: connect cb_idx:0  int_ep 0 to ext_ep 0
kernel: Detecting PHYs...
kernel: 84880   B0 ae02:5159 --> N/A
kernel: 84888S  B0 ae02:5175 --> N/A
kernel: 54991E  B0 3590:5099 --> 0x1e 
kernel: 84891L  B0 3590:5081 --> N/A
kernel: 54991EL B0 3590:5089 --> N/A
kernel: 54991H  B0 3590:50d1 --> N/A
kernel: Loading firmware into detected phys...
kernel: Firmware version: Blackfin B0 v01-00-12-2019-06-06
kernel: Loading firmware into phys: map=0x40000000
kernel: Halt the phys processors operation
kernel: Upload the firmware into the on-chip memory
kernel: ^M0%^M1%^M2%^M3%^M4%^M5%^M6%^M7%^M8%^M9%^M10%^M11%^M12%^M13%^M14%^M15%^M16%^M17%^M18%^M19%^M20%^M21%^M22%^M23%^M24%^M25%^M26%^M27%^M28%^M29%^M30%^M31%^M32%^M33%^M34%^M35%^M36%^M37%^M38%^M39%^M40%^M41%^M42%^M43%^M44%^M45%^M46%^M47%^M48%^M49%^M50%^M51%^M52%^M53%^M54%^M55%^M56%^M57%^M58%^M59%^M60%^M61%^M62%^M63%^M64%^M65%^M66%^M67%^M68%^M69%^M70%^M71%^M72%^M73%^M74%^M75%^M76%^M77%^M78%^M79%^M80%^M81%^M82%^M83%^M84%^M85%^M86%^M87%^M88%^M89%^M90%^M91%^M92%^M93%^M94%^M95%^M96%^M97%^M98%^M99%^M100%
kernel: Reset the processors to start execution of the code in the on-chip memory
kernel: Verify that the processors are running: OK
kernel: Verify that the firmware has been loaded with good CRC: OK
kernel: Firmware loading completed successfully
kernel: LAG/Trunking enabled <0x08>
kernel: Setting SGMII Calibration value to 0xa
kernel: ### PHY: 5499X series, enable pair swap! ###
kernel: Unsupported MII type: 0
kernel: set led mode - firmware control
kernel: eth0: <Int sw port: 3> <Logical : 03> MAC : F0:2F:74:56:78:00
kernel:     Chip Physical Port 10, Cross Bar Port 1, PHY_ID <0x0007f00c:0x0c:On-chip GPHY >
kernel: eth1: <Ext sw port: 0> <Logical : 08> PHY_ID <0x0007f008:0x08:On-chip GPHY> MAC:F0:2F:74:56:78:00
kernel: eth2: <Ext sw port: 1> <Logical : 09> PHY_ID <0x0007f009:0x09:On-chip GPHY> MAC:F0:2F:74:56:78:00
kernel: eth3: <Ext sw port: 2> <Logical : 10> PHY_ID <0x0007f00a:0x0a:On-chip GPHY> MAC:F0:2F:74:56:78:00
kernel: eth4: <Ext sw port: 3> <Logical : 11> PHY_ID <0x0007f00b:0x0b:On-chip GPHY> MAC:F0:2F:74:56:78:00
kernel: eth5: <Ext sw port: 7> <Logical : 15> MAC : F0:2F:74:56:78:00
kernel:     Chip Physical Port  9, Cross Bar Port 0, PHY_ID <0x06180006:0x06:On-chip SERDES >
kernel:                                              PHY_ID <0x0308001e:0x1e:External Cascaded Claus45 EXT3>
kernel: ===> Activate Deep Green Mode
kernel: dgasp: kerSysRegisterDyingGaspHandler: bcmsw registered 
kernel: Broadcom Command List Driver v1.0
kernel: Initialized Runner Host Layer
kernel: Initialized Runner Unicast Layer
kernel: Initialized Runner L2 Unicast Layer
kernel: Initialized Runner Multicast Layer
kernel: Retrieve num_fhw_path=64
kernel: ^[[0;36;44mBroadcom Packet Flow Cache HW acceleration enabled.^[[0m
kernel: Enabled Runner binding to Flow Cache
kernel: Initialized Runner Protocol Layer (800)
kernel: Broadcom Runner Blog Driver Char Driver v0.1 Registered <3009>
kernel: PCIe HCD (impl1)^M
kernel: core [2] probe^M
kernel:   bcm963xx-pcie: found port [0] GEN2 Core Rev [3.04] with 1 Lanes^M
kernel:   bcm963xx-pcie: Core [2] setting resistor calibration value to 0xa
kernel:   bcm963xx-pcie: core [2] Link UP - [1] lanes, [GEN2] speed^M
kernel:   bcm963xx-pcie: Core [2] Enabled PCIE/UBUS Error Interrupts^M
kernel:   bcm963xx-pcie: Core [2] UBUS Intr [UBUS_LINKUP]^M
kernel: pci 0000:00:00.0: of_irq_parse_pci() failed with rc=-22
kernel: ^[[1m^[[34mWifi Forwarding Driver is initialized!^[[0m
kernel: broadcomThermalDrv brcm-therm: init (CPU count 4 4 4 4)
kernel: Loading HND Module
kernel: port_generic_open 536 skip turnning on power on eth0 here
kernel: Warning: Setting MAC address of eth0 while it is ifconfig UP
kernel: igs_module_init:867: IGS 18 create network socket successful
kernel: dpsta_init: msglevel set to 0x1
kernel: NOTE: Using Port Grouping for IMP ports : [ 0 --> 4 ] [ 1, 2, 3 --> 5 ] [ 7 --> 8 ] 
kernel: eth5 (Ext switch port: 7) (Logical Port: 15) (phyId: 1e) Link UP at 2500 mbps full duplex
kernel: <=== Deactivate Deep Green Mode
kernel: DHD_FKB_POOL size is:1280 and entry size:2816
kernel: DHD_PKTTAG POOL size is:2592 and entry size:128
kernel: PCI_PROBE:  bus 1, slot 0,vendor 14E4, device AAA4(good PCI location)
kernel: dor0: runner supported ring format types TxP 0x5, RxP 0x3 TxC 0x3 RxC 0x3^M
kernel: dhd_runner_attach: Tx Offload - Enabled, Ring Size = 1024
kernel: dhd_runner_attach: Rx Offload - Enabled, Ring Size = 1024
kernel: TX wakeup info: reg = <0x82299004>, val = <0x10000000>
kernel: RX wakeup info: reg = <0x8229a004>, val = <0x28000000>
kernel: dhd_attach(): thread:dhd_watchdog_thread:278 started
kernel: Creating CPU ring for queue number 0 with 1024 packets descriptor=0xffffffbffc54b8c0
kernel:  ^[[1m^[[34m wfd_bind: Dev eth%d wfd_idx 0 wl_radio_idx 0 Type fkb configured WFD thread wfd0-thrd minQId/maxQId (8/9), status (0) qmask 0x3^[[0m
kernel: Instantiating WFD 0 thread
kernel: dor0: MSG Ring format set to 1
kernel: dhd_runner_flowmgr_init: dhd0_rnr bootmem addr<ffffffc00a600000> size<14680064>
kernel: dhd_runner_profile_init: N+M profile = 3 01:1024/0512 -1:2048/1024 -1:1024/0512 -1:0512/0512 00:0512/0512
kernel: dhd_runner_policy_init: N+M Policy = 0 1 (HW)
kernel: ^[[0;33;40mRunner DHD PCIE: vendor<0x14e4> device<0xaaa4> bus<1> slot<0>^[[0m
kernel: Initial configuration
kernel: =================================
kernel: rx_post_flow_ring_base_addr : ffffffc02ee54000
kernel: tx_post_flow_ring_base_addr : ffffffc00a5d8000
kernel: rx_complete_flow_ring_base_addr : ffffffc02ee58000
kernel: tx_complete_flow_ring_base_addr : ffffffc02ee56000
kernel: r2d_wr_arr_base_addr : ffffff80011a3000
kernel: d2r_rd_arr_base_addr : ffffff80011a3802
kernel: r2d_rd_arr_base_addr : ffffff80011a4000
kernel: d2r_wr_arr_base_addr : ffffff80011a3c02
kernel: tx_post_mgmt_arr_base_addr : ffffff80011a4800
kernel: tx_post_mgmt_arr_base_phys_addr : 0x2f361800
kernel: r2d_wr_arr_base_phys_addr : 0x2f360000
kernel: d2r_rd_arr_base_phys_addr : 0x2f360802
